$ date -R
Mon, 17 Oct 2022 08:43:40 +1100
$ git checkout master
Already on 'master'
$ git reset --hard stable
HEAD is now at 6d84c258e804 Merge tag 'devicetree-fixes-for-6.1-1' of git://git.kernel.org/pub/scm/linux/kernel/git/robh/linux
Merging origin/master (2df76606db9d Merge tag 'kbuild-fixes-v6.1' of git://git.kernel.org/pub/scm/linux/kernel/git/masahiroy/linux-kbuild)
$ git merge -m Merge branch 'master' of git://git.kernel.org/pub/scm/linux/kernel/git/torvalds/linux.git origin/master
Updating 6d84c258e804..2df76606db9d
Fast-forward (no commit created; -m option ignored)
 Documentation/admin-guide/cgroup-v2.rst            |   23 +
 Documentation/arm64/silicon-errata.rst             |    2 +
 .../interrupt-controller/sifive,plic-1.0.0.yaml    |    5 +
 Documentation/devicetree/bindings/leds/common.yaml |   39 +-
 Documentation/devicetree/bindings/riscv/cpus.yaml  |    5 +-
 .../devicetree/bindings/riscv/microchip.yaml       |   24 +-
 .../{sifive-l2-cache.yaml => sifive,ccache0.yaml}  |   28 +-
 .../devicetree/bindings/timer/sifive,clint.yaml    |   18 +-
 Documentation/riscv/index.rst                      |    1 +
 Documentation/riscv/uabi.rst                       |    6 +
 MAINTAINERS                                        |   11 +-
 Makefile                                           |    2 +
 arch/alpha/kernel/core_marvel.c                    |    2 +-
 arch/arm/mach-mmp/devices.c                        |    8 +-
 arch/arm/mach-spear/generic.h                      |    3 -
 arch/arm/mach-spear/spear3xx.c                     |    1 +
 arch/arm/mach-spear/spear6xx.c                     |    9 +-
 arch/arm64/Kconfig                                 |   17 +
 arch/arm64/include/asm/cputype.h                   |    4 +
 arch/arm64/kernel/cpu_errata.c                     |    5 +
 arch/arm64/kernel/mte.c                            |    9 +-
 arch/arm64/kernel/proton-pack.c                    |    6 +
 arch/arm64/mm/mteswap.c                            |    7 +-
 arch/arm64/tools/sysreg                            |    2 +-
 arch/loongarch/include/asm/pgtable.h               |    3 +
 arch/openrisc/kernel/dma.c                         |   16 +-
 arch/parisc/include/asm/alternative.h              |   21 +-
 arch/parisc/include/asm/pdc.h                      |    3 -
 arch/parisc/include/asm/pgtable.h                  |    7 +-
 arch/parisc/kernel/alternative.c                   |    7 +-
 arch/parisc/kernel/entry.S                         |    8 +
 arch/parisc/kernel/pdc_cons.c                      |  240 +--
 arch/parisc/kernel/setup.c                         |    6 +-
 arch/parisc/kernel/traps.c                         |   15 +-
 arch/powerpc/include/asm/syscalls.h                |   16 +
 arch/powerpc/kernel/Makefile                       |    1 +
 arch/powerpc/kernel/interrupt_64.S                 |   15 +-
 arch/powerpc/kernel/sys_ppc32.c                    |   38 +-
 arch/powerpc/kernel/syscalls/syscall.tbl           |   16 +-
 arch/powerpc/kvm/book3s_hv_uvmem.c                 |   21 +-
 arch/powerpc/platforms/pseries/Makefile            |    3 +-
 arch/powerpc/platforms/pseries/dtl.c               |  151 +-
 arch/riscv/Kconfig                                 |    1 +
 arch/riscv/Makefile                                |    2 +
 arch/riscv/boot/dts/microchip/Makefile             |    2 +
 .../boot/dts/microchip/mpfs-icicle-kit-fabric.dtsi |   43 +-
 arch/riscv/boot/dts/microchip/mpfs-icicle-kit.dts  |   18 +-
 .../boot/dts/microchip/mpfs-m100pfs-fabric.dtsi    |   45 +
 arch/riscv/boot/dts/microchip/mpfs-m100pfsevp.dts  |  179 +++
 .../boot/dts/microchip/mpfs-polarberry-fabric.dtsi |   29 +
 .../boot/dts/microchip/mpfs-sev-kit-fabric.dtsi    |   45 +
 arch/riscv/boot/dts/microchip/mpfs-sev-kit.dts     |  145 ++
 arch/riscv/boot/dts/microchip/mpfs.dtsi            |   31 +-
 arch/riscv/errata/thead/errata.c                   |   14 +-
 arch/riscv/include/asm/cacheflush.h                |    2 +
 arch/riscv/include/asm/elf.h                       |    4 +
 arch/riscv/include/asm/io.h                        |   16 +-
 arch/riscv/include/asm/mmu.h                       |    1 -
 arch/riscv/include/uapi/asm/auxvec.h               |    4 +-
 arch/riscv/kernel/cpu.c                            |   51 +
 arch/riscv/kernel/cpufeature.c                     |   39 +-
 arch/riscv/kernel/setup.c                          |    4 +-
 arch/riscv/kernel/sys_riscv.c                      |    3 -
 arch/riscv/kernel/traps.c                          |    9 +-
 arch/riscv/kernel/vdso.c                           |   13 +-
 arch/riscv/mm/fault.c                              |    3 +-
 arch/um/drivers/chan.h                             |    1 -
 arch/um/drivers/mconsole_kern.c                    |    9 +-
 arch/um/drivers/mmapper_kern.c                     |    2 +-
 arch/um/drivers/net_kern.c                         |    2 +-
 arch/um/drivers/ssl.c                              |    2 +-
 arch/um/drivers/stdio_console.c                    |    2 +-
 arch/um/drivers/ubd_kern.c                         |    2 +-
 arch/um/drivers/vector_kern.c                      |    2 +-
 arch/um/drivers/virt-pci.c                         |    4 +-
 arch/um/drivers/virtio_uml.c                       |   71 +-
 arch/um/kernel/physmem.c                           |    2 +-
 arch/um/kernel/um_arch.c                           |   14 +-
 arch/um/kernel/umid.c                              |    2 +-
 block/bio.c                                        |    2 +-
 block/blk-wbt.c                                    |    3 +-
 block/genhd.c                                      |    7 +
 drivers/block/zram/zram_drv.c                      |   26 +-
 drivers/clk/at91/clk-generated.c                   |    5 +-
 drivers/clk/at91/clk-master.c                      |    9 +-
 drivers/clk/at91/clk-peripheral.c                  |    4 +-
 drivers/clk/clk-composite.c                        |    6 +-
 drivers/clk/clk-divider.c                          |   20 +-
 drivers/clk/clk.c                                  |  286 +++-
 drivers/clk/clk_test.c                             | 1637 +++++++++++++++++++-
 drivers/clk/mediatek/clk-mux.c                     |   10 +
 drivers/clk/qcom/clk-rcg2.c                        |    9 +
 drivers/clk/qcom/gcc-msm8660.c                     |   11 -
 drivers/clk/spear/spear3xx_clock.c                 |    1 +
 drivers/clk/spear/spear6xx_clock.c                 |    1 +
 drivers/clk/tegra/clk-tegra114.c                   |    1 +
 drivers/clk/tegra/clk-tegra124.c                   |    1 +
 drivers/clk/tegra/clk-tegra20.c                    |    1 +
 drivers/clk/tegra/clk-tegra210.c                   |    1 +
 drivers/clk/tegra/clk-tegra30.c                    |    1 +
 drivers/dax/hmem/device.c                          |    4 +-
 drivers/dax/super.c                                |    6 +-
 drivers/edac/Kconfig                               |    2 +-
 drivers/edac/sifive_edac.c                         |   12 +-
 drivers/gpu/drm/amd/amdgpu/amdgpu_amdkfd.c         |    6 +-
 drivers/gpu/drm/amd/amdgpu/amdgpu_display.c        |   14 +-
 drivers/gpu/drm/amd/amdgpu/amdgpu_object.c         |    5 +-
 drivers/gpu/drm/amd/amdgpu/amdgpu_ras.c            |    8 +-
 drivers/gpu/drm/amd/amdgpu/amdgpu_sdma.c           |   29 +-
 drivers/gpu/drm/amd/amdgpu/amdgpu_sdma.h           |    2 +
 drivers/gpu/drm/amd/amdgpu/amdgpu_ttm.c            |   17 +-
 drivers/gpu/drm/amd/amdgpu/amdgpu_umc.h            |    7 +-
 drivers/gpu/drm/amd/amdgpu/cik_sdma.c              |    6 +-
 drivers/gpu/drm/amd/amdgpu/sdma_v2_4.c             |    6 +-
 drivers/gpu/drm/amd/amdgpu/sdma_v3_0.c             |    6 +-
 drivers/gpu/drm/amd/amdgpu/sdma_v4_0.c             |   29 +-
 drivers/gpu/drm/amd/amdgpu/sdma_v5_0.c             |   11 +-
 drivers/gpu/drm/amd/amdgpu/sdma_v5_2.c             |   15 +-
 drivers/gpu/drm/amd/amdgpu/sdma_v6_0.c             |   17 +-
 drivers/gpu/drm/amd/amdgpu/si_dma.c                |    5 +-
 drivers/gpu/drm/amd/amdgpu/soc21.c                 |    1 +
 drivers/gpu/drm/amd/amdgpu/umc_v6_1.c              |   10 +-
 drivers/gpu/drm/amd/amdgpu/umc_v6_7.c              |  165 +-
 drivers/gpu/drm/amd/amdgpu/umc_v8_10.c             |   78 +-
 drivers/gpu/drm/amd/amdgpu/umc_v8_7.c              |   63 +-
 drivers/gpu/drm/amd/amdkfd/kfd_migrate.c           |   19 +-
 drivers/gpu/drm/amd/amdkfd/kfd_migrate.h           |    2 +-
 drivers/gpu/drm/amd/amdkfd/kfd_mqd_manager_v11.c   |    3 +-
 drivers/gpu/drm/amd/amdkfd/kfd_svm.c               |   11 +-
 drivers/gpu/drm/amd/display/amdgpu_dm/amdgpu_dm.c  |   73 +-
 .../gpu/drm/amd/display/amdgpu_dm/amdgpu_dm_psr.c  |    8 +-
 drivers/gpu/drm/amd/display/dc/bios/bios_parser2.c |    7 -
 .../amd/display/dc/clk_mgr/dcn20/dcn20_clk_mgr.c   |    4 +-
 .../drm/amd/display/dc/clk_mgr/dcn314/dcn314_smu.c |   11 +-
 .../amd/display/dc/clk_mgr/dcn32/dcn32_clk_mgr.c   |   85 +-
 drivers/gpu/drm/amd/display/dc/core/dc.c           |  105 +-
 drivers/gpu/drm/amd/display/dc/core/dc_link.c      |   11 +-
 drivers/gpu/drm/amd/display/dc/core/dc_link_dp.c   |   70 +-
 drivers/gpu/drm/amd/display/dc/core/dc_resource.c  |   53 +-
 drivers/gpu/drm/amd/display/dc/core/dc_stream.c    |    8 +-
 drivers/gpu/drm/amd/display/dc/dc.h                |    8 +-
 drivers/gpu/drm/amd/display/dc/dc_dmub_srv.c       |  147 +-
 drivers/gpu/drm/amd/display/dc/dc_dmub_srv.h       |    1 +
 drivers/gpu/drm/amd/display/dc/dc_link.h           |    4 +
 drivers/gpu/drm/amd/display/dc/dce/dce_aux.c       |   13 +-
 drivers/gpu/drm/amd/display/dc/dcn10/dcn10_dpp.c   |    1 +
 .../drm/amd/display/dc/dcn10/dcn10_hw_sequencer.c  |  239 +--
 drivers/gpu/drm/amd/display/dc/dcn10/dcn10_optc.c  |   40 +-
 drivers/gpu/drm/amd/display/dc/dcn10/dcn10_optc.h  |    1 -
 .../gpu/drm/amd/display/dc/dcn10/dcn10_resource.c  |   66 +-
 drivers/gpu/drm/amd/display/dc/dcn20/dcn20_hubp.c  |   30 +
 drivers/gpu/drm/amd/display/dc/dcn20/dcn20_hwseq.c |   25 +-
 drivers/gpu/drm/amd/display/dc/dcn20/dcn20_optc.c  |    1 +
 .../gpu/drm/amd/display/dc/dcn21/dcn21_hubbub.c    |    8 +-
 .../gpu/drm/amd/display/dc/dcn21/dcn21_resource.c  |   13 +-
 drivers/gpu/drm/amd/display/dc/dcn30/dcn30_dpp.c   |    4 +
 drivers/gpu/drm/amd/display/dc/dcn30/dcn30_optc.c  |    3 +-
 .../gpu/drm/amd/display/dc/dcn30/dcn30_resource.c  |    4 +
 .../drm/amd/display/dc/dcn301/dcn301_resource.c    |    2 +-
 .../display/dc/dcn31/dcn31_hpo_dp_stream_encoder.c |   20 +-
 drivers/gpu/drm/amd/display/dc/dcn31/dcn31_optc.c  |    2 -
 .../gpu/drm/amd/display/dc/dcn31/dcn31_resource.c  |   15 +-
 .../display/dc/dcn314/dcn314_dio_stream_encoder.c  |    2 +-
 .../drm/amd/display/dc/dcn314/dcn314_resource.c    |   16 +-
 .../drm/amd/display/dc/dcn315/dcn315_resource.c    |   15 +-
 .../drm/amd/display/dc/dcn316/dcn316_resource.c    |   13 +-
 .../amd/display/dc/dcn32/dcn32_dio_link_encoder.c  |    7 -
 .../amd/display/dc/dcn32/dcn32_dio_link_encoder.h  |    4 -
 .../display/dc/dcn32/dcn32_dio_stream_encoder.c    |   57 +-
 .../display/dc/dcn32/dcn32_dio_stream_encoder.h    |   14 +-
 .../display/dc/dcn32/dcn32_hpo_dp_link_encoder.h   |    1 +
 .../gpu/drm/amd/display/dc/dcn32/dcn32_hubbub.c    |    1 +
 drivers/gpu/drm/amd/display/dc/dcn32/dcn32_hubp.c  |    6 +-
 drivers/gpu/drm/amd/display/dc/dcn32/dcn32_hwseq.c |   42 +-
 drivers/gpu/drm/amd/display/dc/dcn32/dcn32_optc.c  |    2 +-
 .../gpu/drm/amd/display/dc/dcn32/dcn32_resource.c  |   31 +
 .../gpu/drm/amd/display/dc/dcn32/dcn32_resource.h  |   22 +
 .../amd/display/dc/dcn32/dcn32_resource_helpers.c  |   88 ++
 .../display/dc/dcn321/dcn321_dio_link_encoder.c    |    1 -
 .../drm/amd/display/dc/dcn321/dcn321_resource.c    |    6 +-
 .../gpu/drm/amd/display/dc/dml/calcs/dcn_calcs.c   |  118 +-
 .../gpu/drm/amd/display/dc/dml/dcn31/dcn31_fpu.c   |   96 +-
 .../gpu/drm/amd/display/dc/dml/dcn31/dcn31_fpu.h   |    1 +
 .../amd/display/dc/dml/dcn31/display_mode_vba_31.c |   15 +
 .../gpu/drm/amd/display/dc/dml/dcn32/dcn32_fpu.c   |  131 +-
 .../amd/display/dc/dml/dcn32/display_mode_vba_32.c |   21 +-
 .../gpu/drm/amd/display/dc/dml/display_mode_lib.c  |    1 +
 .../gpu/drm/amd/display/dc/dml/display_mode_lib.h  |    1 +
 drivers/gpu/drm/amd/display/dc/inc/core_types.h    |    6 +-
 drivers/gpu/drm/amd/display/dc/inc/dcn_calcs.h     |   19 +-
 drivers/gpu/drm/amd/display/dc/inc/hw/clk_mgr.h    |   15 +-
 .../drm/amd/display/dc/inc/hw/cursor_reg_cache.h   |   99 ++
 drivers/gpu/drm/amd/display/dc/inc/hw/dpp.h        |    4 +
 drivers/gpu/drm/amd/display/dc/inc/hw/hubp.h       |    5 +
 .../drm/amd/display/dc/inc/hw/timing_generator.h   |    1 -
 drivers/gpu/drm/amd/display/dc/inc/resource.h      |    6 +
 .../gpu/drm/amd/display/dc/link/link_hwss_hpo_dp.c |    2 +-
 .../drm/amd/display/dc/virtual/virtual_link_hwss.c |    2 +-
 drivers/gpu/drm/amd/display/dmub/dmub_srv.h        |    1 +
 drivers/gpu/drm/amd/display/dmub/inc/dmub_cmd.h    |  140 +-
 drivers/gpu/drm/amd/display/dmub/src/dmub_dcn31.c  |    1 +
 .../drm/amd/display/modules/color/color_gamma.c    |    2 +-
 .../amd/include/asic_reg/umc/umc_8_10_0_offset.h   |    2 +
 .../amd/include/asic_reg/umc/umc_8_10_0_sh_mask.h  |    3 +
 drivers/gpu/drm/amd/pm/legacy-dpm/kv_dpm.c         |    5 +-
 .../gpu/drm/amd/pm/powerplay/hwmgr/smu7_hwmgr.c    |    2 +-
 .../gpu/drm/amd/pm/powerplay/hwmgr/vega10_hwmgr.c  |    2 +-
 drivers/gpu/drm/i915/display/g4x_hdmi.c            |    2 +-
 drivers/gpu/drm/i915/display/intel_display.c       |   18 +
 drivers/gpu/drm/i915/display/intel_fb_pin.c        |   62 +-
 drivers/gpu/drm/i915/display/intel_psr.c           |   78 +-
 drivers/gpu/drm/i915/display/skl_watermark.c       |   16 +-
 drivers/gpu/drm/i915/gem/i915_gem_context.c        |    8 +-
 drivers/gpu/drm/i915/gem/i915_gem_object.c         |   37 +-
 drivers/gpu/drm/i915/gem/i915_gem_object.h         |    4 +
 drivers/gpu/drm/i915/gem/i915_gem_object_types.h   |    3 +-
 drivers/gpu/drm/i915/gem/i915_gem_ttm.c            |    5 +-
 drivers/gpu/drm/i915/gt/intel_context.c            |    5 +-
 drivers/gpu/drm/i915/gt/intel_context.h            |    3 +-
 drivers/gpu/drm/i915/gt/intel_ggtt.c               |    8 +-
 drivers/gpu/drm/i915/gt/intel_mocs.c               |    8 +
 drivers/gpu/drm/i915/gt/uc/intel_guc_submission.c  |   26 +-
 drivers/gpu/drm/i915/i915_reg.h                    |   16 +-
 drivers/gpu/drm/nouveau/nouveau_dmem.c             |  108 +-
 drivers/i3c/master.c                               |    7 +-
 drivers/leds/leds-pca963x.c                        |   22 +-
 drivers/mtd/ubi/block.c                            |    4 +-
 drivers/mtd/ubi/build.c                            |   14 +-
 drivers/mtd/ubi/cdev.c                             |    4 +-
 drivers/mtd/ubi/eba.c                              |    2 +-
 drivers/mtd/ubi/fastmap.c                          |   10 +-
 drivers/mtd/ubi/io.c                               |    2 +-
 drivers/mtd/ubi/ubi-media.h                        |    2 +-
 drivers/mtd/ubi/ubi.h                              |    9 +-
 drivers/mtd/ubi/vmt.c                              |    4 +-
 drivers/mtd/ubi/wl.c                               |    8 +-
 drivers/nvdimm/namespace_devs.c                    |   24 +-
 drivers/nvdimm/region_devs.c                       |   10 +-
 drivers/nvdimm/security.c                          |    2 +-
 drivers/nvme/host/multipath.c                      |    1 +
 drivers/nvme/host/pci.c                            |    4 +
 drivers/nvme/host/rdma.c                           |    2 +-
 drivers/nvme/host/tcp.c                            |    2 +-
 drivers/parisc/eisa_enumerator.c                   |    8 +-
 drivers/pci/setup-bus.c                            |   62 +-
 drivers/perf/Kconfig                               |    2 +-
 drivers/perf/alibaba_uncore_drw_pmu.c              |    4 +-
 drivers/perf/riscv_pmu_sbi.c                       |    7 +-
 drivers/rtc/Kconfig                                |    1 +
 drivers/rtc/rtc-cmos.c                             |   29 +-
 drivers/rtc/rtc-ds1685.c                           |    2 +-
 drivers/rtc/rtc-gamecube.c                         |   11 +-
 drivers/rtc/rtc-isl12022.c                         |  161 +-
 drivers/rtc/rtc-jz4740.c                           |   25 +-
 drivers/rtc/rtc-mpfs.c                             |   26 +-
 drivers/rtc/rtc-mxc.c                              |   27 +-
 drivers/rtc/rtc-rv3028.c                           |    5 +-
 drivers/rtc/rtc-stmp3xxx.c                         |    2 +
 drivers/rtc/rtc-ti-k3.c                            |   56 +-
 drivers/s390/char/vmur.c                           |   37 +-
 drivers/s390/char/vmur.h                           |    2 +
 drivers/soc/sifive/Kconfig                         |    6 +-
 drivers/soc/sifive/Makefile                        |    2 +-
 drivers/soc/sifive/sifive_ccache.c                 |  255 +++
 drivers/soc/sifive/sifive_l2_cache.c               |  237 ---
 drivers/tty/serial/Kconfig                         |   15 -
 drivers/video/fbdev/stifb.c                        |    2 +-
 fs/cifs/cached_dir.c                               |  469 +++---
 fs/cifs/cached_dir.h                               |   20 +-
 fs/cifs/cifs_ioctl.h                               |    8 +
 fs/cifs/cifsfs.c                                   |    9 +-
 fs/cifs/cifsglob.h                                 |   48 +-
 fs/cifs/cifsproto.h                                |   13 +-
 fs/cifs/cifssmb.c                                  |    2 +-
 fs/cifs/connect.c                                  |   22 +-
 fs/cifs/dir.c                                      |   32 +-
 fs/cifs/file.c                                     |   45 +-
 fs/cifs/inode.c                                    |  176 ++-
 fs/cifs/ioctl.c                                    |   25 +-
 fs/cifs/link.c                                     |  107 +-
 fs/cifs/readdir.c                                  |   31 +-
 fs/cifs/sess.c                                     |   34 +-
 fs/cifs/smb1ops.c                                  |   56 +-
 fs/cifs/smb2file.c                                 |  127 +-
 fs/cifs/smb2inode.c                                |  170 +-
 fs/cifs/smb2misc.c                                 |    2 +-
 fs/cifs/smb2ops.c                                  |  149 +-
 fs/cifs/smb2pdu.c                                  |   75 +-
 fs/cifs/smb2pdu.h                                  |    3 +
 fs/cifs/smb2proto.h                                |   25 +-
 fs/ext4/verity.c                                   |    3 +-
 fs/f2fs/verity.c                                   |    3 +-
 fs/hostfs/hostfs_kern.c                            |    2 +-
 fs/ubifs/crypto.c                                  |   11 +
 fs/ubifs/dir.c                                     |   27 +-
 fs/ubifs/journal.c                                 |   28 +-
 fs/ubifs/ubifs.h                                   |    2 +-
 fs/ubifs/xattr.c                                   |    2 +-
 include/linux/blkdev.h                             |    6 +-
 include/linux/cgroup-defs.h                        |    3 +
 include/linux/cgroup.h                             |    5 -
 include/linux/clk-provider.h                       |   18 +-
 include/linux/clk.h                                |    2 +-
 include/linux/clk/at91_pmc.h                       |    6 +-
 include/linux/clk/spear.h                          |   14 +
 include/linux/cpumask.h                            |   19 +-
 include/linux/damon.h                              |    6 +
 include/linux/io_uring_types.h                     |    5 -
 include/linux/memremap.h                           |    1 +
 include/linux/migrate.h                            |   15 +
 include/linux/psi.h                                |   12 +-
 include/linux/psi_types.h                          |   31 +-
 include/linux/sched.h                              |    2 -
 include/linux/skbuff.h                             |    2 +
 include/linux/slab_def.h                           |    1 -
 include/soc/sifive/sifive_ccache.h                 |   16 +
 include/soc/sifive/sifive_l2_cache.h               |   16 -
 include/sound/hdaudio.h                            |    8 +-
 include/uapi/mtd/ubi-user.h                        |    8 +-
 io_uring/fdinfo.c                                  |    2 +-
 io_uring/io_uring.c                                |   33 +-
 io_uring/io_uring.h                                |   18 +-
 io_uring/net.c                                     |   28 +-
 io_uring/opdef.c                                   |    1 -
 io_uring/rsrc.c                                    |    1 +
 io_uring/rw.c                                      |   46 +-
 io_uring/tctx.c                                    |   42 +-
 io_uring/tctx.h                                    |    6 +-
 kernel/cgroup/cgroup.c                             |  104 +-
 kernel/sched/core.c                                |    1 +
 kernel/sched/psi.c                                 |  280 +++-
 kernel/sched/stats.h                               |    6 +
 lib/Kconfig.debug                                  |   10 +-
 lib/Kconfig.kgdb                                   |    2 +-
 lib/test_hmm.c                                     |  129 +-
 lib/test_hmm_uapi.h                                |    1 +
 lib/test_meminit.c                                 |   21 +
 mm/compaction.c                                    |    1 -
 mm/damon/core.c                                    |   26 +-
 mm/damon/vaddr.c                                   |    4 +-
 mm/highmem.c                                       |   43 +-
 mm/hugetlb.c                                       |   72 +-
 mm/kasan/kasan_test.c                              |    9 +-
 mm/memory.c                                        |   20 +-
 mm/memremap.c                                      |   30 +-
 mm/migrate.c                                       |   34 +-
 mm/migrate_device.c                                |  239 ++-
 mm/mmap.c                                          |   28 +-
 mm/mmu_gather.c                                    |   10 +
 mm/mprotect.c                                      |    2 +
 mm/page_alloc.c                                    |   12 +-
 mm/slab.c                                          |   37 +-
 net/unix/garbage.c                                 |   20 +
 scripts/Makefile.build                             |    2 +-
 scripts/Makefile.modpost                           |    2 +-
 scripts/clang-tools/run-clang-tools.py             |   11 +-
 scripts/package/mkspec                             |    2 -
 sound/core/rawmidi.c                               |    2 -
 sound/core/sound_oss.c                             |   13 +-
 sound/pci/hda/cs35l41_hda.c                        |  197 ++-
 sound/pci/hda/hda_component.h                      |    2 -
 sound/pci/hda/hda_cs_dsp_ctl.c                     |   79 +-
 sound/pci/hda/hda_cs_dsp_ctl.h                     |    2 +-
 sound/pci/hda/patch_realtek.c                      |   30 +-
 sound/usb/card.h                                   |    3 +-
 sound/usb/endpoint.c                               |   32 +-
 tools/testing/selftests/vm/hmm-tests.c             |   49 +
 tools/testing/selftests/vm/userfaultfd.c           |   22 +-
 368 files changed, 7762 insertions(+), 3804 deletions(-)
 rename Documentation/devicetree/bindings/riscv/{sifive-l2-cache.yaml => sifive,ccache0.yaml} (83%)
 create mode 100644 Documentation/riscv/uabi.rst
 create mode 100644 arch/riscv/boot/dts/microchip/mpfs-m100pfs-fabric.dtsi
 create mode 100644 arch/riscv/boot/dts/microchip/mpfs-m100pfsevp.dts
 create mode 100644 arch/riscv/boot/dts/microchip/mpfs-sev-kit-fabric.dtsi
 create mode 100644 arch/riscv/boot/dts/microchip/mpfs-sev-kit.dts
 create mode 100644 drivers/gpu/drm/amd/display/dc/inc/hw/cursor_reg_cache.h
 create mode 100644 drivers/soc/sifive/sifive_ccache.c
 delete mode 100644 drivers/soc/sifive/sifive_l2_cache.c
 create mode 100644 include/soc/sifive/sifive_ccache.h
 delete mode 100644 include/soc/sifive/sifive_l2_cache.h
Merging fixes/fixes (9c9155a3509a Merge tag 'drm-next-2022-10-14' of git://anongit.freedesktop.org/drm/drm)
$ git merge -m Merge branch 'fixes' of git://git.kernel.org/pub/scm/linux/kernel/git/sfr/next-fixes.git fixes/fixes
Already up to date.
Merging mm-hotfixes/mm-hotfixes-unstable (110dee7ecd20 mailmap: update Dan Carpenter's email address)
$ git merge -m Merge branch 'mm-hotfixes-unstable' of git://git.kernel.org/pub/scm/linux/kernel/git/akpm/mm mm-hotfixes/mm-hotfixes-unstable
Auto-merging .mailmap
Merge made by the 'ort' strategy.
 .mailmap | 1 +
 1 file changed, 1 insertion(+)
Merging kbuild-current/fixes (e2302539dd4f Merge tag 'xtensa-20221010' of https://github.com/jcmvbkbc/linux-xtensa)
$ git merge -m Merge branch 'fixes' of git://git.kernel.org/pub/scm/linux/kernel/git/masahiroy/linux-kbuild.git kbuild-current/fixes
Already up to date.
Merging arc-current/for-curr (d8a572789bbb arc: iounmap() arg is volatile)
$ git merge -m Merge branch 'for-curr' of git://git.kernel.org/pub/scm/linux/kernel/git/vgupta/arc.git arc-current/for-curr
Auto-merging arch/arc/kernel/smp.c
Merge made by the 'ort' strategy.
 arch/arc/boot/dts/axc003.dtsi        | 4 ++--
 arch/arc/boot/dts/axc003_idu.dtsi    | 4 ++--
 arch/arc/boot/dts/axs10x_mb.dtsi     | 4 ++--
 arch/arc/boot/dts/hsdk.dts           | 4 ++--
 arch/arc/boot/dts/vdk_axs10x_mb.dtsi | 2 +-
 arch/arc/include/asm/bitops.h        | 4 ++--
 arch/arc/include/asm/entry-compact.h | 2 +-
 arch/arc/include/asm/io.h            | 2 +-
 arch/arc/kernel/smp.c                | 2 +-
 arch/arc/mm/cache.c                  | 4 ++--
 arch/arc/mm/ioremap.c                | 2 +-
 11 files changed, 17 insertions(+), 17 deletions(-)
Merging arm-current/fixes (14ca1a469075 ARM: 9247/1: mm: set readonly for MT_MEMORY_RO with ARM_LPAE)
$ git merge -m Merge branch 'fixes' of git://git.armlinux.org.uk/~rmk/linux-arm.git arm-current/fixes
Already up to date.
Merging arm64-fixes/for-next/fixes (13b056696291 vmlinux.lds.h: CFI: Reduce alignment of jump-table to function alignment)
$ git merge -m Merge branch 'for-next/fixes' of git://git.kernel.org/pub/scm/linux/kernel/git/arm64/linux arm64-fixes/for-next/fixes
Already up to date.
Merging arm-soc-fixes/arm/fixes (bd60aafce5e1 ARM: mmp: Make some symbols static)
$ git merge -m Merge branch 'arm/fixes' of git://git.kernel.org/pub/scm/linux/kernel/git/soc/soc.git arm-soc-fixes/arm/fixes
Already up to date.
Merging drivers-memory-fixes/fixes (c941e6305958 dt-bindings: memory-controllers: fsl,imx8m-ddrc: drop Leonard Crestez)
$ git merge -m Merge branch 'fixes' of https://git.kernel.org/pub/scm/linux/kernel/git/krzk/linux-mem-ctrl.git drivers-memory-fixes/fixes
Auto-merging Documentation/devicetree/bindings/memory-controllers/fsl/imx8m-ddrc.yaml
Merge made by the 'ort' strategy.
Merging tee-fixes/fixes (98268f2a2a9f Merge branch 'optee_ffa_probe_fix_for_v5.18' into fixes)
$ git merge -m Merge branch 'fixes' of https://git.linaro.org/people/jens.wiklander/linux-tee.git tee-fixes/fixes
Merge made by the 'ort' strategy.
Merging m68k-current/for-linus (dc63a086daee m68k: Rework BI_VIRT_RNG_SEED as BI_RNG_SEED)
$ git merge -m Merge branch 'for-linus' of git://git.kernel.org/pub/scm/linux/kernel/git/geert/linux-m68k.git m68k-current/for-linus
Already up to date.
Merging powerpc-fixes/fixes (90d5ce82e143 powerpc/pseries: Fix CONFIG_DTL=n build)
$ git merge -m Merge branch 'fixes' of git://git.kernel.org/pub/scm/linux/kernel/git/powerpc/linux.git powerpc-fixes/fixes
Already up to date.
Merging s390-fixes/fixes (4fe89d07dcc2 Linux 6.0)
$ git merge -m Merge branch 'fixes' of git://git.kernel.org/pub/scm/linux/kernel/git/s390/linux.git s390-fixes/fixes
Already up to date.
Merging sparc/master (2d2b17d08bfc sparc: Unbreak the build)
$ git merge -m Merge branch 'master' of git://git.kernel.org/pub/scm/linux/kernel/git/davem/sparc.git sparc/master
Auto-merging arch/sparc/mm/srmmu.c
Merge made by the 'ort' strategy.
Merging fscrypt-current/for-stable (80f6e3080bfc fs-verity: fix signed integer overflow with i_size near S64_MAX)
$ git merge -m Merge branch 'for-stable' of git://git.kernel.org/pub/scm/fs/fscrypt/fscrypt.git fscrypt-current/for-stable
Already up to date.
Merging net/master (2d1f274b95c6 skmsg: pass gfp argument to alloc_sk_msg())
$ git merge -m Merge branch 'master' of git://git.kernel.org/pub/scm/linux/kernel/git/netdev/net.git net/master
Auto-merging MAINTAINERS
Merge made by the 'ort' strategy.
 .../bindings/net/nfc/samsung,s3fwrn5.yaml          |  1 -
 MAINTAINERS                                        |  5 +-
 drivers/net/dsa/qca/qca8k-8xxx.c                   | 83 ++++++++++++++--------
 drivers/net/ethernet/intel/i40e/i40e_ethtool.c     |  3 -
 drivers/net/ethernet/intel/i40e/i40e_main.c        | 16 +++--
 drivers/net/ethernet/intel/i40e/i40e_txrx.c        | 13 ++--
 drivers/net/ethernet/intel/i40e/i40e_txrx.h        |  1 -
 drivers/net/ethernet/intel/i40e/i40e_xsk.c         | 67 ++++++++++++++---
 drivers/net/ethernet/intel/i40e/i40e_xsk.h         |  2 +-
 drivers/net/ethernet/sfc/ef10.c                    | 58 +++++++--------
 drivers/net/ethernet/stmicro/stmmac/stmmac_main.c  |  1 +
 drivers/net/ethernet/sun/sunhme.c                  |  2 +-
 drivers/net/hyperv/rndis_filter.c                  |  6 +-
 drivers/net/macvlan.c                              |  2 +-
 drivers/net/phy/dp83867.c                          |  8 +++
 drivers/net/phy/phylink.c                          |  3 +
 include/linux/dsa/tag_qca.h                        |  8 +--
 include/linux/netdevice.h                          | 10 +--
 include/linux/phylink.h                            |  2 +
 net/atm/mpoa_proc.c                                |  3 +-
 net/core/skmsg.c                                   |  8 +--
 net/dsa/slave.c                                    |  2 +-
 net/smc/smc_core.c                                 |  3 +-
 net/tipc/discover.c                                |  2 +-
 net/tipc/topsrv.c                                  |  2 +-
 net/tls/tls_strp.c                                 | 32 +++++++--
 26 files changed, 224 insertions(+), 119 deletions(-)
Merging bpf/master (e7b09357453a Merge branch 'Allow bpf_user_ringbuf_drain() callbacks to return 1')
$ git merge -m Merge branch 'master' of git://git.kernel.org/pub/scm/linux/kernel/git/bpf/bpf.git bpf/master
Merge made by the 'ort' strategy.
 kernel/bpf/verifier.c                                    | 1 +
 tools/testing/selftests/bpf/progs/user_ringbuf_success.c | 4 ++--
 2 files changed, 3 insertions(+), 2 deletions(-)
Merging ipsec/master (d83f7040e184 xfrm: lwtunnel: squelch kernel warning in case XFRM encap type is not available)
$ git merge -m Merge branch 'master' of git://git.kernel.org/pub/scm/linux/kernel/git/klassert/ipsec.git ipsec/master
Merge made by the 'ort' strategy.
 net/core/lwtunnel.c | 4 +++-
 net/ipv4/ip_input.c | 5 +++++
 2 files changed, 8 insertions(+), 1 deletion(-)
Merging netfilter/master (7fb0269720d7 Merge tag 'for-net-2022-05-23' of git://git.kernel.org/pub/scm/linux/kernel/git/bluetooth/bluetooth)
$ git merge -m Merge branch 'master' of git://git.kernel.org/pub/scm/linux/kernel/git/pablo/nf.git netfilter/master
Already up to date.
Merging ipvs/master (7fb0269720d7 Merge tag 'for-net-2022-05-23' of git://git.kernel.org/pub/scm/linux/kernel/git/bluetooth/bluetooth)
$ git merge -m Merge branch 'master' of git://git.kernel.org/pub/scm/linux/kernel/git/horms/ipvs.git ipvs/master
Already up to date.
Merging wireless/for-next (e7ad651c31c5 Merge branch 'cve-fixes-2022-10-13')
$ git merge -m Merge branch 'for-next' of git://git.kernel.org/pub/scm/linux/kernel/git/wireless/wireless.git wireless/for-next
Already up to date.
Merging rdma-fixes/for-rc (521a547ced64 Linux 6.0-rc6)
$ git merge -m Merge branch 'for-rc' of git://git.kernel.org/pub/scm/linux/kernel/git/rdma/rdma.git rdma-fixes/for-rc
Already up to date.
Merging sound-current/for-linus (88672826e2a4 ALSA: hda: cs35l41: Support System Suspend)
$ git merge -m Merge branch 'for-linus' of git://git.kernel.org/pub/scm/linux/kernel/git/tiwai/sound.git sound-current/for-linus
Already up to date.
Merging sound-asoc-fixes/for-linus (d1968e740cd1 Merge remote-tracking branch 'asoc/for-6.0' into asoc-linus)
$ git merge -m Merge branch 'for-linus' of git://git.kernel.org/pub/scm/linux/kernel/git/broonie/sound.git sound-asoc-fixes/for-linus
Auto-merging sound/soc/codecs/es8316.c
Auto-merging sound/soc/codecs/mt6660.c
Auto-merging sound/soc/codecs/rt5682s.c
Auto-merging sound/soc/codecs/wcd-mbhc-v2.c
Auto-merging sound/soc/codecs/wcd9335.c
Auto-merging sound/soc/codecs/wm8962.c
Merge made by the 'ort' strategy.
 sound/soc/codecs/Kconfig   |  1 +
 sound/soc/codecs/cx2072x.h |  2 +-
 sound/soc/codecs/mt6660.c  |  8 +++----
 sound/soc/codecs/rt1019.c  | 20 +++++++++--------
 sound/soc/codecs/rt1019.h  |  6 ++++++
 sound/soc/codecs/rt5682s.c | 15 +++++++++++--
 sound/soc/codecs/rt5682s.h |  1 +
 sound/soc/codecs/wm5102.c  |  7 +++---
 sound/soc/codecs/wm5110.c  |  7 +++---
 sound/soc/codecs/wm8962.c  | 54 ++++++++++++++++++++++++++++++++++++++++++++--
 sound/soc/codecs/wm8997.c  |  7 +++---
 sound/soc/qcom/lpass-cpu.c |  8 +++++++
 sound/soc/soc-component.c  |  6 ++++--
 13 files changed, 113 insertions(+), 29 deletions(-)
Merging regmap-fixes/for-linus (80e78fcce86d Linux 6.0-rc5)
$ git merge -m Merge branch 'for-linus' of git://git.kernel.org/pub/scm/linux/kernel/git/broonie/regmap.git regmap-fixes/for-linus
Already up to date.
Merging regulator-fixes/for-linus (80e78fcce86d Linux 6.0-rc5)
$ git merge -m Merge branch 'for-linus' of git://git.kernel.org/pub/scm/linux/kernel/git/broonie/regulator.git regulator-fixes/for-linus
Already up to date.
Merging spi-fixes/for-linus (24d1be163625 Merge remote-tracking branch 'spi/for-6.0' into spi-linus)
$ git merge -m Merge branch 'for-linus' of git://git.kernel.org/pub/scm/linux/kernel/git/broonie/spi.git spi-fixes/for-linus
Auto-merging MAINTAINERS
Auto-merging drivers/spi/spi-cadence-quadspi.c
Auto-merging drivers/spi/spi.c
Auto-merging include/linux/spi/spi.h
Merge made by the 'ort' strategy.
 drivers/spi/spi-aspeed-smc.c    | 4 ++--
 drivers/spi/spi-gxp.c           | 2 +-
 drivers/spi/spi-intel.c         | 2 +-
 drivers/spi/spi-mpc52xx.c       | 2 +-
 drivers/spi/spi-tegra210-quad.c | 5 +++++
 include/linux/spi/spi-mem.h     | 2 +-
 6 files changed, 11 insertions(+), 6 deletions(-)
Merging pci-current/for-linus (5632e2beaf9d Revert "PCI: Distribute available resources for root buses, too")
$ git merge -m Merge branch 'for-linus' of git://git.kernel.org/pub/scm/linux/kernel/git/helgaas/pci.git pci-current/for-linus
Already up to date.
Merging driver-core.current/driver-core-linus (1501278bb7ba Merge tag 'slab-for-6.1-rc1-hotfix' of git://git.kernel.org/pub/scm/linux/kernel/git/vbabka/slab)
$ git merge -m Merge branch 'driver-core-linus' of git://git.kernel.org/pub/scm/linux/kernel/git/gregkh/driver-core.git driver-core.current/driver-core-linus
Already up to date.
Merging tty.current/tty-linus (1501278bb7ba Merge tag 'slab-for-6.1-rc1-hotfix' of git://git.kernel.org/pub/scm/linux/kernel/git/vbabka/slab)
$ git merge -m Merge branch 'tty-linus' of git://git.kernel.org/pub/scm/linux/kernel/git/gregkh/tty.git tty.current/tty-linus
Already up to date.
Merging usb.current/usb-linus (1501278bb7ba Merge tag 'slab-for-6.1-rc1-hotfix' of git://git.kernel.org/pub/scm/linux/kernel/git/vbabka/slab)
$ git merge -m Merge branch 'usb-linus' of git://git.kernel.org/pub/scm/linux/kernel/git/gregkh/usb.git usb.current/usb-linus
Already up to date.
Merging usb-gadget-fixes/fixes (e49d033bddf5 Linux 5.12-rc6)
$ git merge -m Merge branch 'fixes' of git://git.kernel.org/pub/scm/linux/kernel/git/balbi/usb.git usb-gadget-fixes/fixes
Already up to date.
Merging usb-serial-fixes/usb-linus (eee48781ea19 USB: serial: qcserial: add new usb-id for Dell branded EM7455)
$ git merge -m Merge branch 'usb-linus' of git://git.kernel.org/pub/scm/linux/kernel/git/johan/usb-serial.git usb-serial-fixes/usb-linus
Already up to date.
Merging phy/fixes (0a6fc70d76bd phy: marvell: phy-mvebu-a3700-comphy: Remove broken reset support)
$ git merge -m Merge branch 'fixes' of git://git.kernel.org/pub/scm/linux/kernel/git/phy/linux-phy.git phy/fixes
Already up to date.
Merging staging.current/staging-linus (1501278bb7ba Merge tag 'slab-for-6.1-rc1-hotfix' of git://git.kernel.org/pub/scm/linux/kernel/git/vbabka/slab)
$ git merge -m Merge branch 'staging-linus' of git://git.kernel.org/pub/scm/linux/kernel/git/gregkh/staging.git staging.current/staging-linus
Already up to date.
Merging iio-fixes/fixes-togreg (cf021a9aedd7 iio: temperature: ltc2983: allocate iio channels once)
$ git merge -m Merge branch 'fixes-togreg' of git://git.kernel.org/pub/scm/linux/kernel/git/jic23/iio.git iio-fixes/fixes-togreg
Auto-merging drivers/iio/light/tsl2583.c
Merge made by the 'ort' strategy.
 drivers/iio/adc/mcp3911.c         | 13 +++++++------
 drivers/iio/adc/stm32-adc.c       | 11 ++++++-----
 drivers/iio/light/tsl2583.c       |  2 +-
 drivers/iio/temperature/ltc2983.c | 13 ++++++-------
 tools/iio/iio_utils.c             |  4 ++++
 5 files changed, 24 insertions(+), 19 deletions(-)
Merging counter-current/counter-current (5273af48821a counter: ti-ecap-capture: fix IS_ERR() vs NULL check)
$ git merge -m Merge branch 'counter-current' of git://git.kernel.org/pub/scm/linux/kernel/git/wbg/counter.git counter-current/counter-current
Auto-merging MAINTAINERS
Auto-merging drivers/counter/104-quad-8.c
Auto-merging drivers/counter/ti-ecap-capture.c
CONFLICT (add/add): Merge conflict in drivers/counter/ti-ecap-capture.c
Auto-merging include/linux/counter.h
CONFLICT (content): Merge conflict in include/linux/counter.h
Resolved 'drivers/counter/ti-ecap-capture.c' using previous resolution.
Resolved 'include/linux/counter.h' using previous resolution.
Automatic merge failed; fix conflicts and then commit the result.
$ git commit --no-edit -v -a
[master 4d3d6468f58e] Merge branch 'counter-current' of git://git.kernel.org/pub/scm/linux/kernel/git/wbg/counter.git
$ git diff -M --stat --summary HEAD^..
 drivers/counter/ti-ecap-capture.c | 7 ++++---
 include/linux/counter.h           | 5 ++---
 2 files changed, 6 insertions(+), 6 deletions(-)
Merging char-misc.current/char-misc-linus (1501278bb7ba Merge tag 'slab-for-6.1-rc1-hotfix' of git://git.kernel.org/pub/scm/linux/kernel/git/vbabka/slab)
$ git merge -m Merge branch 'char-misc-linus' of git://git.kernel.org/pub/scm/linux/kernel/git/gregkh/char-misc.git char-misc.current/char-misc-linus
Already up to date.
Merging soundwire-fixes/fixes (4ef3f2aff126 soundwire: qcom: fix device status array range)
$ git merge -m Merge branch 'fixes' of git://git.kernel.org/pub/scm/linux/kernel/git/vkoul/soundwire.git soundwire-fixes/fixes
Already up to date.
Merging thunderbolt-fixes/fixes (4fe89d07dcc2 Linux 6.0)
$ git merge -m Merge branch 'fixes' of git://git.kernel.org/pub/scm/linux/kernel/git/westeri/thunderbolt.git thunderbolt-fixes/fixes
Already up to date.
Merging input-current/for-linus (ac5408991ea6 Input: synaptics - switch touchpad on HP Laptop 15-da3001TU to RMI mode)
$ git merge -m Merge branch 'for-linus' of git://git.kernel.org/pub/scm/linux/kernel/git/dtor/input.git input-current/for-linus
Merge made by the 'ort' strategy.
 drivers/input/mouse/synaptics.c | 1 +
 1 file changed, 1 insertion(+)
Merging crypto-current/master (96cb9d055445 hwrng: bcm2835 - use hwrng_msleep() instead of cpu_relax())
$ git merge -m Merge branch 'master' of git://git.kernel.org/pub/scm/linux/kernel/git/herbert/crypto-2.6.git crypto-current/master
Merge made by the 'ort' strategy.
 drivers/char/hw_random/bcm2835-rng.c | 2 +-
 1 file changed, 1 insertion(+), 1 deletion(-)
Merging vfio-fixes/for-linus (873aefb376bb vfio/type1: Unpin zero pages)
$ git merge -m Merge branch 'for-linus' of git://github.com/awilliam/linux-vfio.git vfio-fixes/for-linus
Already up to date.
Merging kselftest-fixes/fixes (bdbf0617bbc3 selftests/vm: fix inability to build any vm tests)
$ git merge -m Merge branch 'fixes' of git://git.kernel.org/pub/scm/linux/kernel/git/shuah/linux-kselftest.git kselftest-fixes/fixes
Already up to date.
Merging modules-fixes/modules-linus (77d6354bd422 module/decompress: generate sysfs string at compile time)
$ git merge -m Merge branch 'modules-linus' of git://git.kernel.org/pub/scm/linux/kernel/git/mcgrof/linux.git modules-fixes/modules-linus
Already up to date.
Merging dmaengine-fixes/fixes (ab4fff87f9db dmaengine: mxs: use platform_driver_register)
$ git merge -m Merge branch 'fixes' of git://git.kernel.org/pub/scm/linux/kernel/git/vkoul/dmaengine.git dmaengine-fixes/fixes
Merge made by the 'ort' strategy.
Merging backlight-fixes/for-backlight-fixes (a38fd8748464 Linux 5.12-rc2)
$ git merge -m Merge branch 'for-backlight-fixes' of git://git.kernel.org/pub/scm/linux/kernel/git/lee/backlight.git backlight-fixes/for-backlight-fixes
Already up to date.
Merging mtd-fixes/mtd/fixes (568035b01cfb Linux 6.0-rc1)
$ git merge -m Merge branch 'mtd/fixes' of git://git.kernel.org/pub/scm/linux/kernel/git/mtd/linux.git mtd-fixes/mtd/fixes
Already up to date.
Merging mfd-fixes/for-mfd-fixes (a61f4661fba4 mfd: intel_quark_i2c_gpio: Revert "Constify static struct resources")
$ git merge -m Merge branch 'for-mfd-fixes' of git://git.kernel.org/pub/scm/linux/kernel/git/lee/mfd.git mfd-fixes/for-mfd-fixes
Already up to date.
Merging v4l-dvb-fixes/fixes (3a99c4474112 media: rkvdec: Disable H.264 error detection)
$ git merge -m Merge branch 'fixes' of git://linuxtv.org/mchehab/media-next.git v4l-dvb-fixes/fixes
Already up to date.
Merging reset-fixes/reset/fixes (ae358d71d462 reset: npcm: fix iprst2 and iprst4 setting)
$ git merge -m Merge branch 'reset/fixes' of https://git.pengutronix.de/git/pza/linux reset-fixes/reset/fixes
Already up to date.
Merging mips-fixes/mips-fixes (e9f3f8f48800 MIPS: Loongson32: Fix PHY-mode being left unspecified)
$ git merge -m Merge branch 'mips-fixes' of git://git.kernel.org/pub/scm/linux/kernel/git/mips/linux.git mips-fixes/mips-fixes
Already up to date.
Merging at91-fixes/at91-fixes (f5fc22cbbdcd ARM: dts: lan966x: Fix the interrupt number for internal PHYs)
$ git merge -m Merge branch 'at91-fixes' of git://git.kernel.org/pub/scm/linux/kernel/git/at91/linux.git at91-fixes/at91-fixes
Already up to date.
Merging omap-fixes/fixes (2a906db2824b Merge branch 'am5748-fix' into fixes)
$ git merge -m Merge branch 'fixes' of git://git.kernel.org/pub/scm/linux/kernel/git/tmlind/linux-omap.git omap-fixes/fixes
Already up to date.
Merging kvm-fixes/master (458e98746fa8 KVM: selftests: Fix nx_huge_pages_test on TDP-disabled hosts)
$ git merge -m Merge branch 'master' of git://git.kernel.org/pub/scm/virt/kvm/kvm.git kvm-fixes/master
Already up to date.
Merging kvms390-fixes/master (189e7d876e48 KVM: s390: pci: register pci hooks without interpretation)
$ git merge -m Merge branch 'master' of git://git.kernel.org/pub/scm/linux/kernel/git/kvms390/linux.git kvms390-fixes/master
Already up to date.
Merging hwmon-fixes/hwmon (c86d9d7c9ab7 hwmon: (pwm-fan) Explicitly switch off fan power when setting pwm1_enable to 0)
$ git merge -m Merge branch 'hwmon' of git://git.kernel.org/pub/scm/linux/kernel/git/groeck/linux-staging.git hwmon-fixes/hwmon
Merge made by the 'ort' strategy.
 drivers/hwmon/corsair-psu.c | 2 +-
 drivers/hwmon/pwm-fan.c     | 5 ++++-
 2 files changed, 5 insertions(+), 2 deletions(-)
Merging nvdimm-fixes/libnvdimm-fixes (b3bbcc5d1da1 Merge branch 'for-6.0/dax' into libnvdimm-fixes)
$ git merge -m Merge branch 'libnvdimm-fixes' of git://git.kernel.org/pub/scm/linux/kernel/git/nvdimm/nvdimm.git nvdimm-fixes/libnvdimm-fixes
Already up to date.
Merging cxl-fixes/fixes (e35f5718903b cxl/mbox: Fix missing variable payload checks in cmd size validation)
$ git merge -m Merge branch 'fixes' of git://git.kernel.org/pub/scm/linux/kernel/git/cxl/cxl.git cxl-fixes/fixes
Already up to date.
Merging btrfs-fixes/next-fixes (351ff18f7481 Merge branch 'misc-6.0' into next-fixes)
$ git merge -m Merge branch 'next-fixes' of git://git.kernel.org/pub/scm/linux/kernel/git/kdave/linux.git btrfs-fixes/next-fixes
Auto-merging fs/btrfs/disk-io.c
Auto-merging fs/btrfs/inode.c
Merge made by the 'ort' strategy.
Merging vfs-fixes/fixes (4f526fef91b2 [brown paperbag] fix coredump breakage)
$ git merge -m Merge branch 'fixes' of git://git.kernel.org/pub/scm/linux/kernel/git/viro/vfs.git vfs-fixes/fixes
Already up to date.
Merging dma-mapping-fixes/for-linus (3be4562584bb dma-direct: use the correct size for dma_set_encrypted())
$ git merge -m Merge branch 'for-linus' of git://git.infradead.org/users/hch/dma-mapping.git dma-mapping-fixes/for-linus
Already up to date.
Merging i3c-fixes/i3c/fixes (fe07bfda2fb9 Linux 5.12-rc1)
$ git merge -m Merge branch 'i3c/fixes' of git://git.kernel.org/pub/scm/linux/kernel/git/i3c/linux.git i3c-fixes/i3c/fixes
Already up to date.
Merging drivers-x86-fixes/fixes (647e82dbf851 platform/x86: p2sb: Fix UAF when caller uses resource name)
$ git merge -m Merge branch 'fixes' of git://git.kernel.org/pub/scm/linux/kernel/git/pdx86/platform-drivers-x86.git drivers-x86-fixes/fixes
Already up to date.
Merging samsung-krzk-fixes/fixes (568035b01cfb Linux 6.0-rc1)
$ git merge -m Merge branch 'fixes' of git://git.kernel.org/pub/scm/linux/kernel/git/krzk/linux.git samsung-krzk-fixes/fixes
Already up to date.
Merging pinctrl-samsung-fixes/fixes (568035b01cfb Linux 6.0-rc1)
$ git merge -m Merge branch 'fixes' of git://git.kernel.org/pub/scm/linux/kernel/git/pinctrl/samsung.git pinctrl-samsung-fixes/fixes
Already up to date.
Merging devicetree-fixes/dt/linus (917c362b5f8a MAINTAINERS: of: collapse overlay entry into main device tree entry)
$ git merge -m Merge branch 'dt/linus' of git://git.kernel.org/pub/scm/linux/kernel/git/robh/linux.git devicetree-fixes/dt/linus
Already up to date.
Merging dt-krzk-fixes/fixes (568035b01cfb Linux 6.0-rc1)
$ git merge -m Merge branch 'fixes' of git://git.kernel.org/pub/scm/linux/kernel/git/krzk/linux-dt.git dt-krzk-fixes/fixes
Already up to date.
Merging scsi-fixes/fixes (e0e0747de0ea scsi: mpt3sas: Fix return value check of dma_get_required_mask())
$ git merge -m Merge branch 'fixes' of git://git.kernel.org/pub/scm/linux/kernel/git/mkp/scsi.git scsi-fixes/fixes
Already up to date.
Merging drm-fixes/drm-fixes (414208e48963 Merge tag 'amd-drm-fixes-6.0-2022-09-30-1' of https://gitlab.freedesktop.org/agd5f/linux into drm-fixes)
$ git merge -m Merge branch 'drm-fixes' of git://git.freedesktop.org/git/drm/drm.git drm-fixes/drm-fixes
Already up to date.
Merging amdgpu-fixes/drm-fixes (2c409ba81be2 drm/radeon: fix si_enable_smc_cac() failed issue)
$ git merge -m Merge branch 'drm-fixes' of git://people.freedesktop.org/~agd5f/linux amdgpu-fixes/drm-fixes
Already up to date.
Merging drm-intel-fixes/for-linux-next-fixes (7738be973fc4 drm/i915/gt: Perf_limit_reasons are only available for Gen11+)
$ git merge -m Merge branch 'for-linux-next-fixes' of git://anongit.freedesktop.org/drm-intel drm-intel-fixes/for-linux-next-fixes
Already up to date.
Merging mmc-fixes/fixes (b5c1fbc57a5e mmc: core: Fix kernel panic when remove non-standard SDIO card)
$ git merge -m Merge branch 'fixes' of git://git.kernel.org/pub/scm/linux/kernel/git/ulfh/mmc.git mmc-fixes/fixes
Merge made by the 'ort' strategy.
 drivers/mmc/core/block.c           | 44 ++++++++++++++++++++++----------------
 drivers/mmc/core/queue.c           |  7 ++++++
 drivers/mmc/core/sdio_bus.c        |  3 ++-
 drivers/mmc/host/sdhci-esdhc-imx.c | 14 ++++++------
 drivers/mmc/host/sdhci-pci-core.c  | 14 +++++++++---
 5 files changed, 54 insertions(+), 28 deletions(-)
Merging rtc-fixes/rtc-fixes (568035b01cfb Linux 6.0-rc1)
$ git merge -m Merge branch 'rtc-fixes' of git://git.kernel.org/pub/scm/linux/kernel/git/abelloni/linux.git rtc-fixes/rtc-fixes
Already up to date.
Merging gnss-fixes/gnss-linus (a111daf0c53a Linux 5.19-rc3)
$ git merge -m Merge branch 'gnss-linus' of git://git.kernel.org/pub/scm/linux/kernel/git/johan/gnss.git gnss-fixes/gnss-linus
Already up to date.
Merging hyperv-fixes/hyperv-fixes (f0880e2cb7e1 Drivers: hv: Never allocate anything besides framebuffer from framebuffer memory region)
$ git merge -m Merge branch 'hyperv-fixes' of git://git.kernel.org/pub/scm/linux/kernel/git/hyperv/linux.git hyperv-fixes/hyperv-fixes
Already up to date.
Merging soc-fsl-fixes/fix (4b0986a3613c Linux 5.18)
$ git merge -m Merge branch 'fix' of git://git.kernel.org/pub/scm/linux/kernel/git/leo/linux.git soc-fsl-fixes/fix
Already up to date.
Merging risc-v-fixes/fixes (145f88818d44 riscv: Pass -mno-relax only on lld < 15.0.0)
$ git merge -m Merge branch 'fixes' of git://git.kernel.org/pub/scm/linux/kernel/git/riscv/linux.git risc-v-fixes/fixes
Auto-merging arch/riscv/Makefile
Merge made by the 'ort' strategy.
Merging risc-v-mc-fixes/dt-fixes (0dec364ffeb6 riscv: dts: microchip: use an mpfs specific l2 compatible)
$ git merge -m Merge branch 'dt-fixes' of git://git.kernel.org/pub/scm/linux/kernel/git/conor/linux.git risc-v-mc-fixes/dt-fixes
Already up to date.
Merging pidfd-fixes/fixes (03ba0fe4d09f file: simplify logic in __close_range())
$ git merge -m Merge branch 'fixes' of git://git.kernel.org/pub/scm/linux/kernel/git/brauner/linux.git pidfd-fixes/fixes
Already up to date.
Merging fpga-fixes/fixes (568035b01cfb Linux 6.0-rc1)
$ git merge -m Merge branch 'fixes' of git://git.kernel.org/pub/scm/linux/kernel/git/fpga/linux-fpga.git fpga-fixes/fixes
Already up to date.
Merging spdx/spdx-linus (1501278bb7ba Merge tag 'slab-for-6.1-rc1-hotfix' of git://git.kernel.org/pub/scm/linux/kernel/git/vbabka/slab)
$ git merge -m Merge branch 'spdx-linus' of git://git.kernel.org/pub/scm/linux/kernel/git/gregkh/spdx.git spdx/spdx-linus
Already up to date.
Merging gpio-brgl-fixes/gpio/for-current (4fe89d07dcc2 Linux 6.0)
$ git merge -m Merge branch 'gpio/for-current' of git://git.kernel.org/pub/scm/linux/kernel/git/brgl/linux.git gpio-brgl-fixes/gpio/for-current
Already up to date.
Merging gpio-intel-fixes/fixes (568035b01cfb Linux 6.0-rc1)
$ git merge -m Merge branch 'fixes' of git://git.kernel.org/pub/scm/linux/kernel/git/andy/linux-gpio-intel.git gpio-intel-fixes/fixes
Already up to date.
Merging pinctrl-intel-fixes/fixes (568035b01cfb Linux 6.0-rc1)
$ git merge -m Merge branch 'fixes' of git://git.kernel.org/pub/scm/linux/kernel/git/pinctrl/intel.git pinctrl-intel-fixes/fixes
Already up to date.
Merging erofs-fixes/fixes (8436c4a57bd1 erofs: fix up inplace decompression success rate)
$ git merge -m Merge branch 'fixes' of git://git.kernel.org/pub/scm/linux/kernel/git/xiang/erofs.git erofs-fixes/fixes
Auto-merging fs/erofs/zdata.c
Merge made by the 'ort' strategy.
 fs/erofs/zdata.c | 17 +++++++----------
 fs/erofs/zdata.h |  6 +++---
 fs/erofs/zmap.c  | 22 ++++++++++------------
 3 files changed, 20 insertions(+), 25 deletions(-)
Merging integrity-fixes/fixes (843385694721 evm: Fix a small race in init_desc())
$ git merge -m Merge branch 'fixes' of git://git.kernel.org/pub/scm/linux/kernel/git/zohar/linux-integrity integrity-fixes/fixes
Already up to date.
Merging kunit-fixes/kunit-fixes (2a2dfc869d33 tools: Add new "test" taint to kernel-chktaint)
$ git merge -m Merge branch 'kunit-fixes' of git://git.kernel.org/pub/scm/linux/kernel/git/shuah/linux-kselftest.git kunit-fixes/kunit-fixes
Already up to date.
Merging ubifs-fixes/fixes (c3c07fc25f37 ubi: fastmap: Return error code if memory allocation fails in add_aeb())
$ git merge -m Merge branch 'fixes' of git://git.kernel.org/pub/scm/linux/kernel/git/rw/ubifs.git ubifs-fixes/fixes
Already up to date.
Merging memblock-fixes/fixes (c94afc46cae7 memblock: use kfree() to release kmalloced memblock regions)
$ git merge -m Merge branch 'fixes' of git://git.kernel.org/pub/scm/linux/kernel/git/rppt/memblock.git memblock-fixes/fixes
Already up to date.
Merging cel-fixes/for-rc (93c128e709ae nfsd: ensure we always call fh_verify_error tracepoint)
$ git merge -m Merge branch 'for-rc' of git://git.kernel.org/pub/scm/linux/kernel/git/cel/linux cel-fixes/for-rc
Merge made by the 'ort' strategy.
 fs/nfsd/nfsctl.c | 4 +++-
 fs/nfsd/nfsfh.c  | 2 +-
 2 files changed, 4 insertions(+), 2 deletions(-)
Merging irqchip-fixes/irq/irqchip-fixes (6c9f7434159b irqchip: IMX_MU_MSI should depend on ARCH_MXC)
$ git merge -m Merge branch 'irq/irqchip-fixes' of git://git.kernel.org/pub/scm/linux/kernel/git/maz/arm-platforms.git irqchip-fixes/irq/irqchip-fixes
Already up to date.
Merging renesas-fixes/fixes (ab2866f12ca1 arm64: dts: renesas: r8a779g0: Fix HSCIF0 interrupt number)
$ git merge -m Merge branch 'fixes' of git://git.kernel.org/pub/scm/linux/kernel/git/geert/renesas-devel.git renesas-fixes/fixes
Already up to date.
Merging broadcom-fixes/fixes (b6fa04765857 Merge branch 'drivers/fixes' into fixes)
$ git merge -m Merge branch 'fixes' of https://github.com/Broadcom/stblinux.git broadcom-fixes/fixes
Merge made by the 'ort' strategy.
Merging perf-current/perf/urgent (1501278bb7ba Merge tag 'slab-for-6.1-rc1-hotfix' of git://git.kernel.org/pub/scm/linux/kernel/git/vbabka/slab)
$ git merge -m Merge branch 'perf/urgent' of git://git.kernel.org/pub/scm/linux/kernel/git/acme/linux.git perf-current/perf/urgent
Already up to date.
Merging efi-fixes/urgent (1e35ced0bca1 efi: ssdt: Don't free memory if ACPI table was loaded successfully)
$ git merge -m Merge branch 'urgent' of git://git.kernel.org/pub/scm/linux/kernel/git/efi/efi.git efi-fixes/urgent
Merge made by the 'ort' strategy.
 drivers/firmware/efi/efi.c | 2 ++
 1 file changed, 2 insertions(+)
Merging zstd-fixes/zstd-linus (88a309465b3f lib: zstd: clean up double word in comment.)
$ git merge -m Merge branch 'zstd-linus' of https://github.com/terrelln/linux.git zstd-fixes/zstd-linus
Merge made by the 'ort' strategy.
 include/linux/zstd_lib.h | 4 ++--
 1 file changed, 2 insertions(+), 2 deletions(-)
Merging battery-fixes/fixes (9db5f08ca99d power: supply: ab8500: remove unused static local variable)
$ git merge -m Merge branch 'fixes' of git://git.kernel.org/pub/scm/linux/kernel/git/sre/linux-power-supply.git battery-fixes/fixes
Auto-merging drivers/power/supply/ab8500_chargalg.c
Merge made by the 'ort' strategy.
 drivers/power/supply/power_supply_core.c | 2 +-
 1 file changed, 1 insertion(+), 1 deletion(-)
Merging uml-fixes/fixes (bd71558d585a arch: um: Mark the stack non-executable to fix a binutils warning)
$ git merge -m Merge branch 'fixes' of git://git.kernel.org/pub/scm/linux/kernel/git/uml/linux.git uml-fixes/fixes
Already up to date.
Merging asahi-soc-fixes/asahi-soc/fixes (568035b01cfb Linux 6.0-rc1)
$ git merge -m Merge branch 'asahi-soc/fixes' of https://github.com/AsahiLinux/linux.git asahi-soc-fixes/asahi-soc/fixes
Already up to date.
Merging drm-misc-fixes/for-linux-next-fixes (4190e8bbcbc7 drm/vc4: hdmi: Check the HSM rate at runtime_resume)
$ git merge -m Merge branch 'for-linux-next-fixes' of git://anongit.freedesktop.org/drm/drm-misc drm-misc-fixes/for-linux-next-fixes
Auto-merging drivers/gpu/drm/vc4/vc4_drv.c
Auto-merging drivers/gpu/drm/vc4/vc4_hdmi.c
Merge made by the 'ort' strategy.
 drivers/gpu/drm/vc4/vc4_drv.c  |  1 +
 drivers/gpu/drm/vc4/vc4_hdmi.c | 29 +++++++++++++++++++++++++++++
 2 files changed, 30 insertions(+)
Merging kbuild/for-next (2df76606db9d Merge tag 'kbuild-fixes-v6.1' of git://git.kernel.org/pub/scm/linux/kernel/git/masahiroy/linux-kbuild)
$ git merge -m Merge branch 'for-next' of git://git.kernel.org/pub/scm/linux/kernel/git/masahiroy/linux-kbuild.git kbuild/for-next
Already up to date.
Merging clang-format/clang-format (781121a7f6d1 clang-format: Fix space after for_each macros)
$ git merge -m Merge branch 'clang-format' of https://github.com/ojeda/linux.git clang-format/clang-format
Already up to date.
Merging perf/perf/core (a3a365655a28 tools arch x86: Sync the msr-index.h copy with the kernel sources)
$ git merge -m Merge branch 'perf/core' of git://git.kernel.org/pub/scm/linux/kernel/git/acme/linux.git perf/perf/core
Merge made by the 'ort' strategy.
 tools/arch/x86/include/asm/msr-index.h             |  18 +
 tools/lib/perf/include/perf/event.h                |   5 +-
 tools/perf/arch/arm/util/auxtrace.c                | 116 ++++++-
 tools/perf/arch/arm/util/pmu.c                     |   3 +
 tools/perf/arch/arm64/annotate/instructions.c      |   2 +-
 tools/perf/arch/arm64/util/Build                   |   2 +-
 tools/perf/arch/arm64/util/hisi-ptt.c              | 188 ++++++++++
 tools/perf/arch/x86/util/intel-pt.c                |   2 +-
 tools/perf/builtin-list.c                          |   2 +-
 tools/perf/builtin-mem.c                           |   8 +
 tools/perf/tests/attr/base-record                  |   2 +-
 tools/perf/tests/attr/system-wide-dummy            |   2 +-
 tools/perf/tests/attr/test-record-group            |   4 +-
 tools/perf/tests/attr/test-record-group-sampling   |   6 +-
 tools/perf/tests/attr/test-record-group1           |   4 +-
 tools/perf/tests/attr/test-record-group2           |   4 +-
 tools/perf/tests/shell/stat+csv_output.sh          |  43 ++-
 tools/perf/tests/shell/stat+json_output.sh         |  43 ++-
 tools/perf/tests/shell/test_arm_coresight.sh       |   2 +-
 tools/perf/tests/shell/test_intel_pt.sh            | 385 ++++++++++++++++++++-
 tools/perf/util/Build                              |   2 +
 tools/perf/util/auxtrace.c                         |   4 +
 tools/perf/util/auxtrace.h                         |   1 +
 tools/perf/util/bpf_skel/bperf_cgroup.bpf.c        |  29 +-
 tools/perf/util/genelf.h                           |   4 +-
 tools/perf/util/hisi-ptt-decoder/Build             |   1 +
 .../util/hisi-ptt-decoder/hisi-ptt-pkt-decoder.c   | 164 +++++++++
 .../util/hisi-ptt-decoder/hisi-ptt-pkt-decoder.h   |  31 ++
 tools/perf/util/hisi-ptt.c                         | 192 ++++++++++
 tools/perf/util/hisi-ptt.h                         |  19 +
 tools/perf/util/intel-pt.c                         |   9 +-
 tools/perf/util/parse-events.c                     |   3 +
 tools/perf/util/pmu.c                              |  17 +
 tools/perf/util/pmu.h                              |   2 +
 tools/perf/util/pmu.l                              |   2 -
 tools/perf/util/pmu.y                              |  15 +-
 36 files changed, 1265 insertions(+), 71 deletions(-)
 create mode 100644 tools/perf/arch/arm64/util/hisi-ptt.c
 create mode 100644 tools/perf/util/hisi-ptt-decoder/Build
 create mode 100644 tools/perf/util/hisi-ptt-decoder/hisi-ptt-pkt-decoder.c
 create mode 100644 tools/perf/util/hisi-ptt-decoder/hisi-ptt-pkt-decoder.h
 create mode 100644 tools/perf/util/hisi-ptt.c
 create mode 100644 tools/perf/util/hisi-ptt.h
Merging compiler-attributes/compiler-attributes (7c00621dcaee compiler_types: mark __compiletime_assert failure as __noreturn)
$ git merge -m Merge branch 'compiler-attributes' of https://github.com/ojeda/linux.git compiler-attributes/compiler-attributes
Already up to date.
Merging dma-mapping/for-next (c9cb01369b92 ARM/dma-mapping: remove the dma_coherent member of struct dev_archdata)
$ git merge -m Merge branch 'for-next' of git://git.infradead.org/users/hch/dma-mapping.git dma-mapping/for-next
Already up to date.
Merging asm-generic/master (2e21c1575208 alpha: fix marvel_ioread8 build regression)
$ git merge -m Merge branch 'master' of git://git.kernel.org/pub/scm/linux/kernel/git/arnd/asm-generic.git asm-generic/master
Already up to date.
Merging arc/for-next (f2906aa86338 Linux 5.19-rc1)
$ git merge -m Merge branch 'for-next' of git://git.kernel.org/pub/scm/linux/kernel/git/vgupta/arc.git arc/for-next
Already up to date.
Merging arm/for-next (072132be9f91 Merge branches 'misc' and 'fixes' into for-next)
$ git merge -m Merge branch 'for-next' of git://git.armlinux.org.uk/~rmk/linux-arm.git arm/for-next
Auto-merging arch/arm/mm/dump.c
Merge made by the 'ort' strategy.
Merging arm64/for-next/core (0e5d5ae837c8 arm64: Add AMPERE1 to the Spectre-BHB affected list)
$ git merge -m Merge branch 'for-next/core' of git://git.kernel.org/pub/scm/linux/kernel/git/arm64/linux arm64/for-next/core
Already up to date.
Merging arm-perf/for-next/perf (aaaee7b55c9e docs: perf: Include hns3-pmu.rst in toctree to fix 'htmldocs' WARNING)
$ git merge -m Merge branch 'for-next/perf' of git://git.kernel.org/pub/scm/linux/kernel/git/will/linux.git arm-perf/for-next/perf
Already up to date.
Merging arm-soc/for-next (f43ffbd2dd3a Merge branch 'arm/fixes' into for-next)
$ git merge -m Merge branch 'for-next' of git://git.kernel.org/pub/scm/linux/kernel/git/soc/soc.git arm-soc/for-next
Auto-merging Documentation/devicetree/bindings/power/qcom,rpmpd.yaml
Auto-merging MAINTAINERS
Auto-merging MAINTAINERS
Auto-merging MAINTAINERS
Auto-merging MAINTAINERS
Auto-merging arch/arm/boot/dts/imx6qdl-kontron-samx6i.dtsi
Auto-merging arch/arm/boot/dts/imx6qdl-vicut1.dtsi
Auto-merging arch/arm/boot/dts/integratorap.dts
Auto-merging arch/arm/configs/at91_dt_defconfig
Auto-merging arch/arm/configs/sama7_defconfig
Auto-merging arch/arm64/Kconfig.platforms
Auto-merging arch/arm64/boot/dts/freescale/imx8mm-verdin.dtsi
Auto-merging arch/arm64/boot/dts/freescale/imx8mp-tqma8mpql-mba8mpxl.dts
Auto-merging arch/arm64/boot/dts/freescale/imx8mp-venice-gw74xx.dts
Auto-merging arch/arm64/boot/dts/freescale/imx8mp-verdin.dtsi
Auto-merging arch/arm64/boot/dts/freescale/imx8ulp.dtsi
Auto-merging arch/arm64/boot/dts/qcom/sc7280.dtsi
Auto-merging arch/arm64/boot/dts/qcom/sc8280xp-lenovo-thinkpad-x13s.dts
Auto-merging arch/arm64/boot/dts/qcom/sm8150.dtsi
Auto-merging arch/arm64/boot/dts/qcom/sm8350.dtsi
Auto-merging arch/arm64/boot/dts/rockchip/rk3566-quartz64-b.dts
Auto-merging arch/arm64/boot/dts/rockchip/rk3568-bpi-r2-pro.dts
Auto-merging arch/arm64/boot/dts/rockchip/rk3568-rock-3a.dts
Auto-merging arch/arm64/configs/defconfig
Auto-merging drivers/soc/bcm/brcmstb/pm/pm-arm.c
Auto-merging drivers/soc/imx/imx8m-blk-ctrl.c
Merge made by the 'ort' strategy.
 arch/arm/arm-soc-for-next-contents.txt | 184 +++++++++++++++++++++++++++++++++
 1 file changed, 184 insertions(+)
 create mode 100644 arch/arm/arm-soc-for-next-contents.txt
Merging actions/for-next (444d018d8d38 ARM: dts: owl-s500-roseapplepi: Add ATC2603C PMIC)
$ git merge -m Merge branch 'for-next' of git://git.kernel.org/pub/scm/linux/kernel/git/mani/linux-actions.git actions/for-next
Auto-merging arch/arm/boot/dts/owl-s500-roseapplepi.dts
Merge made by the 'ort' strategy.
Merging amlogic/for-next (727d51a3ed30 Merge branch 'v6.1/dt64' into for-next)
$ git merge -m Merge branch 'for-next' of git://git.kernel.org/pub/scm/linux/kernel/git/amlogic/linux.git amlogic/for-next
Merge made by the 'ort' strategy.
Merging asahi-soc/asahi-soc/for-next (e9bd9228e762 arm64: dts: apple: Add ADMAC resets on t8103/t600x)
$ git merge -m Merge branch 'asahi-soc/for-next' of https://github.com/AsahiLinux/linux.git asahi-soc/asahi-soc/for-next
Auto-merging Documentation/devicetree/bindings/arm/apple.yaml
Auto-merging Documentation/devicetree/bindings/dma/apple,admac.yaml
CONFLICT (content): Merge conflict in Documentation/devicetree/bindings/dma/apple,admac.yaml
Auto-merging arch/arm64/boot/dts/apple/t8103-j456.dts
Auto-merging arch/arm64/boot/dts/apple/t8103-j457.dts
Auto-merging arch/arm64/boot/dts/apple/t8103-jxxx.dtsi
Resolved 'Documentation/devicetree/bindings/dma/apple,admac.yaml' using previous resolution.
Automatic merge failed; fix conflicts and then commit the result.
$ git commit --no-edit -v -a
[master 65d9cd2f7db1] Merge branch 'asahi-soc/for-next' of https://github.com/AsahiLinux/linux.git
$ git diff -M --stat --summary HEAD^..
 Documentation/devicetree/bindings/arm/apple.yaml   |   14 +-
 .../devicetree/bindings/dma/apple,admac.yaml       |    3 +
 .../bindings/interrupt-controller/apple,aic2.yaml  |   29 +
 .../devicetree/bindings/iommu/apple,dart.yaml      |    4 +-
 arch/arm64/boot/dts/apple/Makefile                 |    6 +
 arch/arm64/boot/dts/apple/multi-die-cpp.h          |   22 +
 arch/arm64/boot/dts/apple/t6000-j314s.dts          |   18 +
 arch/arm64/boot/dts/apple/t6000-j316s.dts          |   18 +
 arch/arm64/boot/dts/apple/t6000.dtsi               |   18 +
 arch/arm64/boot/dts/apple/t6001-j314c.dts          |   18 +
 arch/arm64/boot/dts/apple/t6001-j316c.dts          |   18 +
 arch/arm64/boot/dts/apple/t6001-j375c.dts          |   18 +
 arch/arm64/boot/dts/apple/t6001.dtsi               |   63 +
 arch/arm64/boot/dts/apple/t6002-j375d.dts          |   50 +
 arch/arm64/boot/dts/apple/t6002.dtsi               |  175 ++
 arch/arm64/boot/dts/apple/t600x-common.dtsi        |  137 ++
 arch/arm64/boot/dts/apple/t600x-die0.dtsi          |  361 ++++
 arch/arm64/boot/dts/apple/t600x-dieX.dtsi          |  103 +
 arch/arm64/boot/dts/apple/t600x-gpio-pins.dtsi     |   45 +
 arch/arm64/boot/dts/apple/t600x-j314-j316.dtsi     |  114 ++
 arch/arm64/boot/dts/apple/t600x-j375.dtsi          |  117 ++
 arch/arm64/boot/dts/apple/t600x-nvme.dtsi          |   42 +
 arch/arm64/boot/dts/apple/t600x-pmgr.dtsi          | 2012 ++++++++++++++++++++
 arch/arm64/boot/dts/apple/t8103-j456.dts           |    2 +-
 arch/arm64/boot/dts/apple/t8103-j457.dts           |    2 +-
 arch/arm64/boot/dts/apple/t8103-jxxx.dtsi          |    4 +
 arch/arm64/boot/dts/apple/t8103-pmgr.dtsi          |    2 +-
 arch/arm64/boot/dts/apple/t8103.dtsi               |   74 +
 28 files changed, 3484 insertions(+), 5 deletions(-)
 create mode 100644 arch/arm64/boot/dts/apple/multi-die-cpp.h
 create mode 100644 arch/arm64/boot/dts/apple/t6000-j314s.dts
 create mode 100644 arch/arm64/boot/dts/apple/t6000-j316s.dts
 create mode 100644 arch/arm64/boot/dts/apple/t6000.dtsi
 create mode 100644 arch/arm64/boot/dts/apple/t6001-j314c.dts
 create mode 100644 arch/arm64/boot/dts/apple/t6001-j316c.dts
 create mode 100644 arch/arm64/boot/dts/apple/t6001-j375c.dts
 create mode 100644 arch/arm64/boot/dts/apple/t6001.dtsi
 create mode 100644 arch/arm64/boot/dts/apple/t6002-j375d.dts
 create mode 100644 arch/arm64/boot/dts/apple/t6002.dtsi
 create mode 100644 arch/arm64/boot/dts/apple/t600x-common.dtsi
 create mode 100644 arch/arm64/boot/dts/apple/t600x-die0.dtsi
 create mode 100644 arch/arm64/boot/dts/apple/t600x-dieX.dtsi
 create mode 100644 arch/arm64/boot/dts/apple/t600x-gpio-pins.dtsi
 create mode 100644 arch/arm64/boot/dts/apple/t600x-j314-j316.dtsi
 create mode 100644 arch/arm64/boot/dts/apple/t600x-j375.dtsi
 create mode 100644 arch/arm64/boot/dts/apple/t600x-nvme.dtsi
 create mode 100644 arch/arm64/boot/dts/apple/t600x-pmgr.dtsi
Merging aspeed/for-next (3617a24f4b97 ARM: dts: aspeed: ast2600-evb-a1: Add compatible)
$ git merge -m Merge branch 'for-next' of git://git.kernel.org/pub/scm/linux/kernel/git/joel/bmc.git aspeed/for-next
Auto-merging arch/arm/boot/dts/Makefile
Auto-merging arch/arm/boot/dts/aspeed-g6.dtsi
Merge made by the 'ort' strategy.
Merging at91/at91-next (a3e83ce7ece6 Merge branch 'at91-dt' into at91-next)
$ git merge -m Merge branch 'at91-next' of git://git.kernel.org/pub/scm/linux/kernel/git/at91/linux.git at91/at91-next
Merge made by the 'ort' strategy.
Merging broadcom/next (122de0c73256 Merge branch 'maintainers/next' into next)
$ git merge -m Merge branch 'next' of https://github.com/Broadcom/stblinux.git broadcom/next
Auto-merging MAINTAINERS
Auto-merging arch/arm64/boot/dts/broadcom/bcmbca/bcm4908-asus-gt-ac5300.dts
Merge made by the 'ort' strategy.
Merging drivers-memory/for-next (f3bf09c2b9c5 Merge branch 'mem-ctrl-next' into for-next)
$ git merge -m Merge branch 'for-next' of https://git.kernel.org/pub/scm/linux/kernel/git/krzk/linux-mem-ctrl.git drivers-memory/for-next
Auto-merging Documentation/devicetree/bindings/memory-controllers/mediatek,smi-common.yaml
Merge made by the 'ort' strategy.
 .../bindings/memory-controllers/st,stm32-fmc2-ebi.yaml    |  2 +-
 drivers/memory/tegra/tegra186-emc.c                       | 15 +--------------
 drivers/memory/tegra/tegra20-emc.c                        | 15 +--------------
 drivers/memory/tegra/tegra210-emc-core.c                  | 15 +--------------
 drivers/memory/tegra/tegra30-emc.c                        | 15 +--------------
 5 files changed, 5 insertions(+), 57 deletions(-)
Merging imx-mxs/for-next (26f60c42dc9d Merge branch 'imx/dt64' into for-next)
$ git merge -m Merge branch 'for-next' of git://git.kernel.org/pub/scm/linux/kernel/git/shawnguo/linux.git imx-mxs/for-next
Auto-merging arch/arm/boot/dts/imx6qdl-kontron-samx6i.dtsi
Auto-merging arch/arm/boot/dts/imx6qdl-vicut1.dtsi
Auto-merging arch/arm64/boot/dts/freescale/imx8mm-verdin.dtsi
Auto-merging arch/arm64/boot/dts/freescale/imx8mp-tqma8mpql-mba8mpxl.dts
Auto-merging arch/arm64/boot/dts/freescale/imx8mp-venice-gw74xx.dts
Auto-merging arch/arm64/boot/dts/freescale/imx8mp-verdin.dtsi
Auto-merging arch/arm64/boot/dts/freescale/imx8ulp.dtsi
Auto-merging drivers/soc/imx/imx8m-blk-ctrl.c
Merge made by the 'ort' strategy.
Merging keystone/next (cb293d3b430e Merge branch 'for_5.15/drivers-soc' into next)
$ git merge -m Merge branch 'next' of git://git.kernel.org/pub/scm/linux/kernel/git/ssantosh/linux-keystone.git keystone/next
Merge made by the 'ort' strategy.
Merging mediatek/for-next (cbb1618792e2 Merge branch 'v6.0-next/soc' into for-next)
$ git merge -m Merge branch 'for-next' of git://git.kernel.org/pub/scm/linux/kernel/git/matthias.bgg/linux.git mediatek/for-next
Merge made by the 'ort' strategy.
Merging mvebu/for-next (d5c48679d56c Merge branch 'mvebu/dt64' into mvebu/for-next)
$ git merge -m Merge branch 'for-next' of git://git.kernel.org/pub/scm/linux/kernel/git/gclement/mvebu.git mvebu/for-next
Merge made by the 'ort' strategy.
Merging omap/for-next (8efe5dea6753 Merge branch 'omap-for-v6.1/dt' into for-next)
$ git merge -m Merge branch 'for-next' of git://git.kernel.org/pub/scm/linux/kernel/git/tmlind/linux-omap.git omap/for-next
Merge made by the 'ort' strategy.
 arch/arm/mach-omap1/Kconfig        | 22 +++++++++++-----------
 arch/arm/mach-omap1/timer.c        |  2 +-
 arch/arm/mach-omap2/omap4-common.c |  1 +
 drivers/bus/ti-sysc.c              |  3 +++
 4 files changed, 16 insertions(+), 12 deletions(-)
Merging qcom/for-next (e89c75d437ca Merge branches 'arm64-defconfig-for-6.1', 'arm64-for-6.1', 'clk-for-6.1', 'defconfig-for-6.1', 'drivers-for-6.1', 'dts-for-6.1' and 'arm64-fixes-for-6.0' into for-next)
$ git merge -m Merge branch 'for-next' of git://git.kernel.org/pub/scm/linux/kernel/git/qcom/linux.git qcom/for-next
Auto-merging MAINTAINERS
Auto-merging arch/arm64/boot/dts/qcom/sc7280.dtsi
Auto-merging arch/arm64/boot/dts/qcom/sc8280xp-lenovo-thinkpad-x13s.dts
Auto-merging arch/arm64/boot/dts/qcom/sm8150.dtsi
Auto-merging arch/arm64/boot/dts/qcom/sm8350.dtsi
Merge made by the 'ort' strategy.
Merging raspberrypi/for-next (c5915b53d4c2 dt-bindings: soc: bcm: Convert brcm,bcm2835-vchiq to json-schema)
$ git merge -m Merge branch 'for-next' of git://git.kernel.org/pub/scm/linux/kernel/git/nsaenz/linux-rpi.git raspberrypi/for-next
Auto-merging arch/arm/boot/dts/bcm2711-rpi-400.dts
Merge made by the 'ort' strategy.
Merging renesas/next (a7ec6f47e9d3 Merge branches 'renesas-arm-dt-for-v6.1' and 'renesas-arm-soc-for-v6.1' into renesas-next)
$ git merge -m Merge branch 'next' of git://git.kernel.org/pub/scm/linux/kernel/git/geert/renesas-devel.git renesas/next
Merge made by the 'ort' strategy.
Merging reset/reset/next (d985db836226 reset: tps380x: Fix spelling mistake "Voltags" -> "Voltage")
$ git merge -m Merge branch 'reset/next' of https://git.pengutronix.de/git/pza/linux reset/reset/next
Already up to date.
Merging rockchip/for-next (b98506387072 Merge branch 'v6.1-clock/next' into for-next)
$ git merge -m Merge branch 'for-next' of git://git.kernel.org/pub/scm/linux/kernel/git/mmind/linux-rockchip.git rockchip/for-next
Auto-merging arch/arm64/boot/dts/rockchip/rk3566-quartz64-b.dts
Auto-merging arch/arm64/boot/dts/rockchip/rk3568-bpi-r2-pro.dts
Auto-merging arch/arm64/boot/dts/rockchip/rk3568-rock-3a.dts
Merge made by the 'ort' strategy.
Merging samsung-krzk/for-next (139b4e651563 Merge branch 'for-v6.1/late-dts-fixes' into for-next)
$ git merge -m Merge branch 'for-next' of git://git.kernel.org/pub/scm/linux/kernel/git/krzk/linux.git samsung-krzk/for-next
Auto-merging MAINTAINERS
Merge made by the 'ort' strategy.
Merging scmi/for-linux-next (4fe89d07dcc2 Linux 6.0)
$ git merge -m Merge branch 'for-linux-next' of git://git.kernel.org/pub/scm/linux/kernel/git/sudeep.holla/linux.git scmi/for-linux-next
Already up to date.
Merging stm32/stm32-next (400a100c28fe ARM: dts: stm32: argon: remove spidev node)
$ git merge -m Merge branch 'stm32-next' of git://git.kernel.org/pub/scm/linux/kernel/git/atorgue/stm32.git stm32/stm32-next
Auto-merging arch/arm/boot/dts/stm32mp131.dtsi
Merge made by the 'ort' strategy.
 arch/arm/boot/dts/stm32mp131.dtsi | 2 ++
 1 file changed, 2 insertions(+)
Merging sunxi/sunxi/for-next (1cd67985e174 Merge branch 'sunxi/drivers-for-6.1' into sunxi/for-next)
$ git merge -m Merge branch 'sunxi/for-next' of git://git.kernel.org/pub/scm/linux/kernel/git/sunxi/linux.git sunxi/sunxi/for-next
Merge made by the 'ort' strategy.
Merging tee/next (bd52407221b4 optee: Add __init/__exit annotations to module init/exit funcs)
$ git merge -m Merge branch 'next' of https://git.linaro.org/people/jens.wiklander/linux-tee.git tee/next
Merge made by the 'ort' strategy.
 drivers/tee/optee/core.c | 4 ++--
 1 file changed, 2 insertions(+), 2 deletions(-)
Merging tegra/for-next (ecbdf04a902e Merge branch for-6.1/arm64/defconfig into for-next)
$ git merge -m Merge branch 'for-next' of git://git.kernel.org/pub/scm/linux/kernel/git/tegra/linux.git tegra/for-next
Auto-merging drivers/soc/tegra/fuse/tegra-apbmisc.c
Merge made by the 'ort' strategy.
Merging ti/ti-next (0d0a0b441346 arm64: dts: ti: k3-j7200: fix main pinmux range)
$ git merge -m Merge branch 'ti-next' of git://git.kernel.org/pub/scm/linux/kernel/git/ti/linux.git ti/ti-next
Already up to date.
Merging xilinx/for-next (0413dd4d95da ARM: dts: zynq: add QSPI controller node)
$ git merge -m Merge branch 'for-next' of git://github.com/Xilinx/linux-xlnx.git xilinx/for-next
Merge made by the 'ort' strategy.
 arch/arm/boot/dts/zynq-7000.dtsi | 12 ++++++++++++
 1 file changed, 12 insertions(+)
Merging clk/clk-next (a7b78befbce2 Merge branch 'clk-rate-range' into clk-next)
$ git merge -m Merge branch 'clk-next' of git://git.kernel.org/pub/scm/linux/kernel/git/clk/linux.git clk/clk-next
Already up to date.
Merging clk-imx/for-next (67e16ac1fec4 clk: imx93: add SAI IPG clk)
$ git merge -m Merge branch 'for-next' of git://git.kernel.org/pub/scm/linux/kernel/git/abelvesa/linux.git clk-imx/for-next
Already up to date.
Merging clk-renesas/renesas-clk (e46a1a9943c0 clk: renesas: r8a779g0: Add EtherAVB clocks)
$ git merge -m Merge branch 'renesas-clk' of git://git.kernel.org/pub/scm/linux/kernel/git/geert/renesas-drivers.git clk-renesas/renesas-clk
Already up to date.
Merging clk-samsung/for-next (b35f27fe73d8 clk: samsung: exynosautov9: add cmu_peric1 clock support)
$ git merge -m Merge branch 'for-next' of git://git.kernel.org/pub/scm/linux/kernel/git/snawrocki/clk.git clk-samsung/for-next
Already up to date.
Merging csky/linux-next (493ffd6605b2 Merge tag 'ucount-rlimits-cleanups-for-v5.19' of git://git.kernel.org/pub/scm/linux/kernel/git/ebiederm/user-namespace)
$ git merge -m Merge branch 'linux-next' of git://github.com/c-sky/csky-linux.git csky/linux-next
Already up to date.
Merging loongarch/loongarch-next (2c8577f5e455 LoongArch: Update Loongson-3 default config file)
$ git merge -m Merge branch 'loongarch-next' of git://git.kernel.org/pub/scm/linux/kernel/git/chenhuacai/linux-loongson.git loongarch/loongarch-next
Already up to date.
Merging m68k/for-next (dc63a086daee m68k: Rework BI_VIRT_RNG_SEED as BI_RNG_SEED)
$ git merge -m Merge branch 'for-next' of git://git.kernel.org/pub/scm/linux/kernel/git/geert/linux-m68k.git m68k/for-next
Already up to date.
Merging m68knommu/for-next (404b7577cee2 m68k: update config files)
$ git merge -m Merge branch 'for-next' of git://git.kernel.org/pub/scm/linux/kernel/git/gerg/m68knommu.git m68knommu/for-next
Already up to date.
Merging microblaze/next (493ffd6605b2 Merge tag 'ucount-rlimits-cleanups-for-v5.19' of git://git.kernel.org/pub/scm/linux/kernel/git/ebiederm/user-namespace)
$ git merge -m Merge branch 'next' of git://git.monstr.eu/linux-2.6-microblaze.git microblaze/next
Already up to date.
Merging mips/mips-next (90c2d2eb7ab5 MIPS: pci: lantiq: switch to using gpiod API)
$ git merge -m Merge branch 'mips-next' of git://git.kernel.org/pub/scm/linux/kernel/git/mips/linux.git mips/mips-next
Already up to date.
Merging nios2/for-next (7f7bc20bc41a nios2: Don't use _end for calculating min_low_pfn)
$ git merge -m Merge branch 'for-next' of git://git.kernel.org/pub/scm/linux/kernel/git/lftan/nios2.git nios2/for-next
Already up to date.
Merging openrisc/for-next (34a0bac084e4 MAINTAINERS: git://github -> https://github.com for openrisc)
$ git merge -m Merge branch 'for-next' of git://github.com/openrisc/linux.git openrisc/for-next
Already up to date.
Merging parisc-hd/for-next (34314cd615af parisc: Fix spelling mistake "mis-match" -> "mismatch" in eisa driver)
$ git merge -m Merge branch 'for-next' of git://git.kernel.org/pub/scm/linux/kernel/git/deller/parisc-linux.git parisc-hd/for-next
Already up to date.
Merging powerpc/next (ae5b6779fa87 powerpc: Fix 85xx build)
$ git merge -m Merge branch 'next' of git://git.kernel.org/pub/scm/linux/kernel/git/powerpc/linux.git powerpc/next
Already up to date.
Merging soc-fsl/next (4b0986a3613c Linux 5.18)
$ git merge -m Merge branch 'next' of git://git.kernel.org/pub/scm/linux/kernel/git/leo/linux.git soc-fsl/next
Already up to date.
Merging risc-v/for-next (ab0c23b535f3 MAINTAINERS: add RISC-V's patchwork)
$ git merge -m Merge branch 'for-next' of git://git.kernel.org/pub/scm/linux/kernel/git/riscv/linux.git risc-v/for-next
Already up to date.
Merging risc-v-mc/dt-for-next (c210b91818e8 riscv: dts: microchip: fix fabric i2c reg size)
$ git merge -m Merge branch 'dt-for-next' of git://git.kernel.org/pub/scm/linux/kernel/git/conor/linux.git risc-v-mc/dt-for-next
Already up to date.
Merging s390/for-next (bf18140d3054 s390/vmur: generate uevent on unsolicited device end)
$ git merge -m Merge branch 'for-next' of git://git.kernel.org/pub/scm/linux/kernel/git/s390/linux.git s390/for-next
Already up to date.
Merging sh/for-next (8518e694203d sh: pgtable-3level: Fix cast to pointer from integer of different size)
$ git merge -m Merge branch 'for-next' of git://git.libc.org/linux-sh sh/for-next
Already up to date.
Merging sparc-next/master (dd0d718152e4 Merge tag 'spi-fix-v5.8-rc2' of git://git.kernel.org/pub/scm/linux/kernel/git/broonie/spi)
$ git merge -m Merge branch 'master' of git://git.kernel.org/pub/scm/linux/kernel/git/davem/sparc-next.git sparc-next/master
Already up to date.
Merging uml/next (193cb8372424 uml: Remove the initialization of statics to 0)
$ git merge -m Merge branch 'next' of git://git.kernel.org/pub/scm/linux/kernel/git/uml/linux.git uml/next
Already up to date.
Merging xtensa/xtensa-for-next (b8c4f4db2436 xtensa: update config files)
$ git merge -m Merge branch 'xtensa-for-next' of git://github.com/jcmvbkbc/linux-xtensa.git xtensa/xtensa-for-next
Auto-merging MAINTAINERS
Auto-merging arch/xtensa/configs/audio_kc705_defconfig
Auto-merging arch/xtensa/configs/cadence_csp_defconfig
Auto-merging arch/xtensa/configs/generic_kc705_defconfig
Auto-merging arch/xtensa/configs/nommu_kc705_defconfig
Auto-merging arch/xtensa/configs/smp_lx200_defconfig
Auto-merging arch/xtensa/configs/xip_kc705_defconfig
Merge made by the 'ort' strategy.
 MAINTAINERS                                 | 2 +-
 arch/xtensa/configs/audio_kc705_defconfig   | 1 -
 arch/xtensa/configs/cadence_csp_defconfig   | 4 ----
 arch/xtensa/configs/generic_kc705_defconfig | 1 -
 arch/xtensa/configs/nommu_kc705_defconfig   | 1 -
 arch/xtensa/configs/smp_lx200_defconfig     | 1 -
 arch/xtensa/configs/xip_kc705_defconfig     | 1 -
 7 files changed, 1 insertion(+), 10 deletions(-)
Merging pidfd/for-next (6a857ab5b57c Merge branch 'fs.idmapped.overlay.acl' into for-next)
$ git merge -m Merge branch 'for-next' of git://git.kernel.org/pub/scm/linux/kernel/git/brauner/linux.git pidfd/for-next
Auto-merging MAINTAINERS
Auto-merging include/linux/fs.h
Merge made by the 'ort' strategy.
Merging vfs-idmapping/for-next (2b00707e9737 Merge branch 'fs.vfsuid.fat' into for-next)
$ git merge -m Merge branch 'for-next' of git://git.kernel.org/pub/scm/linux/kernel/git/vfs/idmapping.git vfs-idmapping/for-next
Merge made by the 'ort' strategy.
Merging fscrypt/master (0e91fc1e0f5c fscrypt: work on block_devices instead of request_queues)
$ git merge -m Merge branch 'master' of git://git.kernel.org/pub/scm/fs/fscrypt/fscrypt.git fscrypt/master
Already up to date.
Merging fscache/fscache-next (0885eacdc81f Merge tag 'nfsd-5.19-1' of git://git.kernel.org/pub/scm/linux/kernel/git/cel/linux)
$ git merge -m Merge branch 'fscache-next' of git://git.kernel.org/pub/scm/linux/kernel/git/dhowells/linux-fs.git fscache/fscache-next
Already up to date.
Merging afs/afs-next (26291c54e111 Linux 5.17-rc2)
$ git merge -m Merge branch 'afs-next' of git://git.kernel.org/pub/scm/linux/kernel/git/dhowells/linux-fs.git afs/afs-next
Already up to date.
Merging btrfs/for-next (8eff8c8f8220 Merge branch 'for-next-next-v6.1-20221005' into for-next-20221005)
$ git merge -m Merge branch 'for-next' of git://git.kernel.org/pub/scm/linux/kernel/git/kdave/linux.git btrfs/for-next
Merge made by the 'ort' strategy.
Merging ceph/master (71cf0c1c4f9f ceph: remove Sage's git tree from documentation)
$ git merge -m Merge branch 'master' of git://github.com/ceph/ceph-client.git ceph/master
Already up to date.
Merging cifs/for-next (06994fd7230d smb3: interface count displayed incorrectly)
$ git merge -m Merge branch 'for-next' of git://git.samba.org/sfrench/cifs-2.6.git cifs/for-next
Merge made by the 'ort' strategy.
 fs/cifs/smb2ops.c | 1 +
 1 file changed, 1 insertion(+)
Merging configfs/for-next (84ec758fb2da configfs: fix a race in configfs_{,un}register_subsystem())
$ git merge -m Merge branch 'for-next' of git://git.infradead.org/users/hch/configfs.git configfs/for-next
Already up to date.
Merging ecryptfs/next (c1cc2db21607 ecryptfs: keystore: Fix typo 'the the' in comment)
$ git merge -m Merge branch 'next' of git://git.kernel.org/pub/scm/linux/kernel/git/tyhicks/ecryptfs.git ecryptfs/next
Merge made by the 'ort' strategy.
 fs/ecryptfs/crypto.c     | 8 ++++----
 fs/ecryptfs/keystore.c   | 2 +-
 fs/ecryptfs/read_write.c | 8 ++++----
 3 files changed, 9 insertions(+), 9 deletions(-)
Merging erofs/dev (312fe643ad11 erofs: clean up erofs_iget())
$ git merge -m Merge branch 'dev' of git://git.kernel.org/pub/scm/linux/kernel/git/xiang/erofs.git erofs/dev
Already up to date.
Merging exfat/dev (2e9ceb6728f1 exfat: fix overflow for large capacity partition)
$ git merge -m Merge branch 'dev' of git://git.kernel.org/pub/scm/linux/kernel/git/linkinjeon/exfat.git exfat/dev
Already up to date.
Merging ext3/for_next (7241677fb18d Merge quota sanity checking fixes.)
$ git merge -m Merge branch 'for_next' of git://git.kernel.org/pub/scm/linux/kernel/git/jack/linux-fs.git ext3/for_next
Merge made by the 'ort' strategy.
Merging ext4/dev (1b45cc5c7b92 ext4: fix potential out of bound read in ext4_fc_replay_scan())
$ git merge -m Merge branch 'dev' of git://git.kernel.org/pub/scm/linux/kernel/git/tytso/ext4.git ext4/dev
Already up to date.
Merging f2fs/dev (49da07006239 Merge tag 'memblock-v6.1-rc1' of git://git.kernel.org/pub/scm/linux/kernel/git/rppt/memblock)
$ git merge -m Merge branch 'dev' of git://git.kernel.org/pub/scm/linux/kernel/git/jaegeuk/f2fs.git f2fs/dev
Already up to date.
Merging fsverity/fsverity (8377e8a24bba fs-verity: use kmap_local_page() instead of kmap())
$ git merge -m Merge branch 'fsverity' of git://git.kernel.org/pub/scm/fs/fscrypt/fscrypt.git fsverity/fsverity
Already up to date.
Merging fuse/for-next (472c7791cc2b fuse: remove the unneeded result variable)
$ git merge -m Merge branch 'for-next' of git://git.kernel.org/pub/scm/linux/kernel/git/mszeredi/fuse.git fuse/for-next
Merge made by the 'ort' strategy.
 fs/fuse/acl.c             |  2 +-
 fs/fuse/cuse.c            |  5 +----
 fs/fuse/dev.c             |  7 +++----
 fs/fuse/dir.c             |  8 +++++---
 fs/fuse/fuse_i.h          |  2 +-
 fs/fuse/readdir.c         | 22 ++++++++++++----------
 include/uapi/linux/fuse.h |  9 ++++++++-
 mm/folio-compat.c         |  1 +
 8 files changed, 32 insertions(+), 24 deletions(-)
Merging gfs2/for-next (74b1b10e29b1 gfs2: Register fs after creating workqueues)
$ git merge -m Merge branch 'for-next' of git://git.kernel.org/pub/scm/linux/kernel/git/gfs2/linux-gfs2.git gfs2/for-next
Already up to date.
Merging jfs/jfs-next (e471e5942c00 fs/jfs: Remove dead code)
$ git merge -m Merge branch 'jfs-next' of git://github.com/kleikamp/linux-shaggy.git jfs/jfs-next
Already up to date.
Merging ksmbd/ksmbd-for-next (f5ba1cdaf5eb ksmbd: validate share name from share config response)
$ git merge -m Merge branch 'ksmbd-for-next' of https://github.com/smfrench/smb3-kernel.git ksmbd/ksmbd-for-next
Already up to date.
Merging nfs/linux-next (4fe89d07dcc2 Linux 6.0)
$ git merge -m Merge branch 'linux-next' of git://git.linux-nfs.org/projects/trondmy/nfs-2.6.git nfs/linux-next
Already up to date.
Merging nfs-anna/linux-next (b739a5bd9d9f NFSv4/flexfiles: Cancel I/O if the layout is recalled or revoked)
$ git merge -m Merge branch 'linux-next' of git://git.linux-nfs.org/projects/anna/linux-nfs.git nfs-anna/linux-next
Already up to date.
Merging nfsd/for-next (4fe89d07dcc2 Linux 6.0)
$ git merge -m Merge branch 'for-next' of git://git.kernel.org/pub/scm/linux/kernel/git/cel/linux nfsd/for-next
Already up to date.
Merging ntfs3/master (d45da67caeda fs/ntfs3: Use strcmp to determine attribute type)
$ git merge -m Merge branch 'master' of https://github.com/Paragon-Software-Group/linux-ntfs3.git ntfs3/master
Auto-merging fs/ntfs3/bitmap.c
Auto-merging fs/ntfs3/inode.c
Auto-merging fs/ntfs3/xattr.c
CONFLICT (content): Merge conflict in fs/ntfs3/xattr.c
Resolved 'fs/ntfs3/xattr.c' using previous resolution.
Automatic merge failed; fix conflicts and then commit the result.
$ git commit --no-edit -v -a
[master 4471d50c1fec] Merge branch 'master' of https://github.com/Paragon-Software-Group/linux-ntfs3.git
$ git diff -M --stat --summary HEAD^..
 fs/ntfs3/attrib.c   |  20 +++++++-
 fs/ntfs3/attrlist.c |   5 ++
 fs/ntfs3/bitmap.c   |   2 +-
 fs/ntfs3/frecord.c  |  17 ++++++-
 fs/ntfs3/fslog.c    |  33 ++++++++-----
 fs/ntfs3/index.c    |   8 ++-
 fs/ntfs3/inode.c    | 122 ++++++++++++++++++++++++++++++++++++++++++++-
 fs/ntfs3/namei.c    | 139 ++++++++++++++++++++++++++++++++++++++++++++++++++++
 fs/ntfs3/ntfs_fs.h  |   5 ++
 fs/ntfs3/record.c   |  14 ++++++
 fs/ntfs3/super.c    |  68 ++++++++++++++++---------
 fs/ntfs3/upcase.c   |  12 +++++
 fs/ntfs3/xattr.c    |  26 ++++------
 13 files changed, 413 insertions(+), 58 deletions(-)
Merging orangefs/for-next (2ad4b6f5e117 Orangefs: change iterate to iterate_shared)
$ git merge -m Merge branch 'for-next' of git://git.kernel.org/pub/scm/linux/kernel/git/hubcap/linux orangefs/for-next
Already up to date.
Merging overlayfs/overlayfs-next (b337e5ae0e42 ovl: Kconfig: Fix spelling mistake "undelying" -> "underlying")
$ git merge -m Merge branch 'overlayfs-next' of git://git.kernel.org/pub/scm/linux/kernel/git/mszeredi/vfs.git overlayfs/overlayfs-next
Auto-merging fs/overlayfs/file.c
Auto-merging fs/overlayfs/namei.c
Auto-merging fs/overlayfs/overlayfs.h
Auto-merging fs/overlayfs/readdir.c
Auto-merging fs/overlayfs/util.c
Merge made by the 'ort' strategy.
 fs/overlayfs/Kconfig     |  2 +-
 fs/overlayfs/dir.c       | 46 +++++++++++++++++++++++++-------------
 fs/overlayfs/export.c    |  8 +++----
 fs/overlayfs/file.c      |  2 +-
 fs/overlayfs/namei.c     | 12 +++++++---
 fs/overlayfs/overlayfs.h | 11 ++++-----
 fs/overlayfs/readdir.c   | 58 ++++++++++++++++++++++--------------------------
 fs/overlayfs/util.c      | 15 ++++++++-----
 8 files changed, 86 insertions(+), 68 deletions(-)
Merging ubifs/next (669d204469c4 ubi: fastmap: Add fastmap control support for 'UBI_IOCATT' ioctl)
$ git merge -m Merge branch 'next' of git://git.kernel.org/pub/scm/linux/kernel/git/rw/ubifs.git ubifs/next
Already up to date.
Merging v9fs/9p-next (a8e633c60447 net/9p: clarify trans_fd parse_opt failure handling)
$ git merge -m Merge branch '9p-next' of git://github.com/martinetd/linux v9fs/9p-next
Already up to date.
Merging xfs/for-next (e033f40be262 xfs: on memory failure, only shut down fs after scanning all mappings)
$ git merge -m Merge branch 'for-next' of git://git.kernel.org/pub/scm/fs/xfs/xfs-linux.git xfs/for-next
Already up to date.
Merging zonefs/for-next (6bac30bb8ff8 zonefs: Call page_address() on page acquired with GFP_KERNEL flag)
$ git merge -m Merge branch 'for-next' of git://git.kernel.org/pub/scm/linux/kernel/git/dlemoal/zonefs.git zonefs/for-next
Already up to date.
Merging iomap/iomap-for-next (adc9c2e5a723 iomap: add a tracepoint for mappings returned by map_blocks)
$ git merge -m Merge branch 'iomap-for-next' of git://git.kernel.org/pub/scm/fs/xfs/xfs-linux.git iomap/iomap-for-next
Already up to date.
Merging statx-dioalign/statx-dioalign (61a223df421f xfs: support STATX_DIOALIGN)
$ git merge -m Merge branch 'statx-dioalign' of git://git.kernel.org/pub/scm/linux/kernel/git/ebiggers/linux.git statx-dioalign/statx-dioalign
Already up to date.
Merging djw-vfs/vfs-for-next (49df34221804 fs: fix an infinite loop in iomap_fiemap)
$ git merge -m Merge branch 'vfs-for-next' of git://git.kernel.org/pub/scm/fs/xfs/xfs-linux.git djw-vfs/vfs-for-next
Already up to date.
Merging file-locks/locks-next (072e51356cd5 Merge tag 'nfs-for-5.20-2' of git://git.linux-nfs.org/projects/trondmy/linux-nfs)
$ git merge -m Merge branch 'locks-next' of git://git.kernel.org/pub/scm/linux/kernel/git/jlayton/linux.git file-locks/locks-next
Already up to date.
Merging vfs/for-next (7162984dce3b Merge branch 'work.tmpfile' into for-next)
$ git merge -m Merge branch 'for-next' of git://git.kernel.org/pub/scm/linux/kernel/git/viro/vfs.git vfs/for-next
Auto-merging Documentation/filesystems/porting.rst
CONFLICT (content): Merge conflict in Documentation/filesystems/porting.rst
Auto-merging Documentation/filesystems/porting.rst
CONFLICT (content): Merge conflict in Documentation/filesystems/porting.rst
Auto-merging drivers/dma-buf/dma-buf.c
Auto-merging fs/ecryptfs/file.c
Auto-merging fs/exec.c
Auto-merging fs/inode.c
Auto-merging fs/internal.h
Auto-merging fs/ksmbd/smb2pdu.c
Auto-merging fs/namei.c
Auto-merging fs/nfs/dir.c
Auto-merging fs/nfs/nfs42proc.c
Auto-merging fs/nfsd/vfs.c
Auto-merging fs/overlayfs/copy_up.c
CONFLICT (content): Merge conflict in fs/overlayfs/copy_up.c
Auto-merging fs/overlayfs/inode.c
Auto-merging fs/overlayfs/overlayfs.h
Auto-merging fs/overlayfs/readdir.c
Auto-merging fs/overlayfs/super.c
Auto-merging fs/overlayfs/util.c
Auto-merging include/linux/dcache.h
Auto-merging include/linux/fs.h
Auto-merging include/linux/lsm_hook_defs.h
Auto-merging include/linux/security.h
Auto-merging net/socket.c
Auto-merging security/security.c
Auto-merging security/selinux/hooks.c
Auto-merging security/smack/smack_lsm.c
Resolved 'Documentation/filesystems/porting.rst' using previous resolution.
Automatic merge failed; fix conflicts and then commit the result.
$ git commit --no-edit -v -a
[master 18a8a58bd15a] Merge branch 'for-next' of git://git.kernel.org/pub/scm/linux/kernel/git/viro/vfs.git
$ git diff -M --stat --summary HEAD^..
 fs/inode.c | 3 ---
 1 file changed, 3 deletions(-)
Merging printk/for-next (d81878e80ede Merge branch 'rework/kthreads' into for-next)
$ git merge -m Merge branch 'for-next' of git://git.kernel.org/pub/scm/linux/kernel/git/printk/linux.git printk/for-next
Auto-merging include/linux/printk.h
Auto-merging lib/vsprintf.c
Merge made by the 'ort' strategy.
Merging pci/next (0e00a3aeae25 Merge branch 'for-linus' into next)
$ git merge -m Merge branch 'next' of git://git.kernel.org/pub/scm/linux/kernel/git/helgaas/pci.git pci/next
Already up to date.
Merging pstore/for-next/pstore (f181c1af1385 pstore: Alert on backend write error)
$ git merge -m Merge branch 'for-next/pstore' of git://git.kernel.org/pub/scm/linux/kernel/git/kees/linux.git pstore/for-next/pstore
Auto-merging MAINTAINERS
Merge made by the 'ort' strategy.
 MAINTAINERS                       |  8 ++--
 drivers/firmware/efi/efi-pstore.c |  2 +-
 fs/pstore/platform.c              | 99 ++++++++++++++++++++++++++++++---------
 fs/pstore/ram.c                   | 42 +++++++++--------
 fs/pstore/ram_core.c              | 14 ++++--
 fs/pstore/ram_internal.h          | 98 ++++++++++++++++++++++++++++++++++++++
 fs/pstore/zone.c                  |  2 +-
 include/linux/pstore_ram.h        | 99 ---------------------------------------
 8 files changed, 215 insertions(+), 149 deletions(-)
 create mode 100644 fs/pstore/ram_internal.h
Merging hid/for-next (d2ca6cc9bbc5 Merge branch 'for-6.1/upstream-fixes' into for-next)
$ git merge -m Merge branch 'for-next' of git://git.kernel.org/pub/scm/linux/kernel/git/hid/hid.git hid/for-next
Merge made by the 'ort' strategy.
 drivers/hid/hid-ids.h         |  1 +
 drivers/hid/hid-magicmouse.c  |  2 +-
 drivers/hid/hid-playstation.c | 83 +++++++++++++++++++++++++++++++++++++++----
 3 files changed, 78 insertions(+), 8 deletions(-)
Merging i2c/i2c/for-next (fd66bd74afe8 i2c: aspeed: Assert NAK when slave is busy)
$ git merge -m Merge branch 'i2c/for-next' of git://git.kernel.org/pub/scm/linux/kernel/git/wsa/linux.git i2c/i2c/for-next
Already up to date.
Merging i3c/i3c/next (90f4a09a1523 i3c: master: Remove the wrong place of reattach.)
$ git merge -m Merge branch 'i3c/next' of git://git.kernel.org/pub/scm/linux/kernel/git/i3c/linux.git i3c/i3c/next
Already up to date.
Merging dmi/dmi-for-next (13a0ac816d22 firmware: dmi: Fortify entry point length checks)
$ git merge -m Merge branch 'dmi-for-next' of git://git.kernel.org/pub/scm/linux/kernel/git/jdelvare/staging.git dmi/dmi-for-next
Already up to date.
Merging hwmon-staging/hwmon-next (0cf46a653bda hwmon: (corsair-psu) add USB id of new revision of the HX1000i psu)
$ git merge -m Merge branch 'hwmon-next' of git://git.kernel.org/pub/scm/linux/kernel/git/groeck/linux-staging.git hwmon-staging/hwmon-next
Already up to date.
Merging jc_docs/docs-next (1eb303dc5fa5 Merge branch 'docs-mw' into docs-next)
$ git merge -m Merge branch 'docs-next' of git://git.lwn.net/linux.git jc_docs/docs-next
Auto-merging Documentation/admin-guide/README.rst
Auto-merging Documentation/conf.py
Merge made by the 'ort' strategy.
Merging v4l-dvb/master (fbb6c848dd89 media: destage Hantro VPU driver)
$ git merge -m Merge branch 'master' of git://linuxtv.org/media_tree.git v4l-dvb/master
Already up to date.
Merging v4l-dvb-next/master (d67614f276c1 Merge fixes into media_stage)
$ git merge -m Merge branch 'master' of git://linuxtv.org/mchehab/media-next.git v4l-dvb-next/master
Auto-merging MAINTAINERS
Auto-merging drivers/media/i2c/ar0521.c
Auto-merging drivers/media/i2c/ir-kbd-i2c.c
Auto-merging drivers/media/i2c/isl7998x.c
Auto-merging drivers/media/i2c/mt9v111.c
Auto-merging drivers/media/i2c/ov5640.c
Auto-merging drivers/media/i2c/ov8865.c
Auto-merging drivers/media/platform/mediatek/vcodec/mtk_vcodec_enc_drv.c
CONFLICT (content): Merge conflict in drivers/media/platform/mediatek/vcodec/mtk_vcodec_enc_drv.c
Auto-merging drivers/media/radio/si4713/si4713.c
Auto-merging drivers/media/rc/mceusb.c
Auto-merging drivers/media/usb/uvc/uvc_driver.c
Auto-merging drivers/media/v4l2-core/v4l2-ioctl.c
Auto-merging drivers/staging/media/atomisp/i2c/atomisp-ov2680.c
Auto-merging include/media/v4l2-common.h
Merge made by the 'ort' strategy.
 .../bindings/media/i2c/dongwoon,dw9714.txt         |   9 -
 .../bindings/media/i2c/dongwoon,dw9714.yaml        |  47 ++
 Documentation/driver-api/media/mc-core.rst         |  19 +-
 .../userspace-api/media/cec.h.rst.exceptions       |   2 +
 .../media/v4l/libv4l-introduction.rst              |   4 +-
 MAINTAINERS                                        |   5 +-
 drivers/media/Kconfig                              |   2 +-
 drivers/media/cec/core/cec-adap.c                  |   1 +
 drivers/media/cec/platform/cros-ec/cros-ec-cec.c   |   4 +
 drivers/media/cec/platform/s5p/s5p_cec.c           |   2 +
 drivers/media/dvb-frontends/drxk_hard.c            |   2 +-
 drivers/media/i2c/ar0521.c                         |  11 +-
 drivers/media/i2c/ir-kbd-i2c.c                     |  47 ++
 drivers/media/i2c/isl7998x.c                       |   2 +-
 drivers/media/i2c/mt9v111.c                        |   2 +-
 drivers/media/i2c/ov5640.c                         | 123 ++--
 drivers/media/i2c/ov8865.c                         |  10 +-
 drivers/media/mc/mc-device.c                       |  13 +-
 drivers/media/mc/mc-entity.c                       | 648 +++++++++++++----
 drivers/media/pci/cx18/cx18-av-core.c              |   4 +-
 drivers/media/pci/cx88/cx88-input.c                |   2 +-
 drivers/media/pci/cx88/cx88-video.c                |   1 +
 drivers/media/pci/intel/ipu3/ipu3-cio2-main.c      |   6 +-
 drivers/media/platform/amphion/vpu_v4l2.c          |  11 +-
 drivers/media/platform/chips-media/coda-jpeg.c     |  13 +-
 .../media/platform/mediatek/mdp3/mtk-mdp3-cmdq.c   |   2 +-
 .../media/platform/mediatek/mdp3/mtk-mdp3-comp.c   |   7 +-
 .../media/platform/mediatek/mdp3/mtk-mdp3-core.c   |   3 +-
 .../media/platform/mediatek/mdp3/mtk-mdp3-vpu.c    |   3 +-
 drivers/media/platform/nxp/dw100/dw100.c           |   4 +-
 drivers/media/platform/qcom/camss/camss-video.c    |   6 +-
 drivers/media/platform/qcom/venus/helpers.c        |  13 +-
 drivers/media/platform/qcom/venus/hfi.c            |   5 +-
 drivers/media/platform/qcom/venus/vdec.c           |   2 +
 drivers/media/platform/qcom/venus/venc.c           |  29 +-
 drivers/media/platform/qcom/venus/venc_ctrls.c     |  38 +-
 .../media/platform/renesas/rcar-vin/rcar-core.c    |   5 +-
 drivers/media/platform/renesas/rcar-vin/rcar-dma.c |  18 +-
 drivers/media/platform/renesas/vsp1/vsp1_video.c   |   6 +-
 .../platform/rockchip/rkisp1/rkisp1-capture.c      |  21 +-
 .../media/platform/rockchip/rkisp1/rkisp1-common.h |  30 +-
 .../media/platform/rockchip/rkisp1/rkisp1-isp.c    | 144 +++-
 .../media/platform/rockchip/rkisp1/rkisp1-params.c | 531 ++++++++------
 .../media/platform/rockchip/rkisp1/rkisp1-regs.h   |  47 +-
 .../platform/rockchip/rkisp1/rkisp1-resizer.c      |  45 +-
 .../platform/samsung/exynos4-is/fimc-capture.c     |   9 +-
 .../platform/samsung/exynos4-is/fimc-isp-video.c   |   9 +-
 .../media/platform/samsung/exynos4-is/fimc-lite.c  |   9 +-
 .../platform/samsung/s3c-camif/camif-capture.c     |   6 +-
 drivers/media/platform/st/stm32/stm32-dcmi.c       |   6 +-
 drivers/media/platform/sunxi/sun4i-csi/Kconfig     |   2 +-
 drivers/media/platform/sunxi/sun4i-csi/sun4i_dma.c |   6 +-
 drivers/media/platform/sunxi/sun6i-csi/Kconfig     |  12 +-
 drivers/media/platform/sunxi/sun6i-csi/sun6i_csi.c | 592 +++++++++-------
 drivers/media/platform/sunxi/sun6i-csi/sun6i_csi.h |  64 +-
 .../media/platform/sunxi/sun6i-csi/sun6i_video.c   | 592 ++++++++--------
 .../media/platform/sunxi/sun6i-csi/sun6i_video.h   |  23 +-
 .../media/platform/sunxi/sun6i-mipi-csi2/Kconfig   |   4 +-
 .../sunxi/sun6i-mipi-csi2/sun6i_mipi_csi2.c        |  20 +-
 .../platform/sunxi/sun8i-a83t-mipi-csi2/Kconfig    |   2 +-
 .../sun8i-a83t-mipi-csi2/sun8i_a83t_mipi_csi2.c    |  23 +-
 drivers/media/platform/sunxi/sun8i-di/Kconfig      |   2 +-
 drivers/media/platform/sunxi/sun8i-rotate/Kconfig  |   2 +-
 drivers/media/platform/ti/cal/cal-video.c          |   6 +-
 drivers/media/platform/ti/cal/cal.h                |   1 -
 drivers/media/platform/ti/omap3isp/isp.c           |   4 +-
 drivers/media/platform/ti/omap3isp/ispvideo.c      |   9 +-
 drivers/media/platform/ti/omap3isp/ispvideo.h      |  11 +-
 drivers/media/platform/verisilicon/hantro_drv.c    |  14 +-
 .../platform/verisilicon/hantro_g2_hevc_dec.c      |   4 +-
 drivers/media/platform/verisilicon/hantro_hevc.c   |   4 +-
 .../media/platform/verisilicon/hantro_postproc.c   |   7 +-
 drivers/media/platform/verisilicon/imx8m_vpu_hw.c  |  27 +
 drivers/media/platform/xilinx/xilinx-dma.c         |  11 +-
 drivers/media/platform/xilinx/xilinx-dma.h         |   9 +-
 drivers/media/radio/radio-si476x.c                 |   5 +-
 drivers/media/radio/si4713/si4713.c                |   2 +-
 drivers/media/rc/imon.c                            |   4 +-
 drivers/media/rc/mceusb.c                          |   2 +-
 drivers/media/test-drivers/vimc/vimc-capture.c     |   7 +-
 drivers/media/tuners/xc4000.c                      |   4 +-
 drivers/media/usb/au0828/au0828-core.c             |   8 +-
 drivers/media/usb/dvb-usb-v2/af9035.c              |   2 +-
 drivers/media/usb/msi2500/msi2500.c                |   2 +-
 drivers/media/v4l2-core/v4l2-ctrls-api.c           |   8 +-
 drivers/media/v4l2-core/v4l2-ctrls-core.c          |  19 +-
 drivers/media/v4l2-core/v4l2-dev.c                 |  72 ++
 drivers/staging/media/atomisp/Makefile             |   1 -
 drivers/staging/media/atomisp/i2c/atomisp-ov2680.c |  19 +-
 drivers/staging/media/atomisp/include/hmm/hmm_bo.h |   6 -
 .../staging/media/atomisp/include/linux/atomisp.h  |  14 -
 .../atomisp/include/linux/atomisp_gmin_platform.h  |   2 -
 .../media/atomisp/include/linux/atomisp_platform.h |  18 -
 drivers/staging/media/atomisp/notes.txt            |  19 +
 drivers/staging/media/atomisp/pci/atomisp_cmd.c    | 715 ++-----------------
 drivers/staging/media/atomisp/pci/atomisp_cmd.h    |  11 +-
 drivers/staging/media/atomisp/pci/atomisp_compat.h |  10 -
 .../media/atomisp/pci/atomisp_compat_css20.c       | 100 +--
 drivers/staging/media/atomisp/pci/atomisp_file.c   | 229 ------
 drivers/staging/media/atomisp/pci/atomisp_file.h   |  44 --
 drivers/staging/media/atomisp/pci/atomisp_fops.c   | 274 ++------
 .../media/atomisp/pci/atomisp_gmin_platform.c      |  94 ++-
 .../staging/media/atomisp/pci/atomisp_internal.h   |  55 +-
 drivers/staging/media/atomisp/pci/atomisp_ioctl.c  | 776 ++++-----------------
 drivers/staging/media/atomisp/pci/atomisp_ioctl.h  |  14 +-
 drivers/staging/media/atomisp/pci/atomisp_subdev.c | 133 +---
 drivers/staging/media/atomisp/pci/atomisp_subdev.h |  71 +-
 drivers/staging/media/atomisp/pci/atomisp_v4l2.c   | 164 +----
 drivers/staging/media/atomisp/pci/atomisp_v4l2.h   |   3 -
 drivers/staging/media/atomisp/pci/hmm/hmm_bo.c     | 198 +-----
 drivers/staging/media/atomisp/pci/sh_css_params.c  |   4 +-
 drivers/staging/media/imx/imx-media-utils.c        |   8 +-
 drivers/staging/media/imx/imx7-media-csi.c         |   6 +-
 .../staging/media/ipu3/include/uapi/intel-ipu3.h   |   7 +-
 drivers/staging/media/ipu3/ipu3-v4l2.c             |  37 +-
 drivers/staging/media/meson/vdec/vdec.c            |   2 +
 drivers/staging/media/omap4iss/iss.c               |   4 +-
 drivers/staging/media/omap4iss/iss_video.c         |   9 +-
 drivers/staging/media/omap4iss/iss_video.h         |  11 +-
 drivers/staging/media/sunxi/cedrus/Kconfig         |   1 +
 drivers/staging/media/tegra-video/tegra210.c       |   6 +-
 include/media/i2c/ir-kbd-i2c.h                     |   1 +
 include/media/media-device.h                       |  15 -
 include/media/media-entity.h                       | 169 ++++-
 include/media/v4l2-common.h                        |   3 +-
 include/media/v4l2-ctrls.h                         |  28 +-
 include/media/v4l2-dev.h                           | 102 +++
 include/media/v4l2-fwnode.h                        |   4 -
 include/media/v4l2-subdev.h                        |  12 +-
 include/uapi/linux/cec-funcs.h                     |  14 +
 include/uapi/linux/cec.h                           |   2 +
 include/uapi/linux/rkisp1-config.h                 |  77 +-
 132 files changed, 3193 insertions(+), 3873 deletions(-)
 delete mode 100644 Documentation/devicetree/bindings/media/i2c/dongwoon,dw9714.txt
 create mode 100644 Documentation/devicetree/bindings/media/i2c/dongwoon,dw9714.yaml
 delete mode 100644 drivers/staging/media/atomisp/pci/atomisp_file.c
 delete mode 100644 drivers/staging/media/atomisp/pci/atomisp_file.h
Merging pm/linux-next (24c50c7db88e Merge branches 'acpi-docs', 'acpi-apei', 'acpi-extlog' and 'acpi-resource' into linux-next)
$ git merge -m Merge branch 'linux-next' of git://git.kernel.org/pub/scm/linux/kernel/git/rafael/linux-pm.git pm/linux-next
Merge made by the 'ort' strategy.
 Documentation/admin-guide/acpi/index.rst |  1 -
 drivers/acpi/acpi_extlog.c               | 33 ++++++++++++---------
 drivers/acpi/apei/ghes.c                 |  2 +-
 drivers/acpi/resource.c                  | 49 +++++++++++++++++++++-----------
 include/acpi/ghes.h                      |  2 +-
 5 files changed, 55 insertions(+), 32 deletions(-)
Merging cpufreq-arm/cpufreq/arm/linux-next (c4c0efb06f17 cpufreq: qcom-cpufreq-hw: Add cpufreq qos for LMh)
$ git merge -m Merge branch 'cpufreq/arm/linux-next' of git://git.kernel.org/pub/scm/linux/kernel/git/vireshk/pm.git cpufreq-arm/cpufreq/arm/linux-next
Already up to date.
Merging cpupower/cpupower (568035b01cfb Linux 6.0-rc1)
$ git merge -m Merge branch 'cpupower' of git://git.kernel.org/pub/scm/linux/kernel/git/shuah/linux.git cpupower/cpupower
Already up to date.
Merging devfreq/devfreq-next (fb2ac84f8acc PM / devfreq: rockchip-dfi: Fix an error message)
$ git merge -m Merge branch 'devfreq-next' of git://git.kernel.org/pub/scm/linux/kernel/git/chanwoo/linux.git devfreq/devfreq-next
Already up to date.
Merging opp/opp/linux-next (c7e31e36d8a2 dt-bindings: opp: Add missing (unevaluated|additional)Properties on child nodes)
$ git merge -m Merge branch 'opp/linux-next' of git://git.kernel.org/pub/scm/linux/kernel/git/vireshk/pm.git opp/opp/linux-next
Already up to date.
Merging thermal/thermal/linux-next (5922e45b3cc2 thermal/drivers/intel: Use generic thermal_zone_get_trip() function)
$ git merge -m Merge branch 'thermal/linux-next' of git://git.kernel.org/pub/scm/linux/kernel/git/thermal/linux.git thermal/thermal/linux-next
Auto-merging drivers/platform/x86/acerhdf.c
Auto-merging drivers/thermal/thermal_netlink.c
Merge made by the 'ort' strategy.
 drivers/net/ethernet/chelsio/cxgb4/cxgb4.h         |   2 -
 drivers/net/ethernet/chelsio/cxgb4/cxgb4_thermal.c |  39 +----
 drivers/platform/x86/acerhdf.c                     |  73 ++++------
 drivers/thermal/armada_thermal.c                   |  37 ++---
 drivers/thermal/broadcom/bcm2835_thermal.c         |   8 +-
 drivers/thermal/da9062-thermal.c                   |  52 ++-----
 drivers/thermal/gov_bang_bang.c                    |  37 +++--
 drivers/thermal/gov_fair_share.c                   |  18 +--
 drivers/thermal/gov_power_allocator.c              |  51 +++----
 drivers/thermal/gov_step_wise.c                    |  22 ++-
 drivers/thermal/hisi_thermal.c                     |  11 +-
 drivers/thermal/imx_thermal.c                      |  72 ++++------
 .../intel/int340x_thermal/int340x_thermal_zone.c   |  33 ++---
 .../intel/int340x_thermal/int340x_thermal_zone.h   |   4 +-
 .../int340x_thermal/processor_thermal_device.c     |  10 +-
 drivers/thermal/intel/x86_pkg_temp_thermal.c       | 120 +++++++++-------
 drivers/thermal/qcom/qcom-spmi-temp-alarm.c        |  39 +++--
 drivers/thermal/rcar_gen3_thermal.c                |   2 +-
 drivers/thermal/rcar_thermal.c                     |  53 +------
 drivers/thermal/samsung/exynos_tmu.c               |  57 ++++----
 drivers/thermal/st/st_thermal.c                    |  47 +-----
 drivers/thermal/tegra/soctherm.c                   |  33 ++---
 drivers/thermal/tegra/tegra30-tsensor.c            |  17 ++-
 drivers/thermal/thermal_core.c                     | 160 ++++++++++++++++++---
 drivers/thermal/thermal_core.h                     |  24 +---
 drivers/thermal/thermal_helpers.c                  |  28 ++--
 drivers/thermal/thermal_netlink.c                  |  19 ++-
 drivers/thermal/thermal_of.c                       | 116 ---------------
 drivers/thermal/thermal_sysfs.c                    | 133 ++++++-----------
 drivers/thermal/ti-soc-thermal/ti-thermal.h        |  15 --
 drivers/thermal/uniphier_thermal.c                 |  27 ++--
 include/linux/thermal.h                            |  10 ++
 32 files changed, 555 insertions(+), 814 deletions(-)
Merging ieee1394/for-next (54b3bd99f094 firewire: nosy: switch from 'pci_' to 'dma_' API)
$ git merge -m Merge branch 'for-next' of git://git.kernel.org/pub/scm/linux/kernel/git/ieee1394/linux1394.git ieee1394/for-next
Already up to date.
Merging dlm/next (3b7610302a75 fs: dlm: fix possible use after free if tracing)
$ git merge -m Merge branch 'next' of git://git.kernel.org/pub/scm/linux/kernel/git/teigland/linux-dlm.git dlm/next
Already up to date.
Merging rdma/for-next (33331a728c83 Merge tag 'v6.0' into rdma.git for-next)
$ git merge -m Merge branch 'for-next' of git://git.kernel.org/pub/scm/linux/kernel/git/rdma/rdma.git rdma/for-next
Already up to date.
Merging net-next/master (66ae04368efb Merge tag 'net-6.1-rc1' of git://git.kernel.org/pub/scm/linux/kernel/git/netdev/net)
$ git merge -m Merge branch 'master' of git://git.kernel.org/pub/scm/linux/kernel/git/netdev/net-next.git net-next/master
Already up to date.
Merging bpf-next/for-next (0326074ff465 Merge tag 'net-next-6.1' of git://git.kernel.org/pub/scm/linux/kernel/git/netdev/net-next)
$ git merge -m Merge branch 'for-next' of git://git.kernel.org/pub/scm/linux/kernel/git/bpf/bpf-next.git bpf-next/for-next
Already up to date.
Merging ipsec-next/master (c39596f6ad1b Merge branch 'xfrm: add netlink extack to all the ->init_stat')
$ git merge -m Merge branch 'master' of git://git.kernel.org/pub/scm/linux/kernel/git/klassert/ipsec-next.git ipsec-next/master
Already up to date.
Merging mlx5-next/mlx5-next (9175d8103780 net/mlx5: Remove from FPGA IFC file not-needed definitions)
$ git merge -m Merge branch 'mlx5-next' of git://git.kernel.org/pub/scm/linux/kernel/git/mellanox/linux.git mlx5-next/mlx5-next
Already up to date.
Merging netfilter-next/master (677fb7525331 Merge git://git.kernel.org/pub/scm/linux/kernel/git/netdev/net)
$ git merge -m Merge branch 'master' of git://git.kernel.org/pub/scm/linux/kernel/git/pablo/nf-next.git netfilter-next/master
Already up to date.
Merging ipvs-next/master (677fb7525331 Merge git://git.kernel.org/pub/scm/linux/kernel/git/netdev/net)
$ git merge -m Merge branch 'master' of git://git.kernel.org/pub/scm/linux/kernel/git/horms/ipvs-next.git ipvs-next/master
Already up to date.
Merging bluetooth/master (9fe208c7117d Bluetooth: hci_qca: only assign wakeup with serial port support)
$ git merge -m Merge branch 'master' of git://git.kernel.org/pub/scm/linux/kernel/git/bluetooth/bluetooth-next.git bluetooth/master
Merge made by the 'ort' strategy.
 drivers/bluetooth/btrtl.c        |   7 +++
 drivers/bluetooth/btrtl.h        |  21 ++++++++
 drivers/bluetooth/btusb.c        | 103 +++++++++++++++++++++++++++++++++------
 drivers/bluetooth/hci_qca.c      |   3 +-
 drivers/bluetooth/virtio_bt.c    |  21 ++++++--
 include/net/bluetooth/hci_core.h |   1 +
 net/bluetooth/hci_conn.c         |  13 +----
 net/bluetooth/hci_debugfs.c      |   2 +-
 net/bluetooth/hci_sync.c         |  19 ++++++++
 net/bluetooth/iso.c              |  20 ++++++--
 net/bluetooth/l2cap_core.c       |  48 +++++++++++++++---
 11 files changed, 214 insertions(+), 44 deletions(-)
Merging wireless-next/for-next (915b96c52763 Merge tag 'wireless-next-2022-09-30' of git://git.kernel.org/pub/scm/linux/kernel/git/wireless/wireless-next)
$ git merge -m Merge branch 'for-next' of git://git.kernel.org/pub/scm/linux/kernel/git/wireless/wireless-next.git wireless-next/for-next
Already up to date.
Merging mtd/mtd/next (63c30d704430 Merge tag 'nand/for-6.1' into mtd/next)
$ git merge -m Merge branch 'mtd/next' of git://git.kernel.org/pub/scm/linux/kernel/git/mtd/linux.git mtd/mtd/next
Already up to date.
Merging nand/nand/next (ba47a6ac4658 mtd: rawnand: meson: stop supporting legacy clocks)
$ git merge -m Merge branch 'nand/next' of git://git.kernel.org/pub/scm/linux/kernel/git/mtd/linux.git nand/nand/next
Already up to date.
Merging spi-nor/spi-nor/next (f8cd9f632f44 mtd: spi-nor: fix spi_nor_spimem_setup_op() call in spi_nor_erase_{sector,chip}())
$ git merge -m Merge branch 'spi-nor/next' of git://git.kernel.org/pub/scm/linux/kernel/git/mtd/linux.git spi-nor/spi-nor/next
Already up to date.
Merging crypto/master (b411b1a0c8bd crypto: aspeed - Remove redundant dev_err call)
$ git merge -m Merge branch 'master' of git://git.kernel.org/pub/scm/linux/kernel/git/herbert/cryptodev-2.6.git crypto/master
Already up to date.
Merging drm/drm-next (fc3523a833c9 Merge tag 'amd-drm-fixes-6.1-2022-10-12' of https://gitlab.freedesktop.org/agd5f/linux into drm-next)
$ git merge -m Merge branch 'drm-next' of git://git.freedesktop.org/git/drm/drm.git drm/drm-next
Already up to date.
Merging drm-misc/for-linux-next (39dd0cc2e5bd drm/amdgpu: Fix VRAM eviction issue)
$ git merge -m Merge branch 'for-linux-next' of git://anongit.freedesktop.org/drm/drm-misc drm-misc/for-linux-next
Already up to date.
Merging amdgpu/drm-next (1540031ee302 drm/amdgpu/si_dma: remove unused variable in si_dma_stop())
$ git merge -m Merge branch 'drm-next' of https://gitlab.freedesktop.org/agd5f/linux amdgpu/drm-next
Merge made by the 'ort' strategy.
 drivers/gpu/drm/amd/amdgpu/amdgpu.h              | 2 +-
 drivers/gpu/drm/amd/amdgpu/amdgpu_amdkfd_gpuvm.c | 8 ++++----
 drivers/gpu/drm/amd/amdgpu/amdgpu_gmc.c          | 1 +
 drivers/gpu/drm/amd/amdgpu/amdgpu_ucode.h        | 1 +
 drivers/gpu/drm/amd/amdgpu/gfx_v11_0.c           | 1 +
 drivers/gpu/drm/amd/amdgpu/sdma_v6_0.c           | 1 +
 drivers/gpu/drm/amd/amdgpu/si_dma.c              | 2 --
 drivers/gpu/drm/amd/amdgpu/vega20_ih.c           | 6 +++---
 8 files changed, 12 insertions(+), 10 deletions(-)
Merging drm-intel/for-linux-next (ea19684afb54 drm/i915/display: consider DG2_RC_CCS_CC when migrating buffers)
$ git merge -m Merge branch 'for-linux-next' of git://anongit.freedesktop.org/drm-intel drm-intel/for-linux-next
Already up to date.
Merging drm-tegra/for-next (778bed334508 gpu: host1x: Update host1x_memory_context_alloc() !IOMMU_API stub)
$ git merge -m Merge branch 'for-next' of https://gitlab.freedesktop.org/drm/tegra.git drm-tegra/for-next
Auto-merging drivers/gpu/drm/tegra/dc.c
Merge made by the 'ort' strategy.
 drivers/gpu/drm/tegra/dc.c     |  4 +++-
 drivers/gpu/drm/tegra/hdmi.c   |  9 +--------
 drivers/gpu/drm/tegra/submit.c | 11 +++--------
 drivers/gpu/drm/tegra/uapi.c   |  2 +-
 drivers/gpu/host1x/context.c   |  4 ++++
 include/linux/host1x.h         |  2 ++
 6 files changed, 14 insertions(+), 18 deletions(-)
Merging drm-msm/msm-next (e8b595f7b058 drm/msm/hdmi: make hdmi_phy_8996 OF clk provider)
$ git merge -m Merge branch 'msm-next' of https://gitlab.freedesktop.org/drm/msm.git drm-msm/msm-next
Already up to date.
Merging drm-msm-lumag/msm-next-lumag (e8b595f7b058 drm/msm/hdmi: make hdmi_phy_8996 OF clk provider)
$ git merge -m Merge branch 'msm-next-lumag' of https://gitlab.freedesktop.org/lumag/msm.git drm-msm-lumag/msm-next-lumag
Already up to date.
Merging imx-drm/imx-drm/next (927d8fd465ad drm/imx: ipuv3-plane: Remove redundant color encoding and range initialisation)
$ git merge -m Merge branch 'imx-drm/next' of https://git.pengutronix.de/git/pza/linux imx-drm/imx-drm/next
Already up to date.
Merging etnaviv/etnaviv/next (4bce24427251 drm/etnaviv: disable tx clock gating for GC7000 rev6203)
$ git merge -m Merge branch 'etnaviv/next' of https://git.pengutronix.de/git/lst/linux etnaviv/etnaviv/next
Merge made by the 'ort' strategy.
 drivers/gpu/drm/etnaviv/etnaviv_dump.c       |  7 +++-
 drivers/gpu/drm/etnaviv/etnaviv_gem.c        |  8 +++-
 drivers/gpu/drm/etnaviv/etnaviv_gem.h        |  1 +
 drivers/gpu/drm/etnaviv/etnaviv_gem_submit.c |  6 +++
 drivers/gpu/drm/etnaviv/etnaviv_gpu.c        | 58 ++++++++++++++++++++--------
 drivers/gpu/drm/etnaviv/etnaviv_gpu.h        | 23 ++++++++++-
 drivers/gpu/drm/etnaviv/etnaviv_mmu.c        | 27 ++++++++-----
 drivers/gpu/drm/etnaviv/etnaviv_mmu.h        |  1 +
 drivers/gpu/drm/etnaviv/etnaviv_sched.c      |  2 +-
 9 files changed, 101 insertions(+), 32 deletions(-)
Merging fbdev/for-next (67987732044d fbdev: stifb: Fall back to cfb_fillrect() on 32-bit HCRX cards)
$ git merge -m Merge branch 'for-next' of git://git.kernel.org/pub/scm/linux/kernel/git/deller/linux-fbdev.git fbdev/for-next
Auto-merging drivers/video/fbdev/stifb.c
Auto-merging include/linux/fb.h
Merge made by the 'ort' strategy.
 drivers/video/fbdev/stifb.c | 3 ++-
 include/linux/fb.h          | 2 +-
 2 files changed, 3 insertions(+), 2 deletions(-)
Merging regmap/for-next (83eb8f73e86b Merge remote-tracking branch 'regmap/for-6.1' into regmap-next)
$ git merge -m Merge branch 'for-next' of git://git.kernel.org/pub/scm/linux/kernel/git/broonie/regmap.git regmap/for-next
Merge made by the 'ort' strategy.
Merging sound/for-next (88672826e2a4 ALSA: hda: cs35l41: Support System Suspend)
$ git merge -m Merge branch 'for-next' of git://git.kernel.org/pub/scm/linux/kernel/git/tiwai/sound.git sound/for-next
Already up to date.
Merging sound-asoc/for-next (d1968e740cd1 Merge remote-tracking branch 'asoc/for-6.0' into asoc-linus)
$ git merge -m Merge branch 'for-next' of git://git.kernel.org/pub/scm/linux/kernel/git/broonie/sound.git sound-asoc/for-next
Already up to date.
Merging modules/modules-next (77d6354bd422 module/decompress: generate sysfs string at compile time)
$ git merge -m Merge branch 'modules-next' of git://git.kernel.org/pub/scm/linux/kernel/git/mcgrof/linux.git modules/modules-next
Already up to date.
Merging input/next (d4a596eddb90 Input: dlink-dir685-touchkeys - make array bl_data static const)
$ git merge -m Merge branch 'next' of git://git.kernel.org/pub/scm/linux/kernel/git/dtor/input.git input/next
Merge made by the 'ort' strategy.
 drivers/input/keyboard/dlink-dir685-touchkeys.c | 4 ++--
 drivers/input/misc/Kconfig                      | 2 +-
 drivers/input/misc/atmel_captouch.c             | 4 +---
 3 files changed, 4 insertions(+), 6 deletions(-)
Merging block/for-next (f6be676d9c46 Merge branch 'io_uring-6.1' into for-next)
$ git merge -m Merge branch 'for-next' of git://git.kernel.dk/linux-block.git block/for-next
Auto-merging MAINTAINERS
Auto-merging block/bio.c
Merge made by the 'ort' strategy.
Merging device-mapper/for-next (a871fb26aba8 dm clone: Fix typo in block_device format specifier)
$ git merge -m Merge branch 'for-next' of git://git.kernel.org/pub/scm/linux/kernel/git/device-mapper/linux-dm.git device-mapper/for-next
Auto-merging drivers/md/dm-rq.c
Auto-merging drivers/md/dm-table.c
Auto-merging drivers/md/dm-verity-target.c
Auto-merging mm/vmalloc.c
Merge made by the 'ort' strategy.
 Documentation/admin-guide/device-mapper/verity.rst |   4 +
 drivers/md/dm-cache-policy.h                       |   2 +-
 drivers/md/dm-clone-target.c                       |   2 +-
 drivers/md/dm-ioctl.c                              | 125 +++++++++++-------
 drivers/md/dm-raid.c                               |   4 +-
 drivers/md/dm-rq.c                                 |   4 +-
 drivers/md/dm-stats.c                              |   2 +-
 drivers/md/dm-table.c                              | 139 +++++++++++----------
 drivers/md/dm-verity-target.c                      |  18 +--
 drivers/md/dm.c                                    |   9 +-
 include/linux/device-mapper.h                      |  18 ++-
 include/uapi/linux/dm-ioctl.h                      |  14 ++-
 mm/vmalloc.c                                       |   1 +
 13 files changed, 205 insertions(+), 137 deletions(-)
Merging libata/for-next (71d7b6e51ad3 ata: libata-eh: avoid needless hard reset when revalidating link)
$ git merge -m Merge branch 'for-next' of git://git.kernel.org/pub/scm/linux/kernel/git/dlemoal/libata.git libata/for-next
Already up to date.
Merging pcmcia/pcmcia-next (15e74c6c1ce2 pcmcia: remove AT91RM9200 Compact Flash driver)
$ git merge -m Merge branch 'pcmcia-next' of git://git.kernel.org/pub/scm/linux/kernel/git/brodo/linux.git pcmcia/pcmcia-next
Already up to date.
Merging mmc/next (b5c1fbc57a5e mmc: core: Fix kernel panic when remove non-standard SDIO card)
$ git merge -m Merge branch 'next' of git://git.kernel.org/pub/scm/linux/kernel/git/ulfh/mmc.git mmc/next
Already up to date.
Merging mfd/for-mfd-next (72a95859728a mfd: syscon: Remove repetition of the regmap_get_val_endian())
$ git merge -m Merge branch 'for-mfd-next' of git://git.kernel.org/pub/scm/linux/kernel/git/lee/mfd.git mfd/for-mfd-next
Already up to date.
Merging backlight/for-backlight-next (e7647de058cb video: backlight: mt6370: Add MediaTek MT6370 support)
$ git merge -m Merge branch 'for-backlight-next' of git://git.kernel.org/pub/scm/linux/kernel/git/lee/backlight.git backlight/for-backlight-next
Already up to date.
Merging battery/for-next (189a2aaef9cb power: supply: ab8500: remove unused static local variable)
$ git merge -m Merge branch 'for-next' of git://git.kernel.org/pub/scm/linux/kernel/git/sre/linux-power-supply.git battery/for-next
Already up to date.
Merging regulator/for-next (e5dcd639f97e Merge remote-tracking branch 'regulator/for-6.1' into regulator-next)
$ git merge -m Merge branch 'for-next' of git://git.kernel.org/pub/scm/linux/kernel/git/broonie/regulator.git regulator/for-next
Auto-merging Documentation/devicetree/bindings/regulator/qcom,spmi-regulator.yaml
Auto-merging MAINTAINERS
Auto-merging drivers/regulator/core.c
Merge made by the 'ort' strategy.
Merging security/next (1e7d8bcbe37d lockdown: ratelimit denial messages)
$ git merge -m Merge branch 'next' of git://git.kernel.org/pub/scm/linux/kernel/git/pcmoore/lsm.git security/next
Already up to date.
Merging apparmor/apparmor-next (53991aedcd34 apparmor: Fix unpack_profile() warn: passing zero to 'ERR_PTR')
$ git merge -m Merge branch 'apparmor-next' of git://git.kernel.org/pub/scm/linux/kernel/git/jj/linux-apparmor apparmor/apparmor-next
Auto-merging security/apparmor/lsm.c
Merge made by the 'ort' strategy.
 security/apparmor/Kconfig                 |   4 +-
 security/apparmor/Makefile                |   3 +-
 security/apparmor/apparmorfs.c            | 115 +++---
 security/apparmor/audit.c                 |  43 +++
 security/apparmor/capability.c            |  16 +-
 security/apparmor/domain.c                | 137 +++----
 security/apparmor/file.c                  | 112 ++----
 security/apparmor/include/apparmor.h      |  23 +-
 security/apparmor/include/audit.h         |   8 +-
 security/apparmor/include/cred.h          |  13 -
 security/apparmor/include/domain.h        |   6 -
 security/apparmor/include/file.h          | 108 +-----
 security/apparmor/include/label.h         |  13 +-
 security/apparmor/include/lib.h           |  10 +-
 security/apparmor/include/match.h         |  28 +-
 security/apparmor/include/net.h           |   1 +
 security/apparmor/include/perms.h         |  91 ++++-
 security/apparmor/include/policy.h        | 135 +++++--
 security/apparmor/include/policy_compat.h |  33 ++
 security/apparmor/include/policy_unpack.h |   2 +
 security/apparmor/ipc.c                   |  14 +-
 security/apparmor/label.c                 |  69 ++--
 security/apparmor/lib.c                   | 125 ++-----
 security/apparmor/lsm.c                   |  19 +-
 security/apparmor/match.c                 |  58 ++-
 security/apparmor/mount.c                 |  93 +++--
 security/apparmor/net.c                   |  28 +-
 security/apparmor/policy.c                |  77 +++-
 security/apparmor/policy_compat.c         | 319 ++++++++++++++++
 security/apparmor/policy_ns.c             |   6 +-
 security/apparmor/policy_unpack.c         | 583 ++++++++++++++++++++----------
 security/apparmor/policy_unpack_test.c    |  13 +-
 security/apparmor/resource.c              |  25 +-
 security/apparmor/task.c                  |  14 +-
 34 files changed, 1500 insertions(+), 844 deletions(-)
 create mode 100644 security/apparmor/include/policy_compat.h
 create mode 100644 security/apparmor/policy_compat.c
Merging integrity/next-integrity (bab715bdaa9e efi: Correct Macmini DMI match in uefi cert quirk)
$ git merge -m Merge branch 'next-integrity' of git://git.kernel.org/pub/scm/linux/kernel/git/zohar/linux-integrity integrity/next-integrity
Already up to date.
Merging keys/keys-next (2d743660786e Merge branch 'fixes' of git://git.kernel.org/pub/scm/linux/kernel/git/viro/vfs)
$ git merge -m Merge branch 'keys-next' of git://git.kernel.org/pub/scm/linux/kernel/git/dhowells/linux-fs.git keys/keys-next
Already up to date.
Merging safesetid/safesetid-next (64b634830c91 LSM: SafeSetID: add setgroups() testing to selftest)
$ git merge -m Merge branch 'safesetid-next' of https://github.com/micah-morton/linux.git safesetid/safesetid-next
Already up to date.
Merging selinux/next (2fe2fb4ce60b selinux: remove runtime disable message in the install_policy.sh script)
$ git merge -m Merge branch 'next' of git://git.kernel.org/pub/scm/linux/kernel/git/pcmoore/selinux.git selinux/next
Already up to date.
Merging smack/next (f393b3fd2a4b smack: cleanup obsolete mount option flags)
$ git merge -m Merge branch 'next' of git://github.com/cschaufler/smack-next smack/next
Auto-merging security/smack/smack_lsm.c
Merge made by the 'ort' strategy.
Merging tomoyo/master (4fe89d07dcc2 Linux 6.0)
$ git merge -m Merge branch 'master' of https://scm.osdn.net/gitroot/tomoyo/tomoyo-test1.git tomoyo/master
Already up to date.
Merging tpmdd/next (2d869f0b4585 selftest: tpm2: Add Client.__del__() to close /dev/tpm* handle)
$ git merge -m Merge branch 'next' of git://git.kernel.org/pub/scm/linux/kernel/git/jarkko/linux-tpmdd.git tpmdd/next
Already up to date.
Merging watchdog/master (e25b091bed49 watchdog: Add tracing events for the most usual watchdog events)
$ git merge -m Merge branch 'master' of git://www.linux-watchdog.org/linux-watchdog-next.git watchdog/master
Auto-merging MAINTAINERS
Merge made by the 'ort' strategy.
 MAINTAINERS                      |  1 +
 drivers/watchdog/watchdog_core.c |  4 +++
 drivers/watchdog/watchdog_dev.c  | 12 ++++++--
 include/trace/events/watchdog.h  | 66 ++++++++++++++++++++++++++++++++++++++++
 4 files changed, 81 insertions(+), 2 deletions(-)
 create mode 100644 include/trace/events/watchdog.h
Merging iommu/next (38713c6028a3 Merge branches 'apple/dart', 'arm/mediatek', 'arm/omap', 'arm/smmu', 'virtio', 'x86/vt-d', 'x86/amd' and 'core' into next)
$ git merge -m Merge branch 'next' of git://git.kernel.org/pub/scm/linux/kernel/git/joro/iommu.git iommu/next
Already up to date.
Merging audit/next (934f70d9d498 audit: remove selinux_audit_rule_update() declaration)
$ git merge -m Merge branch 'next' of git://git.kernel.org/pub/scm/linux/kernel/git/pcmoore/audit.git audit/next
Already up to date.
Merging devicetree/for-next (7a7f58575483 of: base: Shift refcount decrement in of_find_last_cache_level())
$ git merge -m Merge branch 'for-next' of git://git.kernel.org/pub/scm/linux/kernel/git/robh/linux.git devicetree/for-next
Already up to date.
Merging dt-krzk/for-next (a70369e1b7f6 ARM: dts: sunplus: sp7021: drop incorrect spi-max-frequency)
$ git merge -m Merge branch 'for-next' of git://git.kernel.org/pub/scm/linux/kernel/git/krzk/linux-dt.git dt-krzk/for-next
Merge made by the 'ort' strategy.
 arch/arm/boot/dts/am335x-evm.dts      | 2 +-
 arch/arm/boot/dts/am335x-evmsk.dts    | 2 +-
 arch/arm/boot/dts/sunplus-sp7021.dtsi | 3 ---
 3 files changed, 2 insertions(+), 5 deletions(-)
Merging mailbox/mailbox-for-next (b8ae88e1e75e mailbox: qcom-ipcc: flag IRQ NO_THREAD)
$ git merge -m Merge branch 'mailbox-for-next' of git://git.linaro.org/landing-teams/working/fujitsu/integration.git mailbox/mailbox-for-next
Already up to date.
Merging spi/for-next (24d1be163625 Merge remote-tracking branch 'spi/for-6.0' into spi-linus)
$ git merge -m Merge branch 'for-next' of git://git.kernel.org/pub/scm/linux/kernel/git/broonie/spi.git spi/for-next
Already up to date.
Merging tip/master (c47d4723f64b Merge branch into tip/master: 'x86/mm')
$ git merge -m Merge branch 'master' of git://git.kernel.org/pub/scm/linux/kernel/git/tip/tip.git tip/master
Merge made by the 'ort' strategy.
Merging clockevents/timers/drivers/next (af246cc6d0ed clocksource/drivers/arm_arch_timer: Fix CNTPCT_LO and CNTVCT_LO value)
$ git merge -m Merge branch 'timers/drivers/next' of git://git.linaro.org/people/daniel.lezcano/linux.git clockevents/timers/drivers/next
Already up to date.
Merging edac/edac-for-next (2918a251f847 Merge edac-misc into for-next)
$ git merge -m Merge branch 'edac-for-next' of git://git.kernel.org/pub/scm/linux/kernel/git/ras/ras.git edac/edac-for-next
Merge made by the 'ort' strategy.
Merging irqchip/irq/irqchip-next (732d69c80cb0 Merge branch irq/misc-6.1 into irq/irqchip-next)
$ git merge -m Merge branch 'irq/irqchip-next' of git://git.kernel.org/pub/scm/linux/kernel/git/maz/arm-platforms.git irqchip/irq/irqchip-next
Already up to date.
Merging ftrace/for-next (0934ae9977c2 tracing: Fix reading strings from synthetic events)
$ git merge -m Merge branch 'for-next' of git://git.kernel.org/pub/scm/linux/kernel/git/trace/linux-trace.git ftrace/for-next
Already up to date.
Merging rcu/rcu/next (d3d8f70283ec Merge branch 'lkmm.2022.08.31b' into HEAD)
$ git merge -m Merge branch 'rcu/next' of git://git.kernel.org/pub/scm/linux/kernel/git/paulmck/linux-rcu.git rcu/rcu/next
Merge made by the 'ort' strategy.
Merging kvm/next (e18d6152ff0f Merge tag 'kvm-riscv-6.1-1' of https://github.com/kvm-riscv/linux into HEAD)
$ git merge -m Merge branch 'next' of git://git.kernel.org/pub/scm/virt/kvm/kvm.git kvm/next
Already up to date.
Merging kvm-arm/next (b302ca52ba82 Merge branch kvm-arm64/misc-6.1 into kvmarm-master/next)
$ git merge -m Merge branch 'next' of git://git.kernel.org/pub/scm/linux/kernel/git/kvmarm/kvmarm.git kvm-arm/next
Already up to date.
Merging kvms390/next (c8a0273ac80d KVM: s390: Pass initialized arg even if unused)
$ git merge -m Merge branch 'next' of git://git.kernel.org/pub/scm/linux/kernel/git/kvms390/linux.git kvms390/next
Auto-merging arch/s390/kvm/pci.c
Merge made by the 'ort' strategy.
Merging xen-tip/linux-next (a383dcb1cca8 xen/virtio: Convert PAGE_SIZE/PAGE_SHIFT/PFN_UP to Xen counterparts)
$ git merge -m Merge branch 'linux-next' of git://git.kernel.org/pub/scm/linux/kernel/git/xen/tip.git xen-tip/linux-next
Merge made by the 'ort' strategy.
 drivers/xen/grant-dma-ops.c | 27 +++++++++++++++------------
 1 file changed, 15 insertions(+), 12 deletions(-)
Merging percpu/for-next (a111daf0c53a Linux 5.19-rc3)
$ git merge -m Merge branch 'for-next' of git://git.kernel.org/pub/scm/linux/kernel/git/dennis/percpu.git percpu/for-next
Already up to date.
Merging workqueues/for-next (c0feea594e05 workqueue: don't skip lockdep work dependency in cancel_work_sync())
$ git merge -m Merge branch 'for-next' of git://git.kernel.org/pub/scm/linux/kernel/git/tj/wq.git workqueues/for-next
Already up to date.
Merging drivers-x86/for-next (8d05fc039456 platform/x86: use PLATFORM_DEVID_NONE instead of -1)
$ git merge -m Merge branch 'for-next' of git://git.kernel.org/pub/scm/linux/kernel/git/pdx86/platform-drivers-x86.git drivers-x86/for-next
Already up to date.
Merging chrome-platform/for-next (8edd2752b0aa platform/chrome: cros_ec: Notify the PM of wake events during resume)
$ git merge -m Merge branch 'for-next' of git://git.kernel.org/pub/scm/linux/kernel/git/chrome-platform/linux.git chrome-platform/for-next
Already up to date.
Merging hsi/for-next (811908159e7e HSI: nokia-modem: Replace of_gpio_count() by gpiod_count())
$ git merge -m Merge branch 'for-next' of git://git.kernel.org/pub/scm/linux/kernel/git/sre/linux-hsi.git hsi/for-next
Already up to date.
Merging leds/for-next (4d1632151bde leds: pca963: fix misleading indentation)
$ git merge -m Merge branch 'for-next' of git://git.kernel.org/pub/scm/linux/kernel/git/pavel/linux-leds.git leds/for-next
Already up to date.
Merging ipmi/for-next (05763c996f72 ipmi: Remove unused struct watcher_entry)
$ git merge -m Merge branch 'for-next' of git://github.com/cminyard/linux-ipmi.git ipmi/for-next
Already up to date.
Merging driver-core/driver-core-next (1501278bb7ba Merge tag 'slab-for-6.1-rc1-hotfix' of git://git.kernel.org/pub/scm/linux/kernel/git/vbabka/slab)
$ git merge -m Merge branch 'driver-core-next' of git://git.kernel.org/pub/scm/linux/kernel/git/gregkh/driver-core.git driver-core/driver-core-next
Already up to date.
Merging usb/usb-next (1501278bb7ba Merge tag 'slab-for-6.1-rc1-hotfix' of git://git.kernel.org/pub/scm/linux/kernel/git/vbabka/slab)
$ git merge -m Merge branch 'usb-next' of git://git.kernel.org/pub/scm/linux/kernel/git/gregkh/usb.git usb/usb-next
Already up to date.
Merging thunderbolt/next (5d2569cb4a65 thunderbolt: Explicitly enable lane adapter hotplug events at startup)
$ git merge -m Merge branch 'next' of git://git.kernel.org/pub/scm/linux/kernel/git/westeri/thunderbolt.git thunderbolt/next
Already up to date.
Merging usb-gadget/next (e49d033bddf5 Linux 5.12-rc6)
$ git merge -m Merge branch 'next' of git://git.kernel.org/pub/scm/linux/kernel/git/balbi/usb.git usb-gadget/next
Already up to date.
Merging usb-serial/usb-next (6b2fe3df7c0c USB: serial: ftdi_sio: clean up driver prefix)
$ git merge -m Merge branch 'usb-next' of git://git.kernel.org/pub/scm/linux/kernel/git/johan/usb-serial.git usb-serial/usb-next
Already up to date.
Merging tty/tty-next (1501278bb7ba Merge tag 'slab-for-6.1-rc1-hotfix' of git://git.kernel.org/pub/scm/linux/kernel/git/vbabka/slab)
$ git merge -m Merge branch 'tty-next' of git://git.kernel.org/pub/scm/linux/kernel/git/gregkh/tty.git tty/tty-next
Already up to date.
Merging char-misc/char-misc-next (1501278bb7ba Merge tag 'slab-for-6.1-rc1-hotfix' of git://git.kernel.org/pub/scm/linux/kernel/git/vbabka/slab)
$ git merge -m Merge branch 'char-misc-next' of git://git.kernel.org/pub/scm/linux/kernel/git/gregkh/char-misc.git char-misc/char-misc-next
Already up to date.
Merging coresight/next (5fc1531dd771 hwtracing: hisi_ptt: Fix up for "iommu/dma: Make header private")
$ git merge -m Merge branch 'next' of git://git.kernel.org/pub/scm/linux/kernel/git/coresight/linux.git coresight/next
Already up to date.
Merging fpga/for-next (41d26c020cb2 fpga: m10bmc-sec: Fix possible memory leak of flash_buf)
$ git merge -m Merge branch 'for-next' of git://git.kernel.org/pub/scm/linux/kernel/git/fpga/linux-fpga.git fpga/for-next
Merge made by the 'ort' strategy.
Merging icc/icc-next (7360d55ba199 Merge branch 'icc-ignore-return-val' into icc-next)
$ git merge -m Merge branch 'icc-next' of git://git.kernel.org/pub/scm/linux/kernel/git/djakov/icc.git icc/icc-next
Already up to date.
Merging iio/togreg (6d965885f4ea iio: adc: mcp3911: add support for oversampling ratio)
$ git merge -m Merge branch 'togreg' of git://git.kernel.org/pub/scm/linux/kernel/git/jic23/iio.git iio/togreg
Already up to date.
Merging phy-next/next (9aa0dade8f6b phy: phy-mtk-dp: make array driving_params static const)
$ git merge -m Merge branch 'next' of git://git.kernel.org/pub/scm/linux/kernel/git/phy/linux-phy.git phy-next/next
Already up to date.
Merging soundwire/next (503ae285944a soundwire: intel: add helper to stop bus)
$ git merge -m Merge branch 'next' of git://git.kernel.org/pub/scm/linux/kernel/git/vkoul/soundwire.git soundwire/next
Already up to date.
Merging extcon/extcon-next (08099ecd9216 extcon: usbc-tusb320: fix kernel-doc warning)
$ git merge -m Merge branch 'extcon-next' of git://git.kernel.org/pub/scm/linux/kernel/git/chanwoo/extcon.git extcon/extcon-next
Already up to date.
Merging gnss/gnss-next (c0c725d7350e gnss: replace ida_simple API)
$ git merge -m Merge branch 'gnss-next' of git://git.kernel.org/pub/scm/linux/kernel/git/johan/gnss.git gnss/gnss-next
Already up to date.
Merging vfio/next (b1b8132a651c vfio: More vfio_file_is_group() use cases)
$ git merge -m Merge branch 'next' of git://github.com/awilliam/linux-vfio.git vfio/next
Already up to date.
Merging staging/staging-next (1501278bb7ba Merge tag 'slab-for-6.1-rc1-hotfix' of git://git.kernel.org/pub/scm/linux/kernel/git/vbabka/slab)
$ git merge -m Merge branch 'staging-next' of git://git.kernel.org/pub/scm/linux/kernel/git/gregkh/staging.git staging/staging-next
Already up to date.
Merging counter-next/counter-next (8ddf5c2d1fb0 MAINTAINERS: add TI ECAP driver info)
$ git merge -m Merge branch 'counter-next' of git://git.kernel.org/pub/scm/linux/kernel/git/wbg/counter.git counter-next/counter-next
Already up to date.
Merging mux/for-next (0fcfb00b28c0 Linux 5.16-rc4)
$ git merge -m Merge branch 'for-next' of https://gitlab.com/peda-linux/mux.git mux/for-next
Already up to date.
Merging dmaengine/next (b957df984692 dmaengine: ioat: remove unused declarations in dma.h)
$ git merge -m Merge branch 'next' of git://git.kernel.org/pub/scm/linux/kernel/git/vkoul/dmaengine.git dmaengine/next
Already up to date.
Merging cgroup/for-next (b675d4bdfefa mm: cgroup: fix comments for get from fd/file helpers)
$ git merge -m Merge branch 'for-next' of git://git.kernel.org/pub/scm/linux/kernel/git/tj/cgroup.git cgroup/for-next
Auto-merging include/linux/cgroup.h
Auto-merging kernel/cgroup/cgroup.c
Merge made by the 'ort' strategy.
 include/linux/cgroup.h   |  1 +
 kernel/bpf/cgroup_iter.c |  2 +-
 kernel/cgroup/cgroup.c   | 99 ++++++++++++++++++++++++++++++++++++++----------
 3 files changed, 81 insertions(+), 21 deletions(-)
Merging scsi/for-next (9f159807a610 Merge branch 'misc' into for-next)
$ git merge -m Merge branch 'for-next' of git://git.kernel.org/pub/scm/linux/kernel/git/jejb/scsi.git scsi/for-next
Auto-merging drivers/scsi/lpfc/lpfc_init.c
Auto-merging drivers/scsi/lpfc/lpfc_scsi.c
Auto-merging drivers/scsi/megaraid/megaraid_sas_base.c
Auto-merging drivers/scsi/megaraid/megaraid_sas_fusion.c
Auto-merging drivers/scsi/mpt3sas/mpt3sas_base.c
CONFLICT (content): Merge conflict in drivers/scsi/mpt3sas/mpt3sas_base.c
Auto-merging drivers/scsi/mpt3sas/mpt3sas_base.c
CONFLICT (content): Merge conflict in drivers/scsi/mpt3sas/mpt3sas_base.c
Auto-merging drivers/scsi/mpt3sas/mpt3sas_scsih.c
Auto-merging drivers/scsi/qedf/qedf_main.c
Auto-merging drivers/scsi/qla2xxx/qla_target.c
Auto-merging drivers/scsi/scsi_lib.c
Auto-merging drivers/scsi/scsi_priv.h
Auto-merging drivers/scsi/scsi_sysfs.c
Auto-merging drivers/scsi/storvsc_drv.c
Auto-merging drivers/ufs/core/ufshcd.c
Auto-merging include/scsi/scsi_device.h
Resolved 'drivers/scsi/mpt3sas/mpt3sas_base.c' using previous resolution.
Automatic merge failed; fix conflicts and then commit the result.
$ git commit --no-edit -v -a
[master df9f6524ff17] Merge branch 'for-next' of git://git.kernel.org/pub/scm/linux/kernel/git/jejb/scsi.git
$ git diff -M --stat --summary HEAD^..
 drivers/scsi/mpt3sas/mpt3sas_base.c | 2 +-
 1 file changed, 1 insertion(+), 1 deletion(-)
Merging scsi-mkp/for-next (67d0a917fb3f scsi: ufs: core: Remove unneeded casts from void *)
$ git merge -m Merge branch 'for-next' of git://git.kernel.org/pub/scm/linux/kernel/git/mkp/scsi.git scsi-mkp/for-next
Auto-merging drivers/scsi/megaraid/megaraid_sas_base.c
Auto-merging drivers/ufs/core/ufshpb.c
Merge made by the 'ort' strategy.
 drivers/scsi/lpfc/lpfc_bsg.c              |  4 ++--
 drivers/scsi/lpfc/lpfc_ct.c               |  2 +-
 drivers/scsi/megaraid/megaraid_sas_base.c | 27 ++++++++-----------------
 drivers/scsi/qla2xxx/qla_attr.c           | 30 +++++++++++++++++++++++++---
 drivers/target/target_core_device.c       | 19 ++++++++++++++++++
 drivers/target/target_core_iblock.c       | 19 ++++--------------
 drivers/target/target_core_internal.h     |  1 +
 drivers/target/target_core_pr.c           | 33 ++++++++++++++++++++++++-------
 drivers/target/target_core_transport.c    |  3 +--
 drivers/ufs/core/ufshpb.c                 |  4 ++--
 drivers/ufs/host/ufs-qcom-ice.c           |  1 -
 11 files changed, 91 insertions(+), 52 deletions(-)
Merging vhost/linux-next (be8ddea9e75e vdpa/ifcvf: add reviewer)
$ git merge -m Merge branch 'linux-next' of git://git.kernel.org/pub/scm/linux/kernel/git/mst/vhost.git vhost/linux-next
Already up to date.
Merging rpmsg/for-next (abac55caaeaa Merge branches 'rproc-next', 'rpmsg-next' and 'hwspinlock-next' into for-next)
$ git merge -m Merge branch 'for-next' of git://git.kernel.org/pub/scm/linux/kernel/git/remoteproc/linux.git rpmsg/for-next
Merge made by the 'ort' strategy.
 .../bindings/hwlock/qcom-hwspinlock.yaml           | 25 ++++++++-----
 drivers/hwspinlock/qcom_hwspinlock.c               | 42 ++++++++++++++++------
 2 files changed, 49 insertions(+), 18 deletions(-)
Merging gpio/for-next (e73f0f0ee754 Linux 5.14-rc1)
$ git merge -m Merge branch 'for-next' of git://git.kernel.org/pub/scm/linux/kernel/git/linusw/linux-gpio.git gpio/for-next
Already up to date.
Merging gpio-brgl/gpio/for-next (3c92506d8678 gpio: tc3589x: Make irqchip immutable)
$ git merge -m Merge branch 'gpio/for-next' of git://git.kernel.org/pub/scm/linux/kernel/git/brgl/linux.git gpio-brgl/gpio/for-next
Already up to date.
Merging gpio-intel/for-next (0ea76c401f92 gpiolib: acpi: Add a quirk for Asus UM325UAZ)
$ git merge -m Merge branch 'for-next' of git://git.kernel.org/pub/scm/linux/kernel/git/andy/linux-gpio-intel.git gpio-intel/for-next
Already up to date.
Merging gpio-sim/gpio/gpio-sim (0fcfb00b28c0 Linux 5.16-rc4)
$ git merge -m Merge branch 'gpio/gpio-sim' of git://git.kernel.org/pub/scm/linux/kernel/git/brgl/linux.git gpio-sim/gpio/gpio-sim
Already up to date.
Merging pinctrl/for-next (9d157c89c556 MAINTAINERS: adjust STARFIVE JH7100 PINCTRL DRIVER after file movement)
$ git merge -m Merge branch 'for-next' of git://git.kernel.org/pub/scm/linux/kernel/git/linusw/linux-pinctrl.git pinctrl/for-next
Already up to date.
Merging pinctrl-intel/for-next (568035b01cfb Linux 6.0-rc1)
$ git merge -m Merge branch 'for-next' of git://git.kernel.org/pub/scm/linux/kernel/git/pinctrl/intel.git pinctrl-intel/for-next
Already up to date.
Merging pinctrl-renesas/renesas-pinctrl (96355be8f0a2 dt-bindings: pinctrl: renesas: Document RZ/Five SoC)
$ git merge -m Merge branch 'renesas-pinctrl' of git://git.kernel.org/pub/scm/linux/kernel/git/geert/renesas-drivers.git pinctrl-renesas/renesas-pinctrl
Already up to date.
Merging pinctrl-samsung/for-next (9d9292576810 dt-bindings: pinctrl: samsung: deprecate header with register constants)
$ git merge -m Merge branch 'for-next' of git://git.kernel.org/pub/scm/linux/kernel/git/pinctrl/samsung.git pinctrl-samsung/for-next
Already up to date.
Merging pwm/for-next (4709f9ea338d pwm: sysfs: Replace sprintf() with sysfs_emit())
$ git merge -m Merge branch 'for-next' of git://git.kernel.org/pub/scm/linux/kernel/git/thierry.reding/linux-pwm.git pwm/for-next
Already up to date.
Merging userns/for-next (b5df013cd194 Merge of ucount-rlimits-cleanups-for-v5.19, interrupting_kthread_stop-for-v5.20, signal-for-v5.20, retire_mq_sysctls-for-v5.19, and unpriv-ipc-sysctls-for-v6.2 for testing in linux-next)
$ git merge -m Merge branch 'for-next' of git://git.kernel.org/pub/scm/linux/kernel/git/ebiederm/user-namespace.git userns/for-next
Auto-merging Documentation/admin-guide/sysctl/kernel.rst
Auto-merging fs/coredump.c
Auto-merging fs/exec.c
Auto-merging fs/exec.c
Auto-merging fs/exec.c
Auto-merging fs/proc/array.c
Auto-merging ipc/mqueue.c
Auto-merging kernel/exit.c
Auto-merging kernel/fork.c
Auto-merging kernel/fork.c
Auto-merging kernel/fork.c
Auto-merging kernel/kthread.c
Auto-merging kernel/sys.c
Merge made by the 'ort' strategy.
 Documentation/admin-guide/sysctl/kernel.rst | 14 ++++++++---
 ipc/ipc_sysctl.c                            | 37 +++++++++++++++++++++++++++--
 ipc/mq_sysctl.c                             | 36 ++++++++++++++++++++++++++++
 3 files changed, 82 insertions(+), 5 deletions(-)
Merging ktest/for-next (170f4869e662 ktest.pl: Fix the logic for truncating the size of the log file for email)
$ git merge -m Merge branch 'for-next' of git://git.kernel.org/pub/scm/linux/kernel/git/rostedt/linux-ktest.git ktest/for-next
Already up to date.
Merging kselftest/next (6a24247132db docs: notifier-error-inject: Correct test's name)
$ git merge -m Merge branch 'next' of git://git.kernel.org/pub/scm/linux/kernel/git/shuah/linux-kselftest.git kselftest/next
Already up to date.
Merging livepatching/for-next (65d22130f2c4 Merge branch 'for-6.1/sysfs-patched-object' into for-next)
$ git merge -m Merge branch 'for-next' of git://git.kernel.org/pub/scm/linux/kernel/git/livepatching/livepatching livepatching/for-next
Auto-merging kernel/livepatch/core.c
Auto-merging tools/testing/selftests/livepatch/functions.sh
Merge made by the 'ort' strategy.
Merging rtc/rtc-next (e5f12a398371 rtc: rv3028: Fix codestyle errors)
$ git merge -m Merge branch 'rtc-next' of git://git.kernel.org/pub/scm/linux/kernel/git/abelloni/linux.git rtc/rtc-next
Already up to date.
Merging nvdimm/libnvdimm-for-next (305a72efa791 Merge branch 'for-6.1/nvdimm' into libnvdimm-for-next)
$ git merge -m Merge branch 'libnvdimm-for-next' of git://git.kernel.org/pub/scm/linux/kernel/git/nvdimm/nvdimm.git nvdimm/libnvdimm-for-next
Already up to date.
Merging at24/at24/for-next (568035b01cfb Linux 6.0-rc1)
$ git merge -m Merge branch 'at24/for-next' of git://git.kernel.org/pub/scm/linux/kernel/git/brgl/linux.git at24/at24/for-next
Already up to date.
Merging ntb/ntb-next (568035b01cfb Linux 6.0-rc1)
$ git merge -m Merge branch 'ntb-next' of https://github.com/jonmason/ntb.git ntb/ntb-next
Already up to date.
Merging seccomp/for-next/seccomp (4e92863862d1 Merge branch 'for-linus/seccomp' into for-next/seccomp)
$ git merge -m Merge branch 'for-next/seccomp' of git://git.kernel.org/pub/scm/linux/kernel/git/kees/linux.git seccomp/for-next/seccomp
Auto-merging kernel/fork.c
Merge made by the 'ort' strategy.
 kernel/fork.c                                 | 17 +++++++++++------
 tools/testing/selftests/seccomp/seccomp_bpf.c |  6 ++++--
 2 files changed, 15 insertions(+), 8 deletions(-)
Merging cisco/for-next (9e98c678c2d6 Linux 5.1-rc1)
$ git merge -m Merge branch 'for-next' of https://github.com/daniel-walker/cisco-linux.git cisco/for-next
Already up to date.
Merging fsi/next (35af9fb49bc5 fsi: core: Check error number after calling ida_simple_get)
$ git merge -m Merge branch 'next' of git://git.kernel.org/pub/scm/linux/kernel/git/joel/fsi.git fsi/next
Already up to date.
Merging slimbus/for-next (3f9400e61107 slimbus: qcom-ngd: simplify error paths with dev_err_probe)
$ git merge -m Merge branch 'for-next' of git://git.kernel.org/pub/scm/linux/kernel/git/srini/slimbus.git slimbus/for-next
Auto-merging drivers/slimbus/qcom-ngd-ctrl.c
Merge made by the 'ort' strategy.
Merging nvmem/for-next (60bbaad38109 nvmem: u-boot-env: fix crc32 casting type)
$ git merge -m Merge branch 'for-next' of git://git.kernel.org/pub/scm/linux/kernel/git/srini/nvmem.git nvmem/for-next
Auto-merging MAINTAINERS
Auto-merging arch/arm/configs/multi_v7_defconfig
Auto-merging arch/arm/configs/qcom_defconfig
Auto-merging arch/arm64/configs/defconfig
Auto-merging arch/mips/configs/ci20_defconfig
Auto-merging drivers/mtd/mtdcore.c
Auto-merging drivers/soc/mediatek/Kconfig
Auto-merging include/linux/mtd/mtd.h
Merge made by the 'ort' strategy.
Merging xarray/main (69cb69ea5542 ida: Remove assertions that an ID was allocated)
$ git merge -m Merge branch 'main' of git://git.infradead.org/users/willy/xarray.git xarray/main
Merge made by the 'ort' strategy.
 lib/idr.c | 14 ++++----------
 1 file changed, 4 insertions(+), 10 deletions(-)
Merging hyperv/hyperv-next (154fb14df7a3 x86/hyperv: Replace kmap() with kmap_local_page())
$ git merge -m Merge branch 'hyperv-next' of git://git.kernel.org/pub/scm/linux/kernel/git/hyperv/linux.git hyperv/hyperv-next
Already up to date.
Merging auxdisplay/auxdisplay (13de23494f38 auxdisplay: lcd2s: Use array size explicitly in lcd2s_gotoxy())
$ git merge -m Merge branch 'auxdisplay' of https://github.com/ojeda/linux.git auxdisplay/auxdisplay
Already up to date.
Merging kgdb/kgdb/for-next (c1cb81429df4 kdb: Fix the putarea helper function)
$ git merge -m Merge branch 'kgdb/for-next' of git://git.kernel.org/pub/scm/linux/kernel/git/danielt/linux.git kgdb/kgdb/for-next
Already up to date.
Merging hmm/hmm (6dce3468a04c RDMA/mana_ib: Add a driver for Microsoft Azure Network Adapter)
$ git merge -m Merge branch 'hmm' of git://git.kernel.org/pub/scm/linux/kernel/git/rdma/rdma.git hmm/hmm
Auto-merging MAINTAINERS
Auto-merging drivers/net/ethernet/microsoft/mana/gdma_main.c
Merge made by the 'ort' strategy.
 MAINTAINERS                                        |   4 +
 drivers/infiniband/Kconfig                         |   1 +
 drivers/infiniband/hw/Makefile                     |   1 +
 drivers/infiniband/hw/mana/Kconfig                 |   7 +
 drivers/infiniband/hw/mana/Makefile                |   4 +
 drivers/infiniband/hw/mana/cq.c                    |  80 +++
 drivers/infiniband/hw/mana/device.c                | 129 +++++
 drivers/infiniband/hw/mana/main.c                  | 555 +++++++++++++++++++++
 drivers/infiniband/hw/mana/mana_ib.h               | 165 ++++++
 drivers/infiniband/hw/mana/mr.c                    | 133 +++++
 drivers/infiniband/hw/mana/qp.c                    | 501 +++++++++++++++++++
 drivers/infiniband/hw/mana/wq.c                    | 114 +++++
 drivers/net/ethernet/microsoft/Kconfig             |   1 +
 drivers/net/ethernet/microsoft/mana/gdma_main.c    |  96 +++-
 drivers/net/ethernet/microsoft/mana/hw_channel.c   |   6 +-
 drivers/net/ethernet/microsoft/mana/mana_bpf.c     |   2 +-
 drivers/net/ethernet/microsoft/mana/mana_en.c      | 176 ++++++-
 drivers/net/ethernet/microsoft/mana/mana_ethtool.c |   2 +-
 drivers/net/ethernet/microsoft/mana/shm_channel.c  |   2 +-
 .../ethernet/microsoft => include/net}/mana/gdma.h | 162 +++++-
 .../microsoft => include/net}/mana/hw_channel.h    |   0
 .../ethernet/microsoft => include/net}/mana/mana.h |  23 +-
 include/net/mana/mana_auxiliary.h                  |  10 +
 .../microsoft => include/net}/mana/shm_channel.h   |   0
 include/uapi/rdma/ib_user_ioctl_verbs.h            |   1 +
 include/uapi/rdma/mana-abi.h                       |  66 +++
 26 files changed, 2196 insertions(+), 45 deletions(-)
 create mode 100644 drivers/infiniband/hw/mana/Kconfig
 create mode 100644 drivers/infiniband/hw/mana/Makefile
 create mode 100644 drivers/infiniband/hw/mana/cq.c
 create mode 100644 drivers/infiniband/hw/mana/device.c
 create mode 100644 drivers/infiniband/hw/mana/main.c
 create mode 100644 drivers/infiniband/hw/mana/mana_ib.h
 create mode 100644 drivers/infiniband/hw/mana/mr.c
 create mode 100644 drivers/infiniband/hw/mana/qp.c
 create mode 100644 drivers/infiniband/hw/mana/wq.c
 rename {drivers/net/ethernet/microsoft => include/net}/mana/gdma.h (80%)
 rename {drivers/net/ethernet/microsoft => include/net}/mana/hw_channel.h (100%)
 rename {drivers/net/ethernet/microsoft => include/net}/mana/mana.h (95%)
 create mode 100644 include/net/mana/mana_auxiliary.h
 rename {drivers/net/ethernet/microsoft => include/net}/mana/shm_channel.h (100%)
 create mode 100644 include/uapi/rdma/mana-abi.h
Merging kunit/test (568035b01cfb Linux 6.0-rc1)
$ git merge -m Merge branch 'test' of git://git.kernel.org/pub/scm/linux/kernel/git/shuah/linux-kselftest.git kunit/test
Already up to date.
Merging cfi/cfi/next (312310928417 Linux 5.18-rc1)
$ git merge -m Merge branch 'cfi/next' of git://git.kernel.org/pub/scm/linux/kernel/git/mtd/linux.git cfi/cfi/next
Already up to date.
Merging kunit-next/kunit (e98c4f6afc5e Documentation: kunit: Update description of --alltests option)
$ git merge -m Merge branch 'kunit' of git://git.kernel.org/pub/scm/linux/kernel/git/shuah/linux-kselftest.git kunit-next/kunit
Already up to date.
Merging trivial/for-next (081c8919b02b Documentation: remove trivial tree)
$ git merge -m Merge branch 'for-next' of git://git.kernel.org/pub/scm/linux/kernel/git/jikos/trivial.git trivial/for-next
Already up to date.
Merging mhi/mhi-next (e4e9631b2c88 bus: mhi: host: always print detected modem name)
$ git merge -m Merge branch 'mhi-next' of git://git.kernel.org/pub/scm/linux/kernel/git/mani/mhi.git mhi/mhi-next
Already up to date.
Merging memblock/for-next (3e4519b7afc2 memblock tests: add generic NUMA tests for memblock_alloc_try_nid*)
$ git merge -m Merge branch 'for-next' of git://git.kernel.org/pub/scm/linux/kernel/git/rppt/memblock.git memblock/for-next
Already up to date.
Merging init/init-user-pointers (38b082236e77 initramfs: use vfs_utimes in do_copy)
$ git merge -m Merge branch 'init-user-pointers' of git://git.infradead.org/users/hch/misc.git init/init-user-pointers
Already up to date.
Merging cxl/next (1cd8a2537eb0 cxl/hdm: Fix skip allocations vs multiple pmem allocations)
$ git merge -m Merge branch 'next' of git://git.kernel.org/pub/scm/linux/kernel/git/cxl/cxl.git cxl/next
Already up to date.
Merging folio-iomap/folio-iomap (4d7bd0eb72e5 iomap: Inline __iomap_zero_iter into its caller)
$ git merge -m Merge branch 'folio-iomap' of git://git.infradead.org/users/willy/linux.git folio-iomap/folio-iomap
Already up to date.
Merging zstd/zstd-next (88a309465b3f lib: zstd: clean up double word in comment.)
$ git merge -m Merge branch 'zstd-next' of https://github.com/terrelln/linux.git zstd/zstd-next
Already up to date.
Merging efi/next (d3549a938b73 efi/arm64: libstub: avoid SetVirtualAddressMap() when possible)
$ git merge -m Merge branch 'next' of git://git.kernel.org/pub/scm/linux/kernel/git/efi/efi.git efi/next
Already up to date.
Merging unicode/for-next (b500d6d7243d unicode: Handle memory allocation failures in mkutf8data)
$ git merge -m Merge branch 'for-next' of git://git.kernel.org/pub/scm/linux/kernel/git/krisman/unicode.git unicode/for-next
Merge made by the 'ort' strategy.
 fs/unicode/mkutf8data.c | 38 ++++++++++++++++++++++++--------------
 1 file changed, 24 insertions(+), 14 deletions(-)
Merging slab/for-next (aae2e84b50e1 Merge remote-tracking branch 'slab/for-6.1/common_kmalloc' into slab/for-next)
$ git merge -m Merge branch 'for-next' of git://git.kernel.org/pub/scm/linux/kernel/git/vbabka/slab.git slab/for-next
Auto-merging mm/slab.h
Auto-merging mm/slub.c
Merge made by the 'ort' strategy.
 mm/slab.c |  7 ++++++-
 mm/slab.h | 61 +++++++++++++++++++++++++++++++++++++++----------------------
 mm/slub.c | 39 ++++++++++++++++++++++-----------------
 3 files changed, 67 insertions(+), 40 deletions(-)
Merging random/master (de492c83cae0 prandom: remove unused functions)
$ git merge -m Merge branch 'master' of git://git.kernel.org/pub/scm/linux/kernel/git/crng/random.git random/master
Auto-merging arch/arm/kernel/process.c
Auto-merging arch/arm64/kernel/process.c
Auto-merging arch/parisc/kernel/process.c
Auto-merging arch/powerpc/kernel/process.c
Auto-merging fs/ceph/inode.c
Auto-merging fs/ntfs3/fslog.c
Auto-merging fs/ubifs/journal.c
Auto-merging kernel/bpf/verifier.c
Auto-merging mm/kasan/kasan_test.c
Auto-merging mm/slab.c
Auto-merging mm/slub.c
Auto-merging net/ipv4/tcp_cdg.c
Auto-merging net/ipv4/udp.c
Auto-merging net/sunrpc/xprt.c
Auto-merging net/sunrpc/xprtsock.c
Merge made by the 'ort' strategy.
 Documentation/networking/filter.rst                |  2 +-
 arch/arm/kernel/process.c                          |  2 +-
 arch/arm/kernel/signal.c                           |  2 +-
 arch/arm64/kernel/process.c                        |  2 +-
 arch/arm64/kernel/syscall.c                        |  2 +-
 arch/loongarch/kernel/process.c                    |  2 +-
 arch/loongarch/kernel/vdso.c                       |  2 +-
 arch/mips/kernel/process.c                         |  2 +-
 arch/mips/kernel/vdso.c                            |  2 +-
 arch/parisc/kernel/process.c                       |  2 +-
 arch/parisc/kernel/sys_parisc.c                    |  4 +-
 arch/parisc/kernel/vdso.c                          |  2 +-
 arch/powerpc/crypto/crc-vpmsum_test.c              |  2 +-
 arch/powerpc/kernel/process.c                      |  2 +-
 arch/s390/kernel/process.c                         |  4 +-
 arch/s390/kernel/vdso.c                            |  2 +-
 arch/s390/mm/mmap.c                                |  2 +-
 arch/sparc/vdso/vma.c                              |  2 +-
 arch/um/kernel/process.c                           |  2 +-
 arch/x86/entry/vdso/vma.c                          |  2 +-
 arch/x86/kernel/cpu/amd.c                          |  2 +-
 arch/x86/kernel/module.c                           |  2 +-
 arch/x86/kernel/process.c                          |  2 +-
 arch/x86/mm/pat/cpa-test.c                         |  4 +-
 block/blk-crypto-fallback.c                        |  2 +-
 crypto/async_tx/raid6test.c                        |  2 +-
 crypto/testmgr.c                                   | 94 +++++++++++-----------
 drivers/block/drbd/drbd_receiver.c                 |  4 +-
 drivers/char/random.c                              | 11 ++-
 drivers/dma/dmatest.c                              |  2 +-
 drivers/gpu/drm/i915/gem/i915_gem_execbuffer.c     |  2 +-
 drivers/gpu/drm/i915/i915_gem_gtt.c                |  6 +-
 drivers/gpu/drm/i915/selftests/i915_selftest.c     |  2 +-
 drivers/gpu/drm/tests/drm_buddy_test.c             |  2 +-
 drivers/gpu/drm/tests/drm_mm_test.c                |  2 +-
 drivers/infiniband/core/cma.c                      |  2 +-
 drivers/infiniband/hw/cxgb4/cm.c                   |  4 +-
 drivers/infiniband/hw/cxgb4/id_table.c             |  4 +-
 drivers/infiniband/hw/hfi1/tid_rdma.c              |  2 +-
 drivers/infiniband/hw/hns/hns_roce_ah.c            |  5 +-
 drivers/infiniband/hw/mlx4/mad.c                   |  2 +-
 drivers/infiniband/ulp/ipoib/ipoib_cm.c            |  2 +-
 drivers/infiniband/ulp/rtrs/rtrs-clt.c             |  3 +-
 drivers/md/bcache/request.c                        |  2 +-
 drivers/md/raid5-cache.c                           |  2 +-
 drivers/media/common/v4l2-tpg/v4l2-tpg-core.c      |  2 +-
 drivers/media/test-drivers/vivid/vivid-radio-rx.c  |  4 +-
 drivers/media/test-drivers/vivid/vivid-touch-cap.c |  6 +-
 drivers/misc/habanalabs/gaudi2/gaudi2.c            |  2 +-
 drivers/mmc/core/core.c                            |  4 +-
 drivers/mmc/host/dw_mmc.c                          |  2 +-
 drivers/mtd/nand/raw/nandsim.c                     |  8 +-
 drivers/mtd/tests/mtd_nandecctest.c                | 12 +--
 drivers/mtd/tests/speedtest.c                      |  2 +-
 drivers/mtd/tests/stresstest.c                     | 19 ++---
 drivers/mtd/ubi/debug.c                            |  2 +-
 drivers/mtd/ubi/debug.h                            |  6 +-
 drivers/net/bonding/bond_main.c                    |  2 +-
 drivers/net/ethernet/broadcom/bnxt/bnxt.c          |  2 +-
 drivers/net/ethernet/broadcom/cnic.c               |  5 +-
 .../chelsio/inline_crypto/chtls/chtls_cm.c         |  4 +-
 .../chelsio/inline_crypto/chtls/chtls_io.c         |  4 +-
 drivers/net/ethernet/rocker/rocker_main.c          |  8 +-
 drivers/net/hamradio/baycom_epp.c                  |  2 +-
 drivers/net/hamradio/hdlcdrv.c                     |  2 +-
 drivers/net/hamradio/yam.c                         |  2 +-
 drivers/net/phy/at803x.c                           |  2 +-
 drivers/net/wireguard/selftest/allowedips.c        | 16 ++--
 .../net/wireless/broadcom/brcm80211/brcmfmac/p2p.c |  2 +-
 .../net/wireless/broadcom/brcm80211/brcmfmac/pno.c |  2 +-
 drivers/net/wireless/intel/iwlwifi/mvm/mac-ctxt.c  |  2 +-
 drivers/net/wireless/marvell/mwifiex/cfg80211.c    |  4 +-
 drivers/net/wireless/microchip/wilc1000/cfg80211.c |  2 +-
 drivers/net/wireless/quantenna/qtnfmac/cfg80211.c  |  2 +-
 drivers/net/wireless/st/cw1200/wsm.c               |  2 +-
 drivers/net/wireless/ti/wlcore/main.c              |  2 +-
 drivers/nvme/common/auth.c                         |  2 +-
 drivers/scsi/cxgbi/cxgb4i/cxgb4i.c                 |  4 +-
 drivers/scsi/fcoe/fcoe_ctlr.c                      |  4 +-
 drivers/scsi/lpfc/lpfc_hbadisc.c                   |  6 +-
 drivers/scsi/qedi/qedi_main.c                      |  2 +-
 drivers/target/iscsi/cxgbit/cxgbit_cm.c            |  2 +-
 drivers/thunderbolt/xdomain.c                      |  2 +-
 drivers/video/fbdev/uvesafb.c                      |  2 +-
 fs/ceph/inode.c                                    |  2 +-
 fs/ceph/mdsmap.c                                   |  2 +-
 fs/exfat/inode.c                                   |  2 +-
 fs/ext2/ialloc.c                                   |  3 +-
 fs/ext4/ialloc.c                                   |  7 +-
 fs/ext4/ioctl.c                                    |  4 +-
 fs/ext4/mmp.c                                      |  2 +-
 fs/ext4/super.c                                    |  7 +-
 fs/f2fs/gc.c                                       |  2 +-
 fs/f2fs/namei.c                                    |  2 +-
 fs/f2fs/segment.c                                  |  8 +-
 fs/fat/inode.c                                     |  2 +-
 fs/nfsd/nfs4state.c                                |  4 +-
 fs/ntfs3/fslog.c                                   |  6 +-
 fs/ubifs/debug.c                                   | 10 +--
 fs/ubifs/journal.c                                 |  2 +-
 fs/ubifs/lpt_commit.c                              | 14 ++--
 fs/ubifs/tnc_commit.c                              |  2 +-
 fs/xfs/libxfs/xfs_alloc.c                          |  2 +-
 fs/xfs/libxfs/xfs_ialloc.c                         |  4 +-
 fs/xfs/xfs_error.c                                 |  2 +-
 fs/xfs/xfs_icache.c                                |  2 +-
 fs/xfs/xfs_log.c                                   |  2 +-
 include/linux/nodemask.h                           |  2 +-
 include/linux/prandom.h                            | 12 ---
 include/linux/random.h                             |  5 --
 include/net/netfilter/nf_queue.h                   |  2 +-
 include/net/red.h                                  |  2 +-
 include/net/sock.h                                 |  2 +-
 kernel/bpf/bloom_filter.c                          |  2 +-
 kernel/bpf/core.c                                  |  6 +-
 kernel/bpf/hashtab.c                               |  2 +-
 kernel/bpf/verifier.c                              |  2 +-
 kernel/kcsan/selftest.c                            |  4 +-
 kernel/locking/test-ww_mutex.c                     |  4 +-
 kernel/time/clocksource.c                          |  2 +-
 lib/cmdline_kunit.c                                |  4 +-
 lib/fault-inject.c                                 |  2 +-
 lib/find_bit_benchmark.c                           |  4 +-
 lib/kobject.c                                      |  2 +-
 lib/random32.c                                     |  4 +-
 lib/reed_solomon/test_rslib.c                      | 12 +--
 lib/sbitmap.c                                      |  4 +-
 lib/test-string_helpers.c                          |  2 +-
 lib/test_fprobe.c                                  |  2 +-
 lib/test_hexdump.c                                 | 10 +--
 lib/test_kprobes.c                                 |  2 +-
 lib/test_list_sort.c                               |  2 +-
 lib/test_min_heap.c                                |  6 +-
 lib/test_objagg.c                                  |  2 +-
 lib/test_rhashtable.c                              |  6 +-
 lib/test_vmalloc.c                                 | 19 ++---
 lib/uuid.c                                         |  2 +-
 mm/kasan/kasan_test.c                              |  6 +-
 mm/shmem.c                                         |  2 +-
 mm/slab.c                                          |  2 +-
 mm/slub.c                                          |  2 +-
 net/802/garp.c                                     |  2 +-
 net/802/mrp.c                                      |  2 +-
 net/ceph/mon_client.c                              |  2 +-
 net/ceph/osd_client.c                              |  2 +-
 net/core/neighbour.c                               |  2 +-
 net/core/pktgen.c                                  | 47 ++++++-----
 net/core/stream.c                                  |  2 +-
 net/dccp/ipv4.c                                    |  4 +-
 net/ipv4/datagram.c                                |  2 +-
 net/ipv4/igmp.c                                    |  6 +-
 net/ipv4/inet_connection_sock.c                    |  2 +-
 net/ipv4/inet_hashtables.c                         |  2 +-
 net/ipv4/ip_output.c                               |  2 +-
 net/ipv4/route.c                                   |  4 +-
 net/ipv4/tcp_cdg.c                                 |  2 +-
 net/ipv4/tcp_ipv4.c                                |  4 +-
 net/ipv4/udp.c                                     |  2 +-
 net/ipv6/addrconf.c                                |  8 +-
 net/ipv6/ip6_flowlabel.c                           |  2 +-
 net/ipv6/mcast.c                                   | 10 +--
 net/ipv6/output_core.c                             |  2 +-
 net/mac80211/rc80211_minstrel_ht.c                 |  2 +-
 net/mac80211/scan.c                                |  2 +-
 net/netfilter/ipvs/ip_vs_conn.c                    |  2 +-
 net/netfilter/ipvs/ip_vs_twos.c                    |  4 +-
 net/netfilter/nf_nat_core.c                        |  4 +-
 net/netfilter/xt_statistic.c                       |  2 +-
 net/openvswitch/actions.c                          |  2 +-
 net/packet/af_packet.c                             |  2 +-
 net/rds/bind.c                                     |  2 +-
 net/sched/act_gact.c                               |  2 +-
 net/sched/act_sample.c                             |  2 +-
 net/sched/sch_cake.c                               |  8 +-
 net/sched/sch_netem.c                              | 22 ++---
 net/sched/sch_pie.c                                |  2 +-
 net/sched/sch_sfb.c                                |  2 +-
 net/sctp/socket.c                                  |  4 +-
 net/sunrpc/auth_gss/gss_krb5_wrap.c                |  4 +-
 net/sunrpc/cache.c                                 |  2 +-
 net/sunrpc/xprt.c                                  |  2 +-
 net/sunrpc/xprtsock.c                              |  2 +-
 net/tipc/socket.c                                  |  2 +-
 net/unix/af_unix.c                                 |  2 +-
 net/xfrm/xfrm_state.c                              |  2 +-
 185 files changed, 378 insertions(+), 421 deletions(-)
Merging landlock/next (a11599bd6ca6 landlock: Document Landlock's file truncation support)
$ git merge -m Merge branch 'next' of git://git.kernel.org/pub/scm/linux/kernel/git/mic/linux.git landlock/next
Auto-merging fs/namei.c
Auto-merging fs/open.c
Auto-merging include/linux/lsm_hook_defs.h
Auto-merging include/linux/lsm_hooks.h
Auto-merging include/linux/security.h
Auto-merging security/apparmor/lsm.c
Auto-merging security/security.c
Merge made by the 'ort' strategy.
 Documentation/userspace-api/landlock.rst     |  67 +++-
 fs/namei.c                                   |   2 +-
 fs/open.c                                    |   2 +-
 include/linux/lsm_hook_defs.h                |   1 +
 include/linux/lsm_hooks.h                    |  10 +-
 include/linux/security.h                     |   6 +
 include/uapi/linux/landlock.h                |  21 +-
 samples/landlock/sandboxer.c                 |  12 +-
 security/apparmor/lsm.c                      |   6 +
 security/landlock/fs.c                       | 206 +++++++++---
 security/landlock/fs.h                       |  24 ++
 security/landlock/limits.h                   |   2 +-
 security/landlock/setup.c                    |   1 +
 security/landlock/syscalls.c                 |   2 +-
 security/security.c                          |   5 +
 security/tomoyo/tomoyo.c                     |  13 +
 tools/testing/selftests/landlock/base_test.c |  38 +--
 tools/testing/selftests/landlock/common.h    |  85 ++++-
 tools/testing/selftests/landlock/fs_test.c   | 468 ++++++++++++++++++++++++++-
 19 files changed, 856 insertions(+), 115 deletions(-)
Merging rust/rust-next (fd9517a1603f init/Kconfig: Specify the interpreter for rust_is_available.sh)
$ git merge -m Merge branch 'rust-next' of https://github.com/Rust-for-Linux/linux.git rust/rust-next
Auto-merging init/Kconfig
Merge made by the 'ort' strategy.
 init/Kconfig | 8 +++++++-
 1 file changed, 7 insertions(+), 1 deletion(-)
Merging sysctl/sysctl-next (c06a17fe056b kernel/sysctl-test: use SYSCTL_{ZERO/ONE_HUNDRED} instead of i_{zero/one_hundred})
$ git merge -m Merge branch 'sysctl-next' of git://git.kernel.org/pub/scm/linux/kernel/git/mcgrof/linux.git sysctl/sysctl-next
Already up to date.
Merging folio/for-next (03b33c09ea22 fs: remove the NULL get_block case in mpage_writepages)
$ git merge -m Merge branch 'for-next' of git://git.infradead.org/users/willy/pagecache.git folio/for-next
Auto-merging Documentation/filesystems/locking.rst
Auto-merging Documentation/filesystems/vfs.rst
Auto-merging block/fops.c
Auto-merging block/partitions/core.c
Auto-merging drivers/gpu/drm/i915/gem/i915_gem_userptr.c
Auto-merging drivers/misc/vmw_balloon.c
Auto-merging drivers/virtio/virtio_balloon.c
Auto-merging fs/aio.c
Auto-merging fs/btrfs/disk-io.c
Auto-merging fs/btrfs/inode.c
Auto-merging fs/buffer.c
Auto-merging fs/ext2/inode.c
Auto-merging fs/ext2/namei.c
Auto-merging fs/ext2/super.c
Auto-merging fs/ext4/inode.c
Auto-merging fs/f2fs/checkpoint.c
Auto-merging fs/f2fs/data.c
Auto-merging fs/f2fs/f2fs.h
Auto-merging fs/f2fs/node.c
Auto-merging fs/gfs2/aops.c
Auto-merging fs/gfs2/lops.c
Auto-merging fs/hostfs/hostfs_kern.c
Auto-merging fs/hugetlbfs/inode.c
Auto-merging fs/iomap/buffered-io.c
Auto-merging fs/mpage.c
Auto-merging fs/nfs/file.c
Auto-merging fs/nfs/internal.h
Auto-merging fs/nfs/write.c
Auto-merging fs/ntfs/aops.c
Auto-merging fs/ntfs3/inode.c
Auto-merging fs/ocfs2/aops.c
Auto-merging fs/ocfs2/refcounttree.c
Auto-merging fs/squashfs/file.c
Auto-merging fs/zonefs/super.c
Auto-merging include/linux/buffer_head.h
Auto-merging include/linux/fs.h
Auto-merging include/linux/iomap.h
Auto-merging include/linux/migrate.h
CONFLICT (content): Merge conflict in include/linux/migrate.h
Auto-merging include/linux/page-flags.h
Auto-merging include/linux/pagemap.h
Auto-merging mm/compaction.c
Auto-merging mm/folio-compat.c
Auto-merging mm/ksm.c
Auto-merging mm/migrate.c
CONFLICT (content): Merge conflict in mm/migrate.c
Auto-merging mm/migrate_device.c
CONFLICT (content): Merge conflict in mm/migrate_device.c
Auto-merging mm/secretmem.c
Auto-merging mm/shmem.c
Auto-merging mm/swap_state.c
Auto-merging mm/util.c
Auto-merging mm/zsmalloc.c
Recorded preimage for 'include/linux/migrate.h'
Recorded preimage for 'mm/migrate.c'
Recorded preimage for 'mm/migrate_device.c'
Automatic merge failed; fix conflicts and then commit the result.
$ git commit --no-edit -v -a
Recorded resolution for 'include/linux/migrate.h'.
Recorded resolution for 'mm/migrate.c'.
Recorded resolution for 'mm/migrate_device.c'.
[master 8a7d24cedf72] Merge branch 'for-next' of git://git.infradead.org/users/willy/pagecache.git
$ git diff -M --stat --summary HEAD^..
 fs/btrfs/disk-io.c | 19 ++++++++-----------
 1 file changed, 8 insertions(+), 11 deletions(-)
Merging execve/for-next/execve (9f4beead610c binfmt: remove taso from linux_binprm struct)
$ git merge -m Merge branch 'for-next/execve' of git://git.kernel.org/pub/scm/linux/kernel/git/kees/linux.git execve/for-next/execve
Already up to date.
Merging bitmap/bitmap-for-next (27bc50fc9064 Merge tag 'mm-stable-2022-10-08' of git://git.kernel.org/pub/scm/linux/kernel/git/akpm/mm)
$ git merge -m Merge branch 'bitmap-for-next' of https://github.com/norov/linux.git bitmap/bitmap-for-next
Already up to date.
Merging hte/for-next (568035b01cfb Linux 6.0-rc1)
$ git merge -m Merge branch 'for-next' of git://git.kernel.org/pub/scm/linux/kernel/git/pateldipen1984/linux.git hte/for-next
Already up to date.
Merging kspp/for-next/kspp (7a8c84e1d528 Merge branch 'for-next/kcfi' into for-next/kspp)
$ git merge -m Merge branch 'for-next/kspp' of git://git.kernel.org/pub/scm/linux/kernel/git/kees/linux.git kspp/for-next/kspp
Auto-merging MAINTAINERS
Auto-merging Makefile
Auto-merging include/linux/compiler.h
Auto-merging include/linux/overflow.h
Auto-merging lib/Kconfig.debug
Auto-merging lib/Makefile
Auto-merging scripts/Makefile.extrawarn
Merge made by the 'ort' strategy.
Merging kspp-gustavo/for-next/kspp (0811296c55b7 exportfs: Replace zero-length array with DECLARE_FLEX_ARRAY() helper)
$ git merge -m Merge branch 'for-next/kspp' of git://git.kernel.org/pub/scm/linux/kernel/git/gustavoars/linux.git kspp-gustavo/for-next/kspp
Auto-merging include/linux/memremap.h
Merge made by the 'ort' strategy.
 include/linux/exportfs.h | 2 +-
 include/linux/memremap.h | 2 +-
 2 files changed, 2 insertions(+), 2 deletions(-)
Merging mm-stable/mm-stable (ef6e06b2ef87 highmem: fix kmap_to_page() for kmap_local_page() addresses)
$ git merge -m Merge branch 'mm-stable' of git://git.kernel.org/pub/scm/linux/kernel/git/akpm/mm mm-stable/mm-stable
Already up to date.
Merging mm-nonmm-stable/mm-nonmm-stable (6a961bffd1c3 include/linux/entry-common.h: remove has_signal comment of arch_do_signal_or_restart() prototype)
$ git merge -m Merge branch 'mm-nonmm-stable' of git://git.kernel.org/pub/scm/linux/kernel/git/akpm/mm mm-nonmm-stable/mm-nonmm-stable
Already up to date.
Merging mm/mm-everything (4891e769fbc9 Merge branch 'mm-nonmm-unstable' into mm-everything)
$ git merge -m Merge branch 'mm-everything' of git://git.kernel.org/pub/scm/linux/kernel/git/akpm/mm mm/mm-everything
Auto-merging .mailmap
Auto-merging Documentation/admin-guide/sysctl/kernel.rst
Auto-merging Documentation/admin-guide/sysctl/kernel.rst
Auto-merging MAINTAINERS
Auto-merging arch/mips/configs/generic_defconfig
Auto-merging arch/sh/configs/urquell_defconfig
Auto-merging drivers/block/zram/zram_drv.c
Auto-merging drivers/dax/hmem/device.c
Auto-merging drivers/gpu/drm/amd/amdkfd/kfd_migrate.c
CONFLICT (content): Merge conflict in drivers/gpu/drm/amd/amdkfd/kfd_migrate.c
Auto-merging drivers/gpu/drm/amd/amdkfd/kfd_svm.c
Auto-merging drivers/iommu/tegra-smmu.c
Auto-merging fs/buffer.c
Auto-merging fs/coredump.c
Auto-merging fs/debugfs/file.c
Auto-merging fs/ext4/verity.c
Auto-merging fs/f2fs/verity.c
Auto-merging fs/isofs/compress.c
Auto-merging fs/nilfs2/segment.c
Auto-merging fs/ocfs2/super.c
Auto-merging fs/proc/internal.h
Auto-merging include/linux/debugfs.h
Auto-merging include/linux/fs.h
Auto-merging include/linux/hugetlb.h
Auto-merging include/linux/memremap.h
Auto-merging init/Kconfig
Auto-merging init/main.c
Auto-merging init/main.c
Auto-merging kernel/exit.c
Auto-merging kernel/fork.c
Auto-merging lib/Kconfig.debug
Auto-merging lib/fault-inject.c
Auto-merging mm/damon/core.c
Auto-merging mm/damon/sysfs.c
Auto-merging mm/gup.c
Auto-merging mm/hugetlb.c
Auto-merging mm/kasan/kasan_test.c
Auto-merging mm/page_alloc.c
Auto-merging mm/util.c
Auto-merging tools/testing/selftests/vm/hmm-tests.c
Resolved 'drivers/gpu/drm/amd/amdkfd/kfd_migrate.c' using previous resolution.
Automatic merge failed; fix conflicts and then commit the result.
$ git commit --no-edit -v -a
[master d3596d626772] Merge branch 'mm-everything' of git://git.kernel.org/pub/scm/linux/kernel/git/akpm/mm
$ git diff -M --stat --summary HEAD^..
 Documentation/admin-guide/sysctl/kernel.rst       |  1 +
 Documentation/fault-injection/fault-injection.rst | 10 ++---
 Documentation/mm/balance.rst                      |  2 +-
 drivers/iommu/tegra-smmu.c                        |  4 +-
 fs/coredump.c                                     |  5 +++
 fs/debugfs/file.c                                 | 28 ++++++++++---
 fs/libfs.c                                        | 22 ++++++++--
 fs/ocfs2/namei.c                                  | 49 +++++++++++++----------
 fs/ocfs2/namei.h                                  |  2 +
 fs/ocfs2/refcounttree.c                           | 15 +++++--
 fs/ocfs2/xattr.c                                  | 12 +-----
 fs/ocfs2/xattr.h                                  |  1 +
 include/linux/coredump.h                          |  1 +
 include/linux/debugfs.h                           | 19 ++++++++-
 include/linux/fs.h                                | 12 +++++-
 include/linux/gfp_types.h                         | 12 ++----
 include/trace/events/mmflags.h                    |  1 -
 init/main.c                                       | 25 +++++++-----
 lib/Kconfig.debug                                 |  1 -
 lib/debugobjects.c                                | 10 +++++
 lib/fault-inject.c                                | 22 ++++++----
 lib/notifier-error-inject.c                       |  2 +-
 lib/test_printf.c                                 |  8 ++--
 mm/internal.h                                     |  2 +-
 mm/page_alloc.c                                   | 16 ++------
 mm/vmscan.c                                       | 10 ++---
 tools/perf/builtin-kmem.c                         |  1 -
 27 files changed, 181 insertions(+), 112 deletions(-)
